Archive member included to satisfy reference by file (symbol)

c:/program files (x86)/atollic/truestudio for stm32 9.0.0/armtools/bin/../lib/gcc/arm-atollic-eabi/6.3.1/../../../../arm-atollic-eabi/lib/armv7-m\libc_nano.a(lib_a-atof.o)
                              Src\WW_CMD.o (atof)
c:/program files (x86)/atollic/truestudio for stm32 9.0.0/armtools/bin/../lib/gcc/arm-atollic-eabi/6.3.1/../../../../arm-atollic-eabi/lib/armv7-m\libc_nano.a(lib_a-atoi.o)
                              Src\WW_CMD.o (atoi)
c:/program files (x86)/atollic/truestudio for stm32 9.0.0/armtools/bin/../lib/gcc/arm-atollic-eabi/6.3.1/../../../../arm-atollic-eabi/lib/armv7-m\libc_nano.a(lib_a-efgcvt.o)
                              Src\WW_PP.o (gcvt)
c:/program files (x86)/atollic/truestudio for stm32 9.0.0/armtools/bin/../lib/gcc/arm-atollic-eabi/6.3.1/../../../../arm-atollic-eabi/lib/armv7-m\libc_nano.a(lib_a-impure.o)
                              c:/program files (x86)/atollic/truestudio for stm32 9.0.0/armtools/bin/../lib/gcc/arm-atollic-eabi/6.3.1/../../../../arm-atollic-eabi/lib/armv7-m\libc_nano.a(lib_a-efgcvt.o) (_impure_ptr)
c:/program files (x86)/atollic/truestudio for stm32 9.0.0/armtools/bin/../lib/gcc/arm-atollic-eabi/6.3.1/../../../../arm-atollic-eabi/lib/armv7-m\libc_nano.a(lib_a-init.o)
                              startup\startup_stm32l152xc.o (__libc_init_array)
c:/program files (x86)/atollic/truestudio for stm32 9.0.0/armtools/bin/../lib/gcc/arm-atollic-eabi/6.3.1/../../../../arm-atollic-eabi/lib/armv7-m\libc_nano.a(lib_a-memset.o)
                              Src\WW_CMD.o (memset)
c:/program files (x86)/atollic/truestudio for stm32 9.0.0/armtools/bin/../lib/gcc/arm-atollic-eabi/6.3.1/../../../../arm-atollic-eabi/lib/armv7-m\libc_nano.a(lib_a-sprintf.o)
                              Src\WW_CMD.o (sprintf)
c:/program files (x86)/atollic/truestudio for stm32 9.0.0/armtools/bin/../lib/gcc/arm-atollic-eabi/6.3.1/../../../../arm-atollic-eabi/lib/armv7-m\libc_nano.a(lib_a-strcpy.o)
                              Src\WW_CMD.o (strcpy)
c:/program files (x86)/atollic/truestudio for stm32 9.0.0/armtools/bin/../lib/gcc/arm-atollic-eabi/6.3.1/../../../../arm-atollic-eabi/lib/armv7-m\libc_nano.a(lib_a-strncmp.o)
                              Src\WW_CMD.o (strncmp)
c:/program files (x86)/atollic/truestudio for stm32 9.0.0/armtools/bin/../lib/gcc/arm-atollic-eabi/6.3.1/../../../../arm-atollic-eabi/lib/armv7-m\libc_nano.a(lib_a-strtod.o)
                              c:/program files (x86)/atollic/truestudio for stm32 9.0.0/armtools/bin/../lib/gcc/arm-atollic-eabi/6.3.1/../../../../arm-atollic-eabi/lib/armv7-m\libc_nano.a(lib_a-atof.o) (strtod)
c:/program files (x86)/atollic/truestudio for stm32 9.0.0/armtools/bin/../lib/gcc/arm-atollic-eabi/6.3.1/../../../../arm-atollic-eabi/lib/armv7-m\libc_nano.a(lib_a-strtok.o)
                              Src\WW_CMD.o (strtok)
c:/program files (x86)/atollic/truestudio for stm32 9.0.0/armtools/bin/../lib/gcc/arm-atollic-eabi/6.3.1/../../../../arm-atollic-eabi/lib/armv7-m\libc_nano.a(lib_a-strtok_r.o)
                              c:/program files (x86)/atollic/truestudio for stm32 9.0.0/armtools/bin/../lib/gcc/arm-atollic-eabi/6.3.1/../../../../arm-atollic-eabi/lib/armv7-m\libc_nano.a(lib_a-strtok.o) (__strtok_r)
c:/program files (x86)/atollic/truestudio for stm32 9.0.0/armtools/bin/../lib/gcc/arm-atollic-eabi/6.3.1/../../../../arm-atollic-eabi/lib/armv7-m\libc_nano.a(lib_a-strtol.o)
                              c:/program files (x86)/atollic/truestudio for stm32 9.0.0/armtools/bin/../lib/gcc/arm-atollic-eabi/6.3.1/../../../../arm-atollic-eabi/lib/armv7-m\libc_nano.a(lib_a-atoi.o) (_strtol_r)
c:/program files (x86)/atollic/truestudio for stm32 9.0.0/armtools/bin/../lib/gcc/arm-atollic-eabi/6.3.1/../../../../arm-atollic-eabi/lib/armv7-m\libc_nano.a(lib_a-ecvtbuf.o)
                              c:/program files (x86)/atollic/truestudio for stm32 9.0.0/armtools/bin/../lib/gcc/arm-atollic-eabi/6.3.1/../../../../arm-atollic-eabi/lib/armv7-m\libc_nano.a(lib_a-efgcvt.o) (fcvtbuf)
c:/program files (x86)/atollic/truestudio for stm32 9.0.0/armtools/bin/../lib/gcc/arm-atollic-eabi/6.3.1/../../../../arm-atollic-eabi/lib/armv7-m\libc_nano.a(lib_a-gdtoa-gethex.o)
                              c:/program files (x86)/atollic/truestudio for stm32 9.0.0/armtools/bin/../lib/gcc/arm-atollic-eabi/6.3.1/../../../../arm-atollic-eabi/lib/armv7-m\libc_nano.a(lib_a-strtod.o) (__gethex)
c:/program files (x86)/atollic/truestudio for stm32 9.0.0/armtools/bin/../lib/gcc/arm-atollic-eabi/6.3.1/../../../../arm-atollic-eabi/lib/armv7-m\libc_nano.a(lib_a-gdtoa-hexnan.o)
                              c:/program files (x86)/atollic/truestudio for stm32 9.0.0/armtools/bin/../lib/gcc/arm-atollic-eabi/6.3.1/../../../../arm-atollic-eabi/lib/armv7-m\libc_nano.a(lib_a-strtod.o) (__match)
[...]
Memory Configuration

Name             Origin             Length             Attributes
RAM              0x20000000         0x00008000         xrw
FLASH            0x08000000         0x00040000         xr
*default*        0x00000000         0xffffffff

Linker script and memory map

LOAD c:/program files (x86)/atollic/truestudio for stm32 9.0.0/armtools/bin/../lib/gcc/arm-atollic-eabi/6.3.1/armv7-m/crti.o
LOAD c:/program files (x86)/atollic/truestudio for stm32 9.0.0/armtools/bin/../lib/gcc/arm-atollic-eabi/6.3.1/armv7-m/crtbegin.o
LOAD Drivers\STM32L1xx_HAL_Driver\Src\stm32l1xx_hal.o
LOAD Drivers\STM32L1xx_HAL_Driver\Src\stm32l1xx_hal_cortex.o
LOAD Drivers\STM32L1xx_HAL_Driver\Src\stm32l1xx_hal_dma.o
LOAD Drivers\STM32L1xx_HAL_Driver\Src\stm32l1xx_hal_flash.o
LOAD Drivers\STM32L1xx_HAL_Driver\Src\stm32l1xx_hal_flash_ex.o
LOAD Drivers\STM32L1xx_HAL_Driver\Src\stm32l1xx_hal_flash_ramfunc.o
LOAD Drivers\STM32L1xx_HAL_Driver\Src\stm32l1xx_hal_gpio.o
LOAD Drivers\STM32L1xx_HAL_Driver\Src\stm32l1xx_hal_i2c.o
LOAD Drivers\STM32L1xx_HAL_Driver\Src\stm32l1xx_hal_pwr.o
LOAD Drivers\STM32L1xx_HAL_Driver\Src\stm32l1xx_hal_pwr_ex.o
LOAD Drivers\STM32L1xx_HAL_Driver\Src\stm32l1xx_hal_rcc.o
LOAD Drivers\STM32L1xx_HAL_Driver\Src\stm32l1xx_hal_rcc_ex.o
LOAD Drivers\STM32L1xx_HAL_Driver\Src\stm32l1xx_hal_tim.o
LOAD Drivers\STM32L1xx_HAL_Driver\Src\stm32l1xx_hal_tim_ex.o
LOAD Drivers\STM32L1xx_HAL_Driver\Src\stm32l1xx_hal_uart.o
LOAD Src\WW_CMD.o
LOAD Src\WW_Defs.o
LOAD Src\WW_Loc.o
LOAD Src\WW_PP.o
LOAD Src\WW_Sen.o
LOAD Src\gpio.o
LOAD Src\i2c.o
LOAD Src\main.o
LOAD Src\pid_controller.o
LOAD Src\stm32l1xx_hal_msp.o
LOAD Src\stm32l1xx_it.o
LOAD Src\system_stm32l1xx.o
LOAD Src\tim.o
LOAD Src\usart.o
LOAD startup\startup_stm32l152xc.o
                0x00000080                malloc_getpagesize_P = 0x80
START GROUP
LOAD c:/program files (x86)/atollic/truestudio for stm32 9.0.0/armtools/bin/../lib/gcc/arm-atollic-eabi/6.3.1/../../../../arm-atollic-eabi/lib/armv7-m\libc_nano.a
LOAD c:/program files (x86)/atollic/truestudio for stm32 9.0.0/armtools/bin/../lib/gcc/arm-atollic-eabi/6.3.1/../../../../arm-atollic-eabi/lib/armv7-m\libm.a
END GROUP
START GROUP
LOAD c:/program files (x86)/atollic/truestudio for stm32 9.0.0/armtools/bin/../lib/gcc/arm-atollic-eabi/6.3.1/armv7-m\libgcc.a
LOAD c:/program files (x86)/atollic/truestudio for stm32 9.0.0/armtools/bin/../lib/gcc/arm-atollic-eabi/6.3.1/../../../../arm-atollic-eabi/lib/armv7-m\libc_nano.a
END GROUP
START GROUP
LOAD c:/program files (x86)/atollic/truestudio for stm32 9.0.0/armtools/bin/../lib/gcc/arm-atollic-eabi/6.3.1/armv7-m\libgcc.a
LOAD c:/program files (x86)/atollic/truestudio for stm32 9.0.0/armtools/bin/../lib/gcc/arm-atollic-eabi/6.3.1/../../../../arm-atollic-eabi/lib/armv7-m\libc_nano.a
LOAD c:/program files (x86)/atollic/truestudio for stm32 9.0.0/armtools/bin/../lib/gcc/arm-atollic-eabi/6.3.1/../../../../arm-atollic-eabi/lib/armv7-m\libnosys.a
END GROUP
START GROUP
LOAD c:/program files (x86)/atollic/truestudio for stm32 9.0.0/armtools/bin/../lib/gcc/arm-atollic-eabi/6.3.1/armv7-m\libgcc.a
LOAD c:/program files (x86)/atollic/truestudio for stm32 9.0.0/armtools/bin/../lib/gcc/arm-atollic-eabi/6.3.1/../../../../arm-atollic-eabi/lib/armv7-m\libc_nano.a
LOAD c:/program files (x86)/atollic/truestudio for stm32 9.0.0/armtools/bin/../lib/gcc/arm-atollic-eabi/6.3.1/../../../../arm-atollic-eabi/lib/armv7-m\libnosys.a
END GROUP
LOAD c:/program files (x86)/atollic/truestudio for stm32 9.0.0/armtools/bin/../lib/gcc/arm-atollic-eabi/6.3.1/armv7-m/crtend.o
LOAD c:/program files (x86)/atollic/truestudio for stm32 9.0.0/armtools/bin/../lib/gcc/arm-atollic-eabi/6.3.1/armv7-m/crtn.o
                0x20008000                _estack = 0x20008000
                0x00000200                _Min_Heap_Size = 0x200
                0x00000400                _Min_Stack_Size = 0x400

.isr_vector     0x08000000      0x13c
                0x08000000                . = ALIGN (0x4)
 *(.isr_vector)
 .isr_vector    0x08000000      0x13c startup\startup_stm32l152xc.o
                0x08000000                g_pfnVectors
                0x0800013c                . = ALIGN (0x4)

.text           0x08000140     0x8bbc
                0x08000140                . = ALIGN (0x4)
 *(.text)
 .text          0x08000140       0x40 c:/program files (x86)/atollic/truestudio for stm32 9.0.0/armtools/bin/../lib/gcc/arm-atollic-eabi/6.3.1/armv7-m/crtbegin.o
 .text          0x08000180       0x10 c:/program files (x86)/atollic/truestudio for stm32 9.0.0/armtools/bin/../lib/gcc/arm-atollic-eabi/6.3.1/../../../../arm-atollic-eabi/lib/armv7-m\libc_nano.a(lib_a-strlen.o)
                0x08000180                strlen
 .text          0x08000190      0x370 c:/program files (x86)/atollic/truestudio for stm32 9.0.0/armtools/bin/../lib/gcc/arm-atollic-eabi/6.3.1/armv7-m\libgcc.a(_arm_addsubdf3.o)
                0x08000190                __aeabi_drsub
                0x08000198                __aeabi_dsub
                0x08000198                __subdf3
                0x0800019c                __aeabi_dadd
                0x0800019c                __adddf3
                0x08000414                __floatunsidf
                0x08000414                __aeabi_ui2d
                0x08000434                __floatsidf
                0x08000434                __aeabi_i2d
                0x08000458                __aeabi_f2d
                0x08000458                __extendsfdf2
                0x08000494                __floatundidf
                0x08000494                __aeabi_ul2d
                0x080004a4                __floatdidf
                0x080004a4                __aeabi_l2d
 .text          0x08000500      0x424 c:/program files (x86)/atollic/truestudio for stm32 9.0.0/armtools/bin/../lib/gcc/arm-atollic-eabi/6.3.1/armv7-m\libgcc.a(_arm_muldivdf3.o)
                0x08000500                __aeabi_dmul
                0x08000500                __muldf3
                0x08000754                __divdf3
                0x08000754                __aeabi_ddiv
 .text          0x08000924      0x110 c:/program files (x86)/atollic/truestudio for stm32 9.0.0/armtools/bin/../lib/gcc/arm-atollic-eabi/6.3.1/armv7-m\libgcc.a(_arm_cmpdf2.o)
                0x08000924                __gtdf2
                0x08000924                __gedf2
                0x0800092c                __ltdf2
                0x0800092c                __ledf2
                0x08000934                __nedf2
                0x08000934                __eqdf2
                0x08000934                __cmpdf2
                0x080009b0                __aeabi_cdrcmple
                0x080009c0                __aeabi_cdcmpeq
                0x080009c0                __aeabi_cdcmple
                0x080009d0                __aeabi_dcmpeq
                0x080009e4                __aeabi_dcmplt
                0x080009f8                __aeabi_dcmple
                0x08000a0c                __aeabi_dcmpge
                0x08000a20                __aeabi_dcmpgt
 .text          0x08000a34       0x50 c:/program files (x86)/atollic/truestudio for stm32 9.0.0/armtools/bin/../lib/gcc/arm-atollic-eabi/6.3.1/armv7-m\libgcc.a(_arm_fixdfsi.o)
                0x08000a34                __aeabi_d2iz
                0x08000a34                __fixdfsi
 .text          0x08000a84       0x40 c:/program files (x86)/atollic/truestudio for stm32 9.0.0/armtools/bin/../lib/gcc/arm-atollic-eabi/6.3.1/armv7-m\libgcc.a(_arm_fixunsdfsi.o)
                0x08000a84                __aeabi_d2uiz
                0x08000a84                __fixunsdfsi
 .text          0x08000ac4       0xa0 c:/program files (x86)/atollic/truestudio for stm32 9.0.0/armtools/bin/../lib/gcc/arm-atollic-eabi/6.3.1/armv7-m\libgcc.a(_arm_truncdfsf2.o)
                0x08000ac4                __truncdfsf2
                0x08000ac4                __aeabi_d2f
 .text          0x08000b64      0x21c c:/program files (x86)/atollic/truestudio for stm32 9.0.0/armtools/bin/../lib/gcc/arm-atollic-eabi/6.3.1/armv7-m\libgcc.a(_arm_addsubsf3.o)
                0x08000b64                __aeabi_frsub
                0x08000b6c                __subsf3
                0x08000b6c                __aeabi_fsub
                0x08000b70                __aeabi_fadd
                0x08000b70                __addsf3
                0x08000cd0                __aeabi_ui2f
                0x08000cd0                __floatunsisf
                0x08000cd8                __aeabi_i2f
                0x08000cd8                __floatsisf
                0x08000cf4                __aeabi_ul2f
                0x08000cf4                __floatundisf
                0x08000d04                __aeabi_l2f
                0x08000d04                __floatdisf
 .text          0x08000d80      0x2a0 c:/program files (x86)/atollic/truestudio for stm32 9.0.0/armtools/bin/../lib/gcc/arm-atollic-eabi/6.3.1/armv7-m\libgcc.a(_arm_muldivsf3.o)
                0x08000d80                __mulsf3
                0x08000d80                __aeabi_fmul
                0x08000ee8                __aeabi_fdiv
                0x08000ee8                __divsf3
 .text          0x08001020       0xec c:/program files (x86)/atollic/truestudio for stm32 9.0.0/armtools/bin/../lib/gcc/arm-atollic-eabi/6.3.1/armv7-m\libgcc.a(_arm_cmpsf2.o)
                0x08001020                __gesf2
                0x08001020                __gtsf2
                0x08001028                __lesf2
                0x08001028                __ltsf2
                0x08001030                __nesf2
                0x08001030                __eqsf2
                0x08001030                __cmpsf2
                0x08001090                __aeabi_cfrcmple
                0x08001098                __aeabi_cfcmpeq
                0x08001098                __aeabi_cfcmple
                0x080010a8                __aeabi_fcmpeq
                0x080010bc                __aeabi_fcmplt
                0x080010d0                __aeabi_fcmple
                0x080010e4                __aeabi_fcmpge
                0x080010f8                __aeabi_fcmpgt
 .text          0x0800110c       0x4c c:/program files (x86)/atollic/truestudio for stm32 9.0.0/armtools/bin/../lib/gcc/arm-atollic-eabi/6.3.1/armv7-m\libgcc.a(_arm_fixsfsi.o)
                0x0800110c                __aeabi_f2iz
                0x0800110c                __fixsfsi
 .text          0x08001158       0x40 c:/program files (x86)/atollic/truestudio for stm32 9.0.0/armtools/bin/../lib/gcc/arm-atollic-eabi/6.3.1/armv7-m\libgcc.a(_arm_fixunssfsi.o)
                0x08001158                __fixunssfsi
                0x08001158                __aeabi_f2uiz
 *(.text*)
 .text.HAL_InitTick
                0x08001198       0x28 Drivers\STM32L1xx_HAL_Driver\Src\stm32l1xx_hal.o
                0x08001198                HAL_InitTick
 .text.HAL_Init
                0x080011c0       0x16 Drivers\STM32L1xx_HAL_Driver\Src\stm32l1xx_hal.o
                0x080011c0                HAL_Init
 *fill*         0x080011d6        0x2 
 .text.HAL_IncTick
                0x080011d8       0x10 Drivers\STM32L1xx_HAL_Driver\Src\stm32l1xx_hal.o
                0x080011d8                HAL_IncTick
 .text.HAL_GetTick
                0x080011e8        0xc Drivers\STM32L1xx_HAL_Driver\Src\stm32l1xx_hal.o
                0x080011e8                HAL_GetTick
 .text.HAL_Delay
                0x080011f4       0x1a Drivers\STM32L1xx_HAL_Driver\Src\stm32l1xx_hal.o
                0x080011f4                HAL_Delay
 *fill*         0x0800120e        0x2 
 .text.HAL_NVIC_SetPriorityGrouping
                0x08001210       0x24 Drivers\STM32L1xx_HAL_Driver\Src\stm32l1xx_hal_cortex.o
                0x08001210                HAL_NVIC_SetPriorityGrouping
 .text.HAL_NVIC_SetPriority
                0x08001234       0x68 Drivers\STM32L1xx_HAL_Driver\Src\stm32l1xx_hal_cortex.o
                0x08001234                HAL_NVIC_SetPriority
 .text.HAL_NVIC_EnableIRQ
                0x0800129c       0x18 Drivers\STM32L1xx_HAL_Driver\Src\stm32l1xx_hal_cortex.o
                0x0800129c                HAL_NVIC_EnableIRQ
 .text.HAL_SYSTICK_Config
                0x080012b4       0x2c Drivers\STM32L1xx_HAL_Driver\Src\stm32l1xx_hal_cortex.o
                0x080012b4                HAL_SYSTICK_Config
 .text.HAL_SYSTICK_CLKSourceConfig
                0x080012e0       0x18 Drivers\STM32L1xx_HAL_Driver\Src\stm32l1xx_hal_cortex.o
                0x080012e0                HAL_SYSTICK_CLKSourceConfig
 .text.HAL_SYSTICK_Callback
                0x080012f8        0x2 Drivers\STM32L1xx_HAL_Driver\Src\stm32l1xx_hal_cortex.o
                0x080012f8                HAL_SYSTICK_Callback
 .text.HAL_SYSTICK_IRQHandler
                0x080012fa        0x8 Drivers\STM32L1xx_HAL_Driver\Src\stm32l1xx_hal_cortex.o
                0x080012fa                HAL_SYSTICK_IRQHandler
 *fill*         0x08001302        0x2 
 .text.HAL_GPIO_Init
                0x08001304      0x19c Drivers\STM32L1xx_HAL_Driver\Src\stm32l1xx_hal_gpio.o
                0x08001304                HAL_GPIO_Init
 .text.HAL_GPIO_WritePin
                0x080014a0        0xa Drivers\STM32L1xx_HAL_Driver\Src\stm32l1xx_hal_gpio.o
                0x080014a0                HAL_GPIO_WritePin
 .text.I2C_IsAcknowledgeFailed
                0x080014aa       0x2a Drivers\STM32L1xx_HAL_Driver\Src\stm32l1xx_hal_i2c.o
 .text.I2C_WaitOnMasterAddressFlagUntilTimeout
                0x080014d4       0x80 Drivers\STM32L1xx_HAL_Driver\Src\stm32l1xx_hal_i2c.o
 .text.I2C_WaitOnFlagUntilTimeout
                0x08001554       0x5c Drivers\STM32L1xx_HAL_Driver\Src\stm32l1xx_hal_i2c.o
 .text.I2C_WaitOnTXEFlagUntilTimeout
                0x080015b0       0x4c Drivers\STM32L1xx_HAL_Driver\Src\stm32l1xx_hal_i2c.o
 .text.I2C_WaitOnRXNEFlagUntilTimeout
                0x080015fc       0x5a Drivers\STM32L1xx_HAL_Driver\Src\stm32l1xx_hal_i2c.o
 .text.I2C_WaitOnBTFFlagUntilTimeout
                0x08001656       0x4c Drivers\STM32L1xx_HAL_Driver\Src\stm32l1xx_hal_i2c.o
 *fill*         0x080016a2        0x2 
 .text.HAL_I2C_Init
                0x080016a4      0x11c Drivers\STM32L1xx_HAL_Driver\Src\stm32l1xx_hal_i2c.o
                0x080016a4                HAL_I2C_Init
 .text.HAL_I2C_Master_Transmit
                0x080017c0      0x1ac Drivers\STM32L1xx_HAL_Driver\Src\stm32l1xx_hal_i2c.o
                0x080017c0                HAL_I2C_Master_Transmit
 .text.HAL_I2C_Master_Receive
                0x0800196c      0x2f0 Drivers\STM32L1xx_HAL_Driver\Src\stm32l1xx_hal_i2c.o
                0x0800196c                HAL_I2C_Master_Receive
 .text.RCC_SetFlashLatencyFromMSIRange
                0x08001c5c       0x80 Drivers\STM32L1xx_HAL_Driver\Src\stm32l1xx_hal_rcc.o
 .text.HAL_RCC_OscConfig
                0x08001cdc      0x6a8 Drivers\STM32L1xx_HAL_Driver\Src\stm32l1xx_hal_rcc.o
                0x08001cdc                HAL_RCC_OscConfig
 .text.HAL_RCC_GetSysClockFreq
                0x08002384       0x8c Drivers\STM32L1xx_HAL_Driver\Src\stm32l1xx_hal_rcc.o
                0x08002384                HAL_RCC_GetSysClockFreq
 .text.HAL_RCC_ClockConfig
                0x08002410      0x1bc Drivers\STM32L1xx_HAL_Driver\Src\stm32l1xx_hal_rcc.o
                0x08002410                HAL_RCC_ClockConfig
 .text.HAL_RCC_GetHCLKFreq
                0x080025cc        0xc Drivers\STM32L1xx_HAL_Driver\Src\stm32l1xx_hal_rcc.o
                0x080025cc                HAL_RCC_GetHCLKFreq
 .text.HAL_RCC_GetPCLK1Freq
                0x080025d8       0x30 Drivers\STM32L1xx_HAL_Driver\Src\stm32l1xx_hal_rcc.o
                0x080025d8                HAL_RCC_GetPCLK1Freq
 .text.HAL_RCC_GetPCLK2Freq
                0x08002608       0x30 Drivers\STM32L1xx_HAL_Driver\Src\stm32l1xx_hal_rcc.o
                0x08002608                HAL_RCC_GetPCLK2Freq
 .text.TIM_Base_SetConfig
                0x08002638       0x84 Drivers\STM32L1xx_HAL_Driver\Src\stm32l1xx_hal_tim.o
 .text.TIM_OC1_SetConfig
                0x080026bc       0x2c Drivers\STM32L1xx_HAL_Driver\Src\stm32l1xx_hal_tim.o
 .text.TIM_OC2_SetConfig
                0x080026e8       0x30 Drivers\STM32L1xx_HAL_Driver\Src\stm32l1xx_hal_tim.o
 .text.TIM_TI1_SetConfig
                0x08002718       0x5c Drivers\STM32L1xx_HAL_Driver\Src\stm32l1xx_hal_tim.o
 .text.TIM_CCxChannelCmd
                0x08002774       0x18 Drivers\STM32L1xx_HAL_Driver\Src\stm32l1xx_hal_tim.o
 .text.HAL_TIM_Base_Init
                0x0800278c       0x34 Drivers\STM32L1xx_HAL_Driver\Src\stm32l1xx_hal_tim.o
                0x0800278c                HAL_TIM_Base_Init
 .text.HAL_TIM_PWM_MspInit
                0x080027c0        0x2 Drivers\STM32L1xx_HAL_Driver\Src\stm32l1xx_hal_tim.o
                0x080027c0                HAL_TIM_PWM_MspInit
 .text.HAL_TIM_PWM_Init
                0x080027c2       0x34 Drivers\STM32L1xx_HAL_Driver\Src\stm32l1xx_hal_tim.o
                0x080027c2                HAL_TIM_PWM_Init
 .text.HAL_TIM_IC_MspInit
                0x080027f6        0x2 Drivers\STM32L1xx_HAL_Driver\Src\stm32l1xx_hal_tim.o
                0x080027f6                HAL_TIM_IC_MspInit
 .text.HAL_TIM_IC_Init
                0x080027f8       0x34 Drivers\STM32L1xx_HAL_Driver\Src\stm32l1xx_hal_tim.o
                0x080027f8                HAL_TIM_IC_Init
 .text.HAL_TIM_IC_Start
                0x0800282c       0x1a Drivers\STM32L1xx_HAL_Driver\Src\stm32l1xx_hal_tim.o
                0x0800282c                HAL_TIM_IC_Start
 .text.HAL_TIM_PWM_Start
                0x08002846        0x4 Drivers\STM32L1xx_HAL_Driver\Src\stm32l1xx_hal_tim.o
                0x08002846                HAL_TIM_PWM_Start
 .text.HAL_TIM_IC_Start_IT
                0x0800284a       0x58 Drivers\STM32L1xx_HAL_Driver\Src\stm32l1xx_hal_tim.o
                0x0800284a                HAL_TIM_IC_Start_IT
 .text.HAL_TIM_Encoder_Init
                0x080028a2       0x92 Drivers\STM32L1xx_HAL_Driver\Src\stm32l1xx_hal_tim.o
                0x080028a2                HAL_TIM_Encoder_Init
 .text.HAL_TIM_Encoder_Start
                0x08002934       0x44 Drivers\STM32L1xx_HAL_Driver\Src\stm32l1xx_hal_tim.o
                0x08002934                HAL_TIM_Encoder_Start
 .text.HAL_TIM_IC_ConfigChannel
                0x08002978      0x110 Drivers\STM32L1xx_HAL_Driver\Src\stm32l1xx_hal_tim.o
                0x08002978                HAL_TIM_IC_ConfigChannel
 .text.HAL_TIM_PWM_ConfigChannel
                0x08002a88      0x110 Drivers\STM32L1xx_HAL_Driver\Src\stm32l1xx_hal_tim.o
                0x08002a88                HAL_TIM_PWM_ConfigChannel
 .text.HAL_TIM_ConfigClockSource
                0x08002b98      0x172 Drivers\STM32L1xx_HAL_Driver\Src\stm32l1xx_hal_tim.o
                0x08002b98                HAL_TIM_ConfigClockSource
 .text.HAL_TIM_PeriodElapsedCallback
                0x08002d0a        0x2 Drivers\STM32L1xx_HAL_Driver\Src\stm32l1xx_hal_tim.o
                0x08002d0a                HAL_TIM_PeriodElapsedCallback
 .text.HAL_TIM_OC_DelayElapsedCallback
                0x08002d0c        0x2 Drivers\STM32L1xx_HAL_Driver\Src\stm32l1xx_hal_tim.o
                0x08002d0c                HAL_TIM_OC_DelayElapsedCallback
 .text.HAL_TIM_PWM_PulseFinishedCallback
                0x08002d0e        0x2 Drivers\STM32L1xx_HAL_Driver\Src\stm32l1xx_hal_tim.o
                0x08002d0e                HAL_TIM_PWM_PulseFinishedCallback
 .text.HAL_TIM_TriggerCallback
                0x08002d10        0x2 Drivers\STM32L1xx_HAL_Driver\Src\stm32l1xx_hal_tim.o
                0x08002d10                HAL_TIM_TriggerCallback
 .text.HAL_TIM_IRQHandler
                0x08002d12      0x10c Drivers\STM32L1xx_HAL_Driver\Src\stm32l1xx_hal_tim.o
                0x08002d12                HAL_TIM_IRQHandler
 .text.HAL_TIMEx_MasterConfigSynchronization
                0x08002e1e       0x44 Drivers\STM32L1xx_HAL_Driver\Src\stm32l1xx_hal_tim_ex.o
                0x08002e1e                HAL_TIMEx_MasterConfigSynchronization
 *fill*         0x08002e62        0x2 
 .text.UART_SetConfig
                0x08002e64      0x244 Drivers\STM32L1xx_HAL_Driver\Src\stm32l1xx_hal_uart.o
 .text.UART_WaitOnFlagUntilTimeout.constprop.1
                0x080030a8       0x60 Drivers\STM32L1xx_HAL_Driver\Src\stm32l1xx_hal_uart.o
 .text.HAL_UART_Init
                0x08003108       0x58 Drivers\STM32L1xx_HAL_Driver\Src\stm32l1xx_hal_uart.o
                0x08003108                HAL_UART_Init
 .text.HAL_UART_Transmit
                0x08003160       0xb6 Drivers\STM32L1xx_HAL_Driver\Src\stm32l1xx_hal_uart.o
                0x08003160                HAL_UART_Transmit
 .text.HAL_UART_Receive_IT
                0x08003216       0x64 Drivers\STM32L1xx_HAL_Driver\Src\stm32l1xx_hal_uart.o
                0x08003216                HAL_UART_Receive_IT
 .text.HAL_UART_TxCpltCallback
                0x0800327a        0x2 Drivers\STM32L1xx_HAL_Driver\Src\stm32l1xx_hal_uart.o
                0x0800327a                HAL_UART_TxCpltCallback
 .text.HAL_UART_ErrorCallback
                0x0800327c        0x2 Drivers\STM32L1xx_HAL_Driver\Src\stm32l1xx_hal_uart.o
                0x0800327c                HAL_UART_ErrorCallback
 .text.HAL_UART_IRQHandler
                0x0800327e      0x188 Drivers\STM32L1xx_HAL_Driver\Src\stm32l1xx_hal_uart.o
                0x0800327e                HAL_UART_IRQHandler
 *fill*         0x08003406        0x2 
 .text.EXE_CMD  0x08003408      0x37c Src\WW_CMD.o
                0x08003408                EXE_CMD
 .text.HAL_UART_RxCpltCallback
                0x08003784       0x5c Src\WW_CMD.o
                0x08003784                HAL_UART_RxCpltCallback
 .text.UART_ReadStart
                0x080037e0        0xc Src\WW_CMD.o
                0x080037e0                UART_ReadStart
 .text.Parse_CMD
                0x080037ec       0x8c Src\WW_CMD.o
                0x080037ec                Parse_CMD
 .text.initCOM  0x08003878       0x20 Src\WW_Defs.o
                0x08003878                initCOM
 .text.isFull   0x08003898       0x14 Src\WW_Defs.o
                0x08003898                isFull
 .text.isEmpty  0x080038ac       0x10 Src\WW_Defs.o
                0x080038ac                isEmpty
 .text.deq      0x080038bc       0x54 Src\WW_Defs.o
                0x080038bc                deq
 .text.enq      0x08003910       0x54 Src\WW_Defs.o
                0x08003910                enq
 .text.GetCurrentSize
                0x08003964        0xc Src\WW_Defs.o
                0x08003964                GetCurrentSize
 .text.togglePosPID
                0x08003970       0x10 Src\WW_Loc.o
                0x08003970                togglePosPID
 .text.stopPosPID
                0x08003980        0xc Src\WW_Loc.o
                0x08003980                stopPosPID
 .text.toggleServo
                0x0800398c       0x28 Src\WW_Loc.o
                0x0800398c                toggleServo
 .text.initMot  0x080039b4       0xec Src\WW_Loc.o
                0x080039b4                initMot
 .text.setArc   0x08003aa0      0x21c Src\WW_Loc.o
                0x08003aa0                setArc
 *fill*         0x08003cbc        0x4 
 .text.setLin   0x08003cc0       0x6c Src\WW_Loc.o
                0x08003cc0                setLin
 .text.Get_EncoderPos
                0x08003d2c       0x3e Src\WW_Loc.o
                0x08003d2c                Get_EncoderPos
 *fill*         0x08003d6a        0x2 
 .text.Get_LeftEncoderPos
                0x08003d6c        0xc Src\WW_Loc.o
                0x08003d6c                Get_LeftEncoderPos
 .text.Get_RightEncoderPos
                0x08003d78        0xc Src\WW_Loc.o
                0x08003d78                Get_RightEncoderPos
 .text.Set_MotorDir
                0x08003d84       0x60 Src\WW_Loc.o
                0x08003d84                Set_MotorDir
 .text.Set_PIDOut
                0x08003de4      0x100 Src\WW_Loc.o
                0x08003de4                Set_PIDOut
 *fill*         0x08003ee4        0x4 
 .text.Run_PID  0x08003ee8      0x2b4 Src\WW_Loc.o
                0x08003ee8                Run_PID
 .text.Run_MotorPWM
                0x0800419c       0x78 Src\WW_Loc.o
                0x0800419c                Run_MotorPWM
 .text.Stop_Motors
                0x08004214       0x6c Src\WW_Loc.o
                0x08004214                Stop_Motors
 .text.Rotation_to_Angle
                0x08004280       0x68 Src\WW_PP.o
                0x08004280                Rotation_to_Angle
 .text.Linear_Move_Up_at_Angle
                0x080042e8       0xdc Src\WW_PP.o
                0x080042e8                Linear_Move_Up_at_Angle
 .text.Rotation_to_Straight
                0x080043c4       0x68 Src\WW_PP.o
                0x080043c4                Rotation_to_Straight
 *fill*         0x0800442c        0x4 
 .text.Barrier_Crossing
                0x08004430       0xb0 Src\WW_PP.o
                0x08004430                Barrier_Crossing
 .text.startPP  0x080044e0       0x3c Src\WW_PP.o
                0x080044e0                startPP
 .text.stopPP   0x0800451c       0x3c Src\WW_PP.o
                0x0800451c                stopPP
 .text.Linear_Move_Down
                0x08004558       0xd4 Src\WW_PP.o
                0x08004558                Linear_Move_Down
 .text.isPP_Running
                0x0800462c        0xc Src\WW_PP.o
                0x0800462c                isPP_Running
 .text.Barrier_Crossed
                0x08004638        0xc Src\WW_PP.o
                0x08004638                Barrier_Crossed
 .text.togglePP
                0x08004644       0x14 Src\WW_PP.o
                0x08004644                togglePP
 .text.RunMotionPlanning
                0x08004658       0x24 Src\WW_PP.o
                0x08004658                RunMotionPlanning
 .text.Ping_Ultrasonic
                0x0800467c       0x26 Src\WW_Sen.o
                0x0800467c                Ping_Ultrasonic
 *fill*         0x080046a2        0x6 
 .text.Get_Ultrasonic_Reading
                0x080046a8       0x64 Src\WW_Sen.o
                0x080046a8                Get_Ultrasonic_Reading
 .text.initUltrasonics
                0x0800470c       0x60 Src\WW_Sen.o
                0x0800470c                initUltrasonics
 .text.HAL_TIM_IC_CaptureCallback
                0x0800476c       0xb4 Src\WW_Sen.o
                0x0800476c                HAL_TIM_IC_CaptureCallback
 .text.read8    0x08004820       0x40 Src\WW_Sen.o
                0x08004820                read8
 .text.readLen  0x08004860       0x34 Src\WW_Sen.o
                0x08004860                readLen
 .text.write8   0x08004894       0x38 Src\WW_Sen.o
                0x08004894                write8
 .text.checkIMUID
                0x080048cc        0x6 Src\WW_Sen.o
                0x080048cc                checkIMUID
 .text.getEuler
                0x080048d2       0x6a Src\WW_Sen.o
                0x080048d2                getEuler
 *fill*         0x0800493c        0x4 
 .text.GetUltrasonicY
                0x08004940       0x2c Src\WW_Sen.o
                0x08004940                GetUltrasonicY
 .text.setMode  0x0800496c       0x14 Src\WW_Sen.o
                0x0800496c                setMode
 .text.initIMU  0x08004980       0x90 Src\WW_Sen.o
                0x08004980                initIMU
 .text.getEncB_Left_Val
                0x08004a10        0xc Src\WW_Sen.o
                0x08004a10                getEncB_Left_Val
 .text.getEncB_Right_Val
                0x08004a1c        0xc Src\WW_Sen.o
                0x08004a1c                getEncB_Right_Val
 .text.MX_GPIO_Init
                0x08004a28      0x134 Src\gpio.o
                0x08004a28                MX_GPIO_Init
 .text.MX_I2C2_Init
                0x08004b5c       0x48 Src\i2c.o
                0x08004b5c                MX_I2C2_Init
 .text.HAL_I2C_MspInit
                0x08004ba4       0x50 Src\i2c.o
                0x08004ba4                HAL_I2C_MspInit
 .text.SystemClock_Config
                0x08004bf4       0x80 Src\main.o
                0x08004bf4                SystemClock_Config
 *fill*         0x08004c74        0x4 
 .text.setup    0x08004c78      0x104 Src\main.o
                0x08004c78                setup
 .text.startup.main
                0x08004d7c       0x58 Src\main.o
                0x08004d7c                main
 .text.Get_PP_LinDis
                0x08004dd4       0x1c Src\main.o
                0x08004dd4                Get_PP_LinDis
 .text.Get_PP_AngledDis
                0x08004df0       0x1c Src\main.o
                0x08004df0                Get_PP_AngledDis
 .text._Error_Handler
                0x08004e0c        0x2 Src\main.o
                0x08004e0c                _Error_Handler
 .text.PIDCompute
                0x08004e0e       0x92 Src\pid_controller.o
                0x08004e0e                PIDCompute
 .text.PIDOutputLimitsSet
                0x08004ea0       0x5e Src\pid_controller.o
                0x08004ea0                PIDOutputLimitsSet
 .text.PIDTuningsSet
                0x08004efe       0x6a Src\pid_controller.o
                0x08004efe                PIDTuningsSet
 .text.PIDInit  0x08004f68       0x5e Src\pid_controller.o
                0x08004f68                PIDInit
 *fill*         0x08004fc6        0x2 
 .text.HAL_MspInit
                0x08004fc8       0xac Src\stm32l1xx_hal_msp.o
                0x08004fc8                HAL_MspInit
 .text.SysTick_Handler
                0x08005074        0xe Src\stm32l1xx_it.o
                0x08005074                SysTick_Handler
 *fill*         0x08005082        0x2 
 .text.TIM2_IRQHandler
                0x08005084        0xc Src\stm32l1xx_it.o
                0x08005084                TIM2_IRQHandler
 .text.TIM3_IRQHandler
                0x08005090        0xc Src\stm32l1xx_it.o
                0x08005090                TIM3_IRQHandler
 .text.USART1_IRQHandler
                0x0800509c        0xc Src\stm32l1xx_it.o
                0x0800509c                USART1_IRQHandler
 .text.TIM6_IRQHandler
                0x080050a8        0xc Src\stm32l1xx_it.o
                0x080050a8                TIM6_IRQHandler
 .text.TIM5_IRQHandler
                0x080050b4        0xc Src\stm32l1xx_it.o
                0x080050b4                TIM5_IRQHandler
 .text.SystemInit
                0x080050c0       0x48 Src\system_stm32l1xx.o
                0x080050c0                SystemInit
 .text.MX_TIM2_Init
                0x08005108       0x64 Src\tim.o
                0x08005108                MX_TIM2_Init
 .text.MX_TIM3_Init
                0x0800516c       0x64 Src\tim.o
                0x0800516c                MX_TIM3_Init
 .text.MX_TIM5_Init
                0x080051d0       0xb4 Src\tim.o
                0x080051d0                MX_TIM5_Init
 .text.MX_TIM6_Init
                0x08005284       0x4c Src\tim.o
                0x08005284                MX_TIM6_Init
 .text.HAL_TIM_Encoder_MspInit
                0x080052d0       0xa0 Src\tim.o
                0x080052d0                HAL_TIM_Encoder_MspInit
 .text.HAL_TIM_Base_MspInit
                0x08005370       0xe4 Src\tim.o
                0x08005370                HAL_TIM_Base_MspInit
 .text.HAL_TIM_MspPostInit
                0x08005454       0x54 Src\tim.o
                0x08005454                HAL_TIM_MspPostInit
 .text.MX_TIM9_Init
                0x080054a8       0xb4 Src\tim.o
                0x080054a8                MX_TIM9_Init
 .text.MX_TIM10_Init
                0x0800555c       0x90 Src\tim.o
                0x0800555c                MX_TIM10_Init
 .text.MX_TIM11_Init
                0x080055ec       0x90 Src\tim.o
                0x080055ec                MX_TIM11_Init
 .text.MX_USART1_UART_Init
                0x0800567c       0x40 Src\usart.o
                0x0800567c                MX_USART1_UART_Init
 .text.HAL_UART_MspInit
                0x080056bc       0x5c Src\usart.o
                0x080056bc                HAL_UART_MspInit
 .text.Reset_Handler
                0x08005718       0x48 startup\startup_stm32l152xc.o
                0x08005718                Reset_Handler
 .text.Default_Handler
                0x08005760        0x2 startup\startup_stm32l152xc.o
                0x08005760                RTC_Alarm_IRQHandler
                0x08005760                EXTI2_IRQHandler
                0x08005760                COMP_ACQ_IRQHandler
                0x08005760                DebugMon_Handler
                0x08005760                HardFault_Handler
                0x08005760                TIM10_IRQHandler
                0x08005760                USB_HP_IRQHandler
                0x08005760                PVD_IRQHandler
                0x08005760                PendSV_Handler
                0x08005760                NMI_Handler
                0x08005760                EXTI3_IRQHandler
                0x08005760                EXTI0_IRQHandler
                0x08005760                I2C2_EV_IRQHandler
                0x08005760                UsageFault_Handler
                0x08005760                SPI1_IRQHandler
                0x08005760                USB_FS_WKUP_IRQHandler
                0x08005760                DMA2_Channel2_IRQHandler
                0x08005760                DMA1_Channel4_IRQHandler
                0x08005760                ADC1_IRQHandler
                0x08005760                USART3_IRQHandler
                0x08005760                DMA1_Channel7_IRQHandler
                0x08005760                LCD_IRQHandler
                0x08005760                TIM4_IRQHandler
                0x08005760                DMA2_Channel1_IRQHandler
                0x08005760                I2C1_EV_IRQHandler
                0x08005760                DMA1_Channel6_IRQHandler
                0x08005760                DMA2_Channel4_IRQHandler
                0x08005760                RCC_IRQHandler
                0x08005760                DMA1_Channel1_IRQHandler
                0x08005760                Default_Handler
                0x08005760                EXTI15_10_IRQHandler
                0x08005760                TIM7_IRQHandler
                0x08005760                EXTI9_5_IRQHandler
                0x08005760                TIM9_IRQHandler
                0x08005760                TAMPER_STAMP_IRQHandler
                0x08005760                RTC_WKUP_IRQHandler
                0x08005760                SPI2_IRQHandler
                0x08005760                MemManage_Handler
                0x08005760                SVC_Handler
                0x08005760                DMA2_Channel5_IRQHandler
                0x08005760                DMA1_Channel5_IRQHandler
                0x08005760                USB_LP_IRQHandler
                0x08005760                EXTI4_IRQHandler
                0x08005760                DMA1_Channel3_IRQHandler
                0x08005760                COMP_IRQHandler
                0x08005760                WWDG_IRQHandler
                0x08005760                DAC_IRQHandler
                0x08005760                EXTI1_IRQHandler
                0x08005760                TIM11_IRQHandler
                0x08005760                USART2_IRQHandler
                0x08005760                I2C2_ER_IRQHandler
                0x08005760                DMA1_Channel2_IRQHandler
                0x08005760                FLASH_IRQHandler
                0x08005760                BusFault_Handler
                0x08005760                SPI3_IRQHandler
                0x08005760                I2C1_ER_IRQHandler
                0x08005760                DMA2_Channel3_IRQHandler
 .text.atof     0x08005762        0x6 c:/program files (x86)/atollic/truestudio for stm32 9.0.0/armtools/bin/../lib/gcc/arm-atollic-eabi/6.3.1/../../../../arm-atollic-eabi/lib/armv7-m\libc_nano.a(lib_a-atof.o)
                0x08005762                atof
 .text.atoi     0x08005768        0x8 c:/program files (x86)/atollic/truestudio for stm32 9.0.0/armtools/bin/../lib/gcc/arm-atollic-eabi/6.3.1/../../../../arm-atollic-eabi/lib/armv7-m\libc_nano.a(lib_a-atoi.o)
                0x08005768                atoi
 .text.gcvt     0x08005770       0x48 c:/program files (x86)/atollic/truestudio for stm32 9.0.0/armtools/bin/../lib/gcc/arm-atollic-eabi/6.3.1/../../../../arm-atollic-eabi/lib/armv7-m\libc_nano.a(lib_a-efgcvt.o)
                0x08005770                gcvt
 .text.__libc_init_array
                0x080057b8       0x48 c:/program files (x86)/atollic/truestudio for stm32 9.0.0/armtools/bin/../lib/gcc/arm-atollic-eabi/6.3.1/../../../../arm-atollic-eabi/lib/armv7-m\libc_nano.a(lib_a-init.o)
                0x080057b8                __libc_init_array
 .text.memset   0x08005800       0x10 c:/program files (x86)/atollic/truestudio for stm32 9.0.0/armtools/bin/../lib/gcc/arm-atollic-eabi/6.3.1/../../../../arm-atollic-eabi/lib/armv7-m\libc_nano.a(lib_a-memset.o)
                0x08005800                memset
 .text.sprintf  0x08005810       0x48 c:/program files (x86)/atollic/truestudio for stm32 9.0.0/armtools/bin/../lib/gcc/arm-atollic-eabi/6.3.1/../../../../arm-atollic-eabi/lib/armv7-m\libc_nano.a(lib_a-sprintf.o)
                0x08005810                siprintf
                0x08005810                sprintf
 .text.strcpy   0x08005858       0x10 c:/program files (x86)/atollic/truestudio for stm32 9.0.0/armtools/bin/../lib/gcc/arm-atollic-eabi/6.3.1/../../../../arm-atollic-eabi/lib/armv7-m\libc_nano.a(lib_a-strcpy.o)
                0x08005858                strcpy
 .text.strncmp  0x08005868       0x24 c:/program files (x86)/atollic/truestudio for stm32 9.0.0/armtools/bin/../lib/gcc/arm-atollic-eabi/6.3.1/../../../../arm-atollic-eabi/lib/armv7-m\libc_nano.a(lib_a-strncmp.o)
                0x08005868                strncmp
 .text.unlikely.sulp
                0x0800588c       0x42 c:/program files (x86)/atollic/truestudio for stm32 9.0.0/armtools/bin/../lib/gcc/arm-atollic-eabi/6.3.1/../../../../arm-atollic-eabi/lib/armv7-m\libc_nano.a(lib_a-strtod.o)
 *fill*         0x080058ce        0x2 
 .text._strtod_l
                0x080058d0      0xbf0 c:/program files (x86)/atollic/truestudio for stm32 9.0.0/armtools/bin/../lib/gcc/arm-atollic-eabi/6.3.1/../../../../arm-atollic-eabi/lib/armv7-m\libc_nano.a(lib_a-strtod.o)
                0x080058d0                _strtod_l
 .text.strtod   0x080064c0       0x24 c:/program files (x86)/atollic/truestudio for stm32 9.0.0/armtools/bin/../lib/gcc/arm-atollic-eabi/6.3.1/../../../../arm-atollic-eabi/lib/armv7-m\libc_nano.a(lib_a-strtod.o)
                0x080064c0                strtod
 .text.strtok   0x080064e4       0x54 c:/program files (x86)/atollic/truestudio for stm32 9.0.0/armtools/bin/../lib/gcc/arm-atollic-eabi/6.3.1/../../../../arm-atollic-eabi/lib/armv7-m\libc_nano.a(lib_a-strtok.o)
                0x080064e4                strtok
 .text.__strtok_r
                0x08006538       0x52 c:/program files (x86)/atollic/truestudio for stm32 9.0.0/armtools/bin/../lib/gcc/arm-atollic-eabi/6.3.1/../../../../arm-atollic-eabi/lib/armv7-m\libc_nano.a(lib_a-strtok_r.o)
                0x08006538                __strtok_r
 .text._strtol_l.isra.0
                0x0800658a      0x100 c:/program files (x86)/atollic/truestudio for stm32 9.0.0/armtools/bin/../lib/gcc/arm-atollic-eabi/6.3.1/../../../../arm-atollic-eabi/lib/armv7-m\libc_nano.a(lib_a-strtol.o)
 *fill*         0x0800668a        0x2 
 .text.strtol   0x0800668c       0x2c c:/program files (x86)/atollic/truestudio for stm32 9.0.0/armtools/bin/../lib/gcc/arm-atollic-eabi/6.3.1/../../../../arm-atollic-eabi/lib/armv7-m\libc_nano.a(lib_a-strtol.o)
                0x0800668c                strtol
 .text.print_e  0x080066b8       0xec c:/program files (x86)/atollic/truestudio for stm32 9.0.0/armtools/bin/../lib/gcc/arm-atollic-eabi/6.3.1/../../../../arm-atollic-eabi/lib/armv7-m\libc_nano.a(lib_a-ecvtbuf.o)
 *fill*         0x080067a4        0x4 
 .text._gcvt    0x080067a8      0x194 c:/program files (x86)/atollic/truestudio for stm32 9.0.0/armtools/bin/../lib/gcc/arm-atollic-eabi/6.3.1/../../../../arm-atollic-eabi/lib/armv7-m\libc_nano.a(lib_a-ecvtbuf.o)
                0x080067a8                _gcvt
 .text.rshift   0x0800693c       0x6a c:/program files (x86)/atollic/truestudio for stm32 9.0.0/armtools/bin/../lib/gcc/arm-atollic-eabi/6.3.1/../../../../arm-atollic-eabi/lib/armv7-m\libc_nano.a(lib_a-gdtoa-gethex.o)
 .text.__hexdig_fun
                0x080069a6       0x2a c:/program files (x86)/atollic/truestudio for stm32 9.0.0/armtools/bin/../lib/gcc/arm-atollic-eabi/6.3.1/../../../../arm-atollic-eabi/lib/armv7-m\libc_nano.a(lib_a-gdtoa-gethex.o)
                0x080069a6                __hexdig_fun
 .text.__gethex
                0x080069d0      0x43e c:/program files (x86)/atollic/truestudio for stm32 9.0.0/armtools/bin/../lib/gcc/arm-atollic-eabi/6.3.1/../../../../arm-atollic-eabi/lib/armv7-m\libc_nano.a(lib_a-gdtoa-gethex.o)
                0x080069d0                __gethex
 .text.L_shift  0x08006e0e       0x24 c:/program files (x86)/atollic/truestudio for stm32 9.0.0/armtools/bin/../lib/gcc/arm-atollic-eabi/6.3.1/../../../../arm-atollic-eabi/lib/armv7-m\libc_nano.a(lib_a-gdtoa-hexnan.o)
 .text.__match  0x08006e32       0x26 c:/program files (x86)/atollic/truestudio for stm32 9.0.0/armtools/bin/../lib/gcc/arm-atollic-eabi/6.3.1/../../../../arm-atollic-eabi/lib/armv7-m\libc_nano.a(lib_a-gdtoa-hexnan.o)
                0x08006e32                __match
 .text.__hexnan
                0x08006e58      0x120 c:/program files (x86)/atollic/truestudio for stm32 9.0.0/armtools/bin/../lib/gcc/arm-atollic-eabi/6.3.1/../../../../arm-atollic-eabi/lib/armv7-m\libc_nano.a(lib_a-gdtoa-hexnan.o)
                0x08006e58                __hexnan
 .text.__locale_ctype_ptr_l
                0x08006f78        0x6 c:/program files (x86)/atollic/truestudio for stm32 9.0.0/armtools/bin/../lib/gcc/arm-atollic-eabi/6.3.1/../../../../arm-atollic-eabi/lib/armv7-m\libc_nano.a(lib_a-locale.o)
                0x08006f78                __locale_ctype_ptr_l
 .text.__localeconv_l
                0x08006f7e        0x4 c:/program files (x86)/atollic/truestudio for stm32 9.0.0/armtools/bin/../lib/gcc/arm-atollic-eabi/6.3.1/../../../../arm-atollic-eabi/lib/armv7-m\libc_nano.a(lib_a-localeconv.o)
                0x08006f7e                __localeconv_l
 *fill*         0x08006f82        0x2 
 .text.malloc   0x08006f84       0x10 c:/program files (x86)/atollic/truestudio for stm32 9.0.0/armtools/bin/../lib/gcc/arm-atollic-eabi/6.3.1/../../../../arm-atollic-eabi/lib/armv7-m\libc_nano.a(lib_a-malloc.o)
                0x08006f84                malloc
 .text.__ascii_mbtowc
                0x08006f94       0x24 c:/program files (x86)/atollic/truestudio for stm32 9.0.0/armtools/bin/../lib/gcc/arm-atollic-eabi/6.3.1/../../../../arm-atollic-eabi/lib/armv7-m\libc_nano.a(lib_a-mbtowc_r.o)
                0x08006f94                __ascii_mbtowc
 .text.memcpy   0x08006fb8       0x16 c:/program files (x86)/atollic/truestudio for stm32 9.0.0/armtools/bin/../lib/gcc/arm-atollic-eabi/6.3.1/../../../../arm-atollic-eabi/lib/armv7-m\libc_nano.a(lib_a-memcpy-stub.o)
                0x08006fb8                memcpy
 .text._Balloc  0x08006fce       0x68 c:/program files (x86)/atollic/truestudio for stm32 9.0.0/armtools/bin/../lib/gcc/arm-atollic-eabi/6.3.1/../../../../arm-atollic-eabi/lib/armv7-m\libc_nano.a(lib_a-mprec.o)
                0x08006fce                _Balloc
 .text._Bfree   0x08007036       0x2e c:/program files (x86)/atollic/truestudio for stm32 9.0.0/armtools/bin/../lib/gcc/arm-atollic-eabi/6.3.1/../../../../arm-atollic-eabi/lib/armv7-m\libc_nano.a(lib_a-mprec.o)
                0x08007036                _Bfree
 .text.__multadd
                0x08007064       0x76 c:/program files (x86)/atollic/truestudio for stm32 9.0.0/armtools/bin/../lib/gcc/arm-atollic-eabi/6.3.1/../../../../arm-atollic-eabi/lib/armv7-m\libc_nano.a(lib_a-mprec.o)
                0x08007064                __multadd
 .text.__s2b    0x080070da       0x7c c:/program files (x86)/atollic/truestudio for stm32 9.0.0/armtools/bin/../lib/gcc/arm-atollic-eabi/6.3.1/../../../../arm-atollic-eabi/lib/armv7-m\libc_nano.a(lib_a-mprec.o)
                0x080070da                __s2b
 .text.__hi0bits
                0x08007156       0x3e c:/program files (x86)/atollic/truestudio for stm32 9.0.0/armtools/bin/../lib/gcc/arm-atollic-eabi/6.3.1/../../../../arm-atollic-eabi/lib/armv7-m\libc_nano.a(lib_a-mprec.o)
                0x08007156                __hi0bits
 .text.__lo0bits
                0x08007194       0x5e c:/program files (x86)/atollic/truestudio for stm32 9.0.0/armtools/bin/../lib/gcc/arm-atollic-eabi/6.3.1/../../../../arm-atollic-eabi/lib/armv7-m\libc_nano.a(lib_a-mprec.o)
                0x08007194                __lo0bits
 .text.__i2b    0x080071f2       0x12 c:/program files (x86)/atollic/truestudio for stm32 9.0.0/armtools/bin/../lib/gcc/arm-atollic-eabi/6.3.1/../../../../arm-atollic-eabi/lib/armv7-m\libc_nano.a(lib_a-mprec.o)
                0x080071f2                __i2b
 .text.__multiply
                0x08007204      0x118 c:/program files (x86)/atollic/truestudio for stm32 9.0.0/armtools/bin/../lib/gcc/arm-atollic-eabi/6.3.1/../../../../arm-atollic-eabi/lib/armv7-m\libc_nano.a(lib_a-mprec.o)
                0x08007204                __multiply
 .text.__pow5mult
                0x0800731c       0x9c c:/program files (x86)/atollic/truestudio for stm32 9.0.0/armtools/bin/../lib/gcc/arm-atollic-eabi/6.3.1/../../../../arm-atollic-eabi/lib/armv7-m\libc_nano.a(lib_a-mprec.o)
                0x0800731c                __pow5mult
 .text.__lshift
                0x080073b8       0xa2 c:/program files (x86)/atollic/truestudio for stm32 9.0.0/armtools/bin/../lib/gcc/arm-atollic-eabi/6.3.1/../../../../arm-atollic-eabi/lib/armv7-m\libc_nano.a(lib_a-mprec.o)
                0x080073b8                __lshift
 .text.__mcmp   0x0800745a       0x34 c:/program files (x86)/atollic/truestudio for stm32 9.0.0/armtools/bin/../lib/gcc/arm-atollic-eabi/6.3.1/../../../../arm-atollic-eabi/lib/armv7-m\libc_nano.a(lib_a-mprec.o)
                0x0800745a                __mcmp
 .text.__mdiff  0x0800748e       0xbe c:/program files (x86)/atollic/truestudio for stm32 9.0.0/armtools/bin/../lib/gcc/arm-atollic-eabi/6.3.1/../../../../arm-atollic-eabi/lib/armv7-m\libc_nano.a(lib_a-mprec.o)
                0x0800748e                __mdiff
 .text.__ulp    0x0800754c       0x48 c:/program files (x86)/atollic/truestudio for stm32 9.0.0/armtools/bin/../lib/gcc/arm-atollic-eabi/6.3.1/../../../../arm-atollic-eabi/lib/armv7-m\libc_nano.a(lib_a-mprec.o)
                0x0800754c                __ulp
 .text.__b2d    0x08007594       0xa4 c:/program files (x86)/atollic/truestudio for stm32 9.0.0/armtools/bin/../lib/gcc/arm-atollic-eabi/6.3.1/../../../../arm-atollic-eabi/lib/armv7-m\libc_nano.a(lib_a-mprec.o)
                0x08007594                __b2d
 .text.__d2b    0x08007638       0x9e c:/program files (x86)/atollic/truestudio for stm32 9.0.0/armtools/bin/../lib/gcc/arm-atollic-eabi/6.3.1/../../../../arm-atollic-eabi/lib/armv7-m\libc_nano.a(lib_a-mprec.o)
                0x08007638                __d2b
 .text.__ratio  0x080076d6       0x50 c:/program files (x86)/atollic/truestudio for stm32 9.0.0/armtools/bin/../lib/gcc/arm-atollic-eabi/6.3.1/../../../../arm-atollic-eabi/lib/armv7-m\libc_nano.a(lib_a-mprec.o)
                0x080076d6                __ratio
 *fill*         0x08007726        0x2 
 .text._mprec_log10
                0x08007728       0x38 c:/program files (x86)/atollic/truestudio for stm32 9.0.0/armtools/bin/../lib/gcc/arm-atollic-eabi/6.3.1/../../../../arm-atollic-eabi/lib/armv7-m\libc_nano.a(lib_a-mprec.o)
                0x08007728                _mprec_log10
 .text.__copybits
                0x08007760       0x34 c:/program files (x86)/atollic/truestudio for stm32 9.0.0/armtools/bin/../lib/gcc/arm-atollic-eabi/6.3.1/../../../../arm-atollic-eabi/lib/armv7-m\libc_nano.a(lib_a-mprec.o)
                0x08007760                __copybits
 .text.__any_on
                0x08007794       0x42 c:/program files (x86)/atollic/truestudio for stm32 9.0.0/armtools/bin/../lib/gcc/arm-atollic-eabi/6.3.1/../../../../arm-atollic-eabi/lib/armv7-m\libc_nano.a(lib_a-mprec.o)
                0x08007794                __any_on
 .text._calloc_r
                0x080077d6       0x1c c:/program files (x86)/atollic/truestudio for stm32 9.0.0/armtools/bin/../lib/gcc/arm-atollic-eabi/6.3.1/../../../../arm-atollic-eabi/lib/armv7-m\libc_nano.a(lib_a-nano-callocr.o)
                0x080077d6                _calloc_r
 *fill*         0x080077f2        0x2 
 .text._free_r  0x080077f4       0x98 c:/program files (x86)/atollic/truestudio for stm32 9.0.0/armtools/bin/../lib/gcc/arm-atollic-eabi/6.3.1/../../../../arm-atollic-eabi/lib/armv7-m\libc_nano.a(lib_a-nano-freer.o)
                0x080077f4                _free_r
 .text._malloc_r
                0x0800788c       0xbc c:/program files (x86)/atollic/truestudio for stm32 9.0.0/armtools/bin/../lib/gcc/arm-atollic-eabi/6.3.1/../../../../arm-atollic-eabi/lib/armv7-m\libc_nano.a(lib_a-nano-mallocr.o)
                0x0800788c                _malloc_r
 .text._realloc_r
                0x08007948       0x4c c:/program files (x86)/atollic/truestudio for stm32 9.0.0/armtools/bin/../lib/gcc/arm-atollic-eabi/6.3.1/../../../../arm-atollic-eabi/lib/armv7-m\libc_nano.a(lib_a-nano-reallocr.o)
                0x08007948                _realloc_r
 .text.__ssputs_r
                0x08007994       0xb6 c:/program files (x86)/atollic/truestudio for stm32 9.0.0/armtools/bin/../lib/gcc/arm-atollic-eabi/6.3.1/../../../../arm-atollic-eabi/lib/armv7-m\libc_nano.a(lib_a-nano-svfprintf.o)
                0x08007994                __ssputs_r
 *fill*         0x08007a4a        0x2 
 .text._svfprintf_r
                0x08007a4c      0x1e8 c:/program files (x86)/atollic/truestudio for stm32 9.0.0/armtools/bin/../lib/gcc/arm-atollic-eabi/6.3.1/../../../../arm-atollic-eabi/lib/armv7-m\libc_nano.a(lib_a-nano-svfprintf.o)
                0x08007a4c                _svfiprintf_r
                0x08007a4c                _svfprintf_r
 .text._printf_common
                0x08007c34       0xee c:/program files (x86)/atollic/truestudio for stm32 9.0.0/armtools/bin/../lib/gcc/arm-atollic-eabi/6.3.1/../../../../arm-atollic-eabi/lib/armv7-m\libc_nano.a(lib_a-nano-vfprintf_i.o)
                0x08007c34                _printf_common
 *fill*         0x08007d22        0x2 
 .text._printf_i
                0x08007d24      0x240 c:/program files (x86)/atollic/truestudio for stm32 9.0.0/armtools/bin/../lib/gcc/arm-atollic-eabi/6.3.1/../../../../arm-atollic-eabi/lib/armv7-m\libc_nano.a(lib_a-nano-vfprintf_i.o)
                0x08007d24                _printf_i
 .text._sbrk_r  0x08007f64       0x20 c:/program files (x86)/atollic/truestudio for stm32 9.0.0/armtools/bin/../lib/gcc/arm-atollic-eabi/6.3.1/../../../../arm-atollic-eabi/lib/armv7-m\libc_nano.a(lib_a-sbrkr.o)
                0x08007f64                _sbrk_r
 .text.__ascii_wctomb
                0x08007f84       0x1a c:/program files (x86)/atollic/truestudio for stm32 9.0.0/armtools/bin/../lib/gcc/arm-atollic-eabi/6.3.1/../../../../arm-atollic-eabi/lib/armv7-m\libc_nano.a(lib_a-wctomb_r.o)
                0x08007f84                __ascii_wctomb
 .text.quorem   0x08007f9e      0x118 c:/program files (x86)/atollic/truestudio for stm32 9.0.0/armtools/bin/../lib/gcc/arm-atollic-eabi/6.3.1/../../../../arm-atollic-eabi/lib/armv7-m\libc_nano.a(lib_a-dtoa.o)
 *fill*         0x080080b6        0x2 
 .text._dtoa_r  0x080080b8      0xba8 c:/program files (x86)/atollic/truestudio for stm32 9.0.0/armtools/bin/../lib/gcc/arm-atollic-eabi/6.3.1/../../../../arm-atollic-eabi/lib/armv7-m\libc_nano.a(lib_a-dtoa.o)
                0x080080b8                _dtoa_r
 .text.memchr   0x08008c60       0x1c c:/program files (x86)/atollic/truestudio for stm32 9.0.0/armtools/bin/../lib/gcc/arm-atollic-eabi/6.3.1/../../../../arm-atollic-eabi/lib/armv7-m\libc_nano.a(lib_a-memchr-stub.o)
                0x08008c60                memchr
 .text.memmove  0x08008c7c       0x34 c:/program files (x86)/atollic/truestudio for stm32 9.0.0/armtools/bin/../lib/gcc/arm-atollic-eabi/6.3.1/../../../../arm-atollic-eabi/lib/armv7-m\libc_nano.a(lib_a-memmove.o)
                0x08008c7c                memmove
 .text.__malloc_lock
                0x08008cb0        0x2 c:/program files (x86)/atollic/truestudio for stm32 9.0.0/armtools/bin/../lib/gcc/arm-atollic-eabi/6.3.1/../../../../arm-atollic-eabi/lib/armv7-m\libc_nano.a(lib_a-mlock.o)
                0x08008cb0                __malloc_lock
 .text.__malloc_unlock
                0x08008cb2        0x2 c:/program files (x86)/atollic/truestudio for stm32 9.0.0/armtools/bin/../lib/gcc/arm-atollic-eabi/6.3.1/../../../../arm-atollic-eabi/lib/armv7-m\libc_nano.a(lib_a-mlock.o)
                0x08008cb2                __malloc_unlock
 .text._malloc_usable_size_r
                0x08008cb4       0x12 c:/program files (x86)/atollic/truestudio for stm32 9.0.0/armtools/bin/../lib/gcc/arm-atollic-eabi/6.3.1/../../../../arm-atollic-eabi/lib/armv7-m\libc_nano.a(lib_a-nano-msizer.o)
                0x08008cb4                _malloc_usable_size_r
 *fill*         0x08008cc6        0x2 
 .text._sbrk    0x08008cc8       0x1c c:/program files (x86)/atollic/truestudio for stm32 9.0.0/armtools/bin/../lib/gcc/arm-atollic-eabi/6.3.1/../../../../arm-atollic-eabi/lib/armv7-m\libnosys.a(sbrk.o)
                0x08008cc8                _sbrk
 *(.glue_7)
 .glue_7        0x08008ce4        0x0 linker stubs
 *(.glue_7t)
 .glue_7t       0x08008ce4        0x0 linker stubs
 *(.eh_frame)
 .eh_frame      0x08008ce4        0x0 c:/program files (x86)/atollic/truestudio for stm32 9.0.0/armtools/bin/../lib/gcc/arm-atollic-eabi/6.3.1/armv7-m/crtbegin.o
 *(.init)
 .init          0x08008ce4        0x4 c:/program files (x86)/atollic/truestudio for stm32 9.0.0/armtools/bin/../lib/gcc/arm-atollic-eabi/6.3.1/armv7-m/crti.o
                0x08008ce4                _init
 .init          0x08008ce8        0x8 c:/program files (x86)/atollic/truestudio for stm32 9.0.0/armtools/bin/../lib/gcc/arm-atollic-eabi/6.3.1/armv7-m/crtn.o
 *(.fini)
 .fini          0x08008cf0        0x4 c:/program files (x86)/atollic/truestudio for stm32 9.0.0/armtools/bin/../lib/gcc/arm-atollic-eabi/6.3.1/armv7-m/crti.o
                0x08008cf0                _fini
 .fini          0x08008cf4        0x8 c:/program files (x86)/atollic/truestudio for stm32 9.0.0/armtools/bin/../lib/gcc/arm-atollic-eabi/6.3.1/armv7-m/crtn.o
                0x08008cfc                . = ALIGN (0x4)
                0x08008cfc                _etext = .

.vfp11_veneer   0x08008cfc        0x0
 .vfp11_veneer  0x08008cfc        0x0 linker stubs

.v4_bx          0x08008cfc        0x0
 .v4_bx         0x08008cfc        0x0 linker stubs

.iplt           0x08008cfc        0x0
 .iplt          0x08008cfc        0x0 c:/program files (x86)/atollic/truestudio for stm32 9.0.0/armtools/bin/../lib/gcc/arm-atollic-eabi/6.3.1/armv7-m/crtbegin.o

.rodata         0x08008d00      0x3e0
                0x08008d00                . = ALIGN (0x4)
 *(.rodata)
 *(.rodata*)
 .rodata.EXE_CMD.str1.1
                0x08008d00       0xa7 Src\WW_CMD.o
                                 0xae (size before relaxing)
 .rodata.Parse_CMD.str1.1
                0x08008da7        0xc Src\WW_CMD.o
 .rodata.deq.str1.1
                0x08008db3        0xc Src\WW_Defs.o
                                  0x1 (size before relaxing)
 .rodata.Barrier_Crossing.str1.1
                0x08008db3        0xa Src\WW_PP.o
 .rodata.Linear_Move_Down.str1.1
                0x08008dbd        0xa Src\WW_PP.o
 .rodata.Linear_Move_Up_at_Angle.str1.1
                0x08008dc7        0xb Src\WW_PP.o
 .rodata.Rotation_to_Angle.str1.1
                0x08008dd2       0x13 Src\WW_PP.o
 .rodata.MX_I2C2_Init.str1.1
                0x08008de5        0xd Src\i2c.o
 .rodata.setup.str1.1
                0x08008df2        0x7 Src\main.o
 .rodata.AHBPrescTable
                0x08008df9       0x10 Src\system_stm32l1xx.o
                0x08008df9                AHBPrescTable
 .rodata.APBPrescTable
                0x08008e09        0x8 Src\system_stm32l1xx.o
                0x08008e09                APBPrescTable
 .rodata.PLLMulTable
                0x08008e11        0x9 Src\system_stm32l1xx.o
                0x08008e11                PLLMulTable
 .rodata.MX_TIM2_Init.str1.1
                0x08008e1a        0xd Src\tim.o
 .rodata.MX_USART1_UART_Init.str1.1
                0x08008e27        0xf Src\usart.o
 .rodata._strtod_l.str1.1
                0x08008e36        0x6 c:/program files (x86)/atollic/truestudio for stm32 9.0.0/armtools/bin/../lib/gcc/arm-atollic-eabi/6.3.1/../../../../arm-atollic-eabi/lib/armv7-m\libc_nano.a(lib_a-strtod.o)
                                  0xc (size before relaxing)
 .rodata.fpi.6134
                0x08008e3c       0x14 c:/program files (x86)/atollic/truestudio for stm32 9.0.0/armtools/bin/../lib/gcc/arm-atollic-eabi/6.3.1/../../../../arm-atollic-eabi/lib/armv7-m\libc_nano.a(lib_a-strtod.o)
 .rodata.fpinan.6170
                0x08008e50       0x14 c:/program files (x86)/atollic/truestudio for stm32 9.0.0/armtools/bin/../lib/gcc/arm-atollic-eabi/6.3.1/../../../../arm-atollic-eabi/lib/armv7-m\libc_nano.a(lib_a-strtod.o)
 *fill*         0x08008e64        0x4 
 .rodata.tinytens
                0x08008e68       0x28 c:/program files (x86)/atollic/truestudio for stm32 9.0.0/armtools/bin/../lib/gcc/arm-atollic-eabi/6.3.1/../../../../arm-atollic-eabi/lib/armv7-m\libc_nano.a(lib_a-strtod.o)
 .rodata._setlocale_r.str1.1
                0x08008e90        0x8 c:/program files (x86)/atollic/truestudio for stm32 9.0.0/armtools/bin/../lib/gcc/arm-atollic-eabi/6.3.1/../../../../arm-atollic-eabi/lib/armv7-m\libc_nano.a(lib_a-locale.o)
                                  0x9 (size before relaxing)
 .rodata.str1.1
                0x08008e98        0x2 c:/program files (x86)/atollic/truestudio for stm32 9.0.0/armtools/bin/../lib/gcc/arm-atollic-eabi/6.3.1/../../../../arm-atollic-eabi/lib/armv7-m\libc_nano.a(lib_a-locale.o)
 *fill*         0x08008e9a        0x6 
 .rodata.__mprec_bigtens
                0x08008ea0       0x28 c:/program files (x86)/atollic/truestudio for stm32 9.0.0/armtools/bin/../lib/gcc/arm-atollic-eabi/6.3.1/../../../../arm-atollic-eabi/lib/armv7-m\libc_nano.a(lib_a-mprec.o)
                0x08008ea0                __mprec_bigtens
 .rodata.__mprec_tens
                0x08008ec8       0xc8 c:/program files (x86)/atollic/truestudio for stm32 9.0.0/armtools/bin/../lib/gcc/arm-atollic-eabi/6.3.1/../../../../arm-atollic-eabi/lib/armv7-m\libc_nano.a(lib_a-mprec.o)
                0x08008ec8                __mprec_tens
 .rodata.p05.6052
                0x08008f90        0xc c:/program files (x86)/atollic/truestudio for stm32 9.0.0/armtools/bin/../lib/gcc/arm-atollic-eabi/6.3.1/../../../../arm-atollic-eabi/lib/armv7-m\libc_nano.a(lib_a-mprec.o)
 .rodata._svfprintf_r.str1.1
                0x08008f9c       0x11 c:/program files (x86)/atollic/truestudio for stm32 9.0.0/armtools/bin/../lib/gcc/arm-atollic-eabi/6.3.1/../../../../arm-atollic-eabi/lib/armv7-m\libc_nano.a(lib_a-nano-svfprintf.o)
 .rodata._printf_i.str1.1
                0x08008fad       0x22 c:/program files (x86)/atollic/truestudio for stm32 9.0.0/armtools/bin/../lib/gcc/arm-atollic-eabi/6.3.1/../../../../arm-atollic-eabi/lib/armv7-m\libc_nano.a(lib_a-nano-vfprintf_i.o)
 .rodata._ctype_
                0x08008fcf      0x101 c:/program files (x86)/atollic/truestudio for stm32 9.0.0/armtools/bin/../lib/gcc/arm-atollic-eabi/6.3.1/../../../../arm-atollic-eabi/lib/armv7-m\libc_nano.a(lib_a-ctype_.o)
                0x08008fcf                _ctype_
 .rodata._dtoa_r.str1.1
                0x080090d0        0xf c:/program files (x86)/atollic/truestudio for stm32 9.0.0/armtools/bin/../lib/gcc/arm-atollic-eabi/6.3.1/../../../../arm-atollic-eabi/lib/armv7-m\libc_nano.a(lib_a-dtoa.o)
                0x080090e0                . = ALIGN (0x4)
 *fill*         0x080090df        0x1 

.rel.dyn        0x080090e0        0x0
 .rel.iplt      0x080090e0        0x0 c:/program files (x86)/atollic/truestudio for stm32 9.0.0/armtools/bin/../lib/gcc/arm-atollic-eabi/6.3.1/armv7-m/crtbegin.o

.ARM.extab
 *(.ARM.extab* .gnu.linkonce.armextab.*)

.ARM            0x080090e0        0x0
                0x080090e0                __exidx_start = .
 *(.ARM.exidx*)
                0x080090e0                __exidx_end = .

.preinit_array  0x080090e0        0x0
                0x080090e0                PROVIDE (__preinit_array_start, .)
 *(.preinit_array*)
                0x080090e0                PROVIDE (__preinit_array_end, .)

.init_array     0x080090e0        0x4
                0x080090e0                PROVIDE (__init_array_start, .)
 *(SORT(.init_array.*))
 *(.init_array*)
 .init_array    0x080090e0        0x4 c:/program files (x86)/atollic/truestudio for stm32 9.0.0/armtools/bin/../lib/gcc/arm-atollic-eabi/6.3.1/armv7-m/crtbegin.o
                0x080090e4                PROVIDE (__init_array_end, .)

.fini_array     0x080090e4        0x4
                [!provide]                PROVIDE (__fini_array_start, .)
 *(SORT(.fini_array.*))
 *(.fini_array*)
 .fini_array    0x080090e4        0x4 c:/program files (x86)/atollic/truestudio for stm32 9.0.0/armtools/bin/../lib/gcc/arm-atollic-eabi/6.3.1/armv7-m/crtbegin.o
                [!provide]                PROVIDE (__fini_array_end, .)
                0x080090e8                _sidata = LOADADDR (.data)

.data           0x20000000      0x1d8 load address 0x080090e8
                0x20000000                . = ALIGN (0x4)
                0x20000000                _sdata = .
 *(.data)
 *(.data*)
 .data.theta    0x20000000        0x4 Src\WW_PP.o
                0x20000000                theta
 .data.SystemCoreClock
                0x20000004        0x4 Src\system_stm32l1xx.o
                0x20000004                SystemCoreClock
 .data._impure_ptr
                0x20000008        0x4 c:/program files (x86)/atollic/truestudio for stm32 9.0.0/armtools/bin/../lib/gcc/arm-atollic-eabi/6.3.1/../../../../arm-atollic-eabi/lib/armv7-m\libc_nano.a(lib_a-impure.o)
                0x20000008                _impure_ptr
 .data.impure_data
                0x2000000c       0x60 c:/program files (x86)/atollic/truestudio for stm32 9.0.0/armtools/bin/../lib/gcc/arm-atollic-eabi/6.3.1/../../../../arm-atollic-eabi/lib/armv7-m\libc_nano.a(lib_a-impure.o)
 .data.__global_locale
                0x2000006c      0x16c c:/program files (x86)/atollic/truestudio for stm32 9.0.0/armtools/bin/../lib/gcc/arm-atollic-eabi/6.3.1/../../../../arm-atollic-eabi/lib/armv7-m\libc_nano.a(lib_a-locale.o)
                0x2000006c                __global_locale
                0x200001d8                . = ALIGN (0x4)
                0x200001d8                _edata = .

.igot.plt       0x200001d8        0x0 load address 0x080092c0
 .igot.plt      0x200001d8        0x0 c:/program files (x86)/atollic/truestudio for stm32 9.0.0/armtools/bin/../lib/gcc/arm-atollic-eabi/6.3.1/armv7-m/crtbegin.o
                0x200001d8                . = ALIGN (0x4)

.bss            0x200001d8      0x5bc load address 0x080092c0
                0x200001d8                _sbss = .
                0x200001d8                __bss_start__ = _sbss
 *(.bss)
 .bss           0x200001d8       0x1c c:/program files (x86)/atollic/truestudio for stm32 9.0.0/armtools/bin/../lib/gcc/arm-atollic-eabi/6.3.1/armv7-m/crtbegin.o
 *(.bss*)
 .bss.posPID    0x200001f4        0x1 Src\WW_Loc.o
                0x200001f4                posPID
 *fill*         0x200001f5        0x3 
 .bss.prevtim.8491
                0x200001f8        0x8 Src\WW_Loc.o
 .bss.servoUp   0x20000200        0x1 Src\WW_Loc.o
                0x20000200                servoUp
 .bss.running   0x20000201        0x1 Src\WW_PP.o
                0x20000201                running
 *fill*         0x20000202        0x2 
 .bss.__malloc_free_list
                0x20000204        0x4 c:/program files (x86)/atollic/truestudio for stm32 9.0.0/armtools/bin/../lib/gcc/arm-atollic-eabi/6.3.1/../../../../arm-atollic-eabi/lib/armv7-m\libc_nano.a(lib_a-nano-mallocr.o)
                0x20000204                __malloc_free_list
 .bss.__malloc_sbrk_start
                0x20000208        0x4 c:/program files (x86)/atollic/truestudio for stm32 9.0.0/armtools/bin/../lib/gcc/arm-atollic-eabi/6.3.1/../../../../arm-atollic-eabi/lib/armv7-m\libc_nano.a(lib_a-nano-mallocr.o)
                0x20000208                __malloc_sbrk_start
 .bss.heap_end.4116
                0x2000020c        0x4 c:/program files (x86)/atollic/truestudio for stm32 9.0.0/armtools/bin/../lib/gcc/arm-atollic-eabi/6.3.1/../../../../arm-atollic-eabi/lib/armv7-m\libnosys.a(sbrk.o)
 *(COMMON)
 COMMON         0x20000210        0x4 Drivers\STM32L1xx_HAL_Driver\Src\stm32l1xx_hal.o
                0x20000210                uwTick
 COMMON         0x20000214       0x68 Src\WW_CMD.o
                0x20000214                Transfer_cplt
                0x20000215                Rx_indx
                0x20000216                Rx_data
                0x20000218                Rx_Buffer
 COMMON         0x2000027c      0x130 Src\WW_Defs.o
                0x2000027c                buildqueue
                0x200002e0                COM
                0x20000348                deqtemp
 COMMON         0x200003ac      0x128 Src\WW_Loc.o
                0x200003ac                right
                0x20000440                left
 *fill*         0x200004d4        0x4 
 COMMON         0x200004d8       0x48 Src\WW_PP.o
                0x200004d8                rot
                0x200004dc                x_dis
                0x200004e0                lin_dis
                0x200004e4                BarrierCrossed
                0x200004e8                lenr
                0x200004ec                out
                0x200004f0                temp
                0x200004f8                state
                0x200004fc                buffer
                0x2000050b                BC_CMD
                0x20000510                d_y
                0x20000518                dis
                0x2000051c                len
 COMMON         0x20000520       0x45 Src\WW_Sen.o
                0x20000520                x
                0x2000053c                encBval_R
                0x20000540                accel
                0x20000548                y
                0x20000564                encBval_L
 *fill*         0x20000565        0x3 
 COMMON         0x20000568       0x54 Src\i2c.o
                0x20000568                hi2c2
 *fill*         0x200005bc        0x4 
 COMMON         0x200005c0        0x8 Src\main.o
                0x200005c0                a_y
 COMMON         0x200005c8      0x188 Src\tim.o
                0x200005c8                htim10
                0x20000600                htim5
                0x20000638                htim3
                0x20000670                htim11
                0x200006a8                htim6
                0x200006e0                htim9
                0x20000718                htim2
 COMMON         0x20000750       0x40 Src\usart.o
                0x20000750                huart1
 COMMON         0x20000790        0x4 c:/program files (x86)/atollic/truestudio for stm32 9.0.0/armtools/bin/../lib/gcc/arm-atollic-eabi/6.3.1/../../../../arm-atollic-eabi/lib/armv7-m\libc_nano.a(lib_a-reent.o)
                0x20000790                errno
                0x20000794                . = ALIGN (0x4)
                0x20000794                _ebss = .
                0x20000794                __bss_end__ = _ebss

._user_heap_stack
                0x20000794      0x600 load address 0x080092c0
                0x20000794                . = ALIGN (0x4)
                0x20000794                PROVIDE (end, .)
                [!provide]                PROVIDE (_end, .)
                0x20000994                . = (. + _Min_Heap_Size)
 *fill*         0x20000794      0x200 
                0x20000d94                . = (. + _Min_Stack_Size)
 *fill*         0x20000994      0x400 
                0x20000d94                . = ALIGN (0x4)

/DISCARD/
 libc.a(*)
 libm.a(*)
 libgcc.a(*)

.ARM.attributes
                0x00000000       0x29
 *(.ARM.attributes)
 .ARM.attributes
                0x00000000       0x1d c:/program files (x86)/atollic/truestudio for stm32 9.0.0/armtools/bin/../lib/gcc/arm-atollic-eabi/6.3.1/armv7-m/crti.o
 .ARM.attributes
                0x0000001d       0x2d c:/program files (x86)/atollic/truestudio for stm32 9.0.0/armtools/bin/../lib/gcc/arm-atollic-eabi/6.3.1/armv7-m/crtbegin.o
 .ARM.attributes
                0x0000004a       0x33 Drivers\STM32L1xx_HAL_Driver\Src\stm32l1xx_hal.o
 .ARM.attributes
                0x0000007d       0x33 Drivers\STM32L1xx_HAL_Driver\Src\stm32l1xx_hal_cortex.o
 .ARM.attributes
                0x000000b0       0x33 Drivers\STM32L1xx_HAL_Driver\Src\stm32l1xx_hal_gpio.o
 .ARM.attributes
                0x000000e3       0x33 Drivers\STM32L1xx_HAL_Driver\Src\stm32l1xx_hal_i2c.o
 .ARM.attributes
                0x00000116       0x33 Drivers\STM32L1xx_HAL_Driver\Src\stm32l1xx_hal_rcc.o
 .ARM.attributes
                0x00000149       0x33 Drivers\STM32L1xx_HAL_Driver\Src\stm32l1xx_hal_tim.o
 .ARM.attributes
                0x0000017c       0x33 Drivers\STM32L1xx_HAL_Driver\Src\stm32l1xx_hal_tim_ex.o
 .ARM.attributes
                0x000001af       0x33 Drivers\STM32L1xx_HAL_Driver\Src\stm32l1xx_hal_uart.o
 .ARM.attributes
                0x000001e2       0x33 Src\WW_CMD.o
 .ARM.attributes
                0x00000215       0x33 Src\WW_Defs.o
 .ARM.attributes
                0x00000248       0x33 Src\WW_Loc.o
 .ARM.attributes
                0x0000027b       0x33 Src\WW_PP.o
 .ARM.attributes
                0x000002ae       0x33 Src\WW_Sen.o
 .ARM.attributes
                0x000002e1       0x33 Src\gpio.o
 .ARM.attributes
                0x00000314       0x33 Src\i2c.o
 .ARM.attributes
                0x00000347       0x33 Src\main.o
 .ARM.attributes
                0x0000037a       0x33 Src\pid_controller.o
 .ARM.attributes
                0x000003ad       0x33 Src\stm32l1xx_hal_msp.o
 .ARM.attributes
                0x000003e0       0x33 Src\stm32l1xx_it.o
 .ARM.attributes
                0x00000413       0x33 Src\system_stm32l1xx.o
 .ARM.attributes
                0x00000446       0x33 Src\tim.o
 .ARM.attributes
                0x00000479       0x33 Src\usart.o
 .ARM.attributes
                0x000004ac       0x21 startup\startup_stm32l152xc.o
 .ARM.attributes
                0x000004cd       0x2d c:/program files (x86)/atollic/truestudio for stm32 9.0.0/armtools/bin/../lib/gcc/arm-atollic-eabi/6.3.1/../../../../arm-atollic-eabi/lib/armv7-m\libc_nano.a(lib_a-atof.o)
 .ARM.attributes
                0x000004fa       0x2d c:/program files (x86)/atollic/truestudio for stm32 9.0.0/armtools/bin/../lib/gcc/arm-atollic-eabi/6.3.1/../../../../arm-atollic-eabi/lib/armv7-m\libc_nano.a(lib_a-atoi.o)
 .ARM.attributes
                0x00000527       0x2d c:/program files (x86)/atollic/truestudio for stm32 9.0.0/armtools/bin/../lib/gcc/arm-atollic-eabi/6.3.1/../../../../arm-atollic-eabi/lib/armv7-m\libc_nano.a(lib_a-efgcvt.o)
 .ARM.attributes
                0x00000554       0x2d c:/program files (x86)/atollic/truestudio for stm32 9.0.0/armtools/bin/../lib/gcc/arm-atollic-eabi/6.3.1/../../../../arm-atollic-eabi/lib/armv7-m\libc_nano.a(lib_a-impure.o)
 .ARM.attributes
                0x00000581       0x2d c:/program files (x86)/atollic/truestudio for stm32 9.0.0/armtools/bin/../lib/gcc/arm-atollic-eabi/6.3.1/../../../../arm-atollic-eabi/lib/armv7-m\libc_nano.a(lib_a-init.o)
 .ARM.attributes
                0x000005ae       0x2d c:/program files (x86)/atollic/truestudio for stm32 9.0.0/armtools/bin/../lib/gcc/arm-atollic-eabi/6.3.1/../../../../arm-atollic-eabi/lib/armv7-m\libc_nano.a(lib_a-memset.o)
 .ARM.attributes
                0x000005db       0x2d c:/program files (x86)/atollic/truestudio for stm32 9.0.0/armtools/bin/../lib/gcc/arm-atollic-eabi/6.3.1/../../../../arm-atollic-eabi/lib/armv7-m\libc_nano.a(lib_a-sprintf.o)
 .ARM.attributes
                0x00000608       0x2d c:/program files (x86)/atollic/truestudio for stm32 9.0.0/armtools/bin/../lib/gcc/arm-atollic-eabi/6.3.1/../../../../arm-atollic-eabi/lib/armv7-m\libc_nano.a(lib_a-strcpy.o)
 .ARM.attributes
                0x00000635       0x2d c:/program files (x86)/atollic/truestudio for stm32 9.0.0/armtools/bin/../lib/gcc/arm-atollic-eabi/6.3.1/../../../../arm-atollic-eabi/lib/armv7-m\libc_nano.a(lib_a-strncmp.o)
 .ARM.attributes
                0x00000662       0x2d c:/program files (x86)/atollic/truestudio for stm32 9.0.0/armtools/bin/../lib/gcc/arm-atollic-eabi/6.3.1/../../../../arm-atollic-eabi/lib/armv7-m\libc_nano.a(lib_a-strtod.o)
 .ARM.attributes
                0x0000068f       0x2d c:/program files (x86)/atollic/truestudio for stm32 9.0.0/armtools/bin/../lib/gcc/arm-atollic-eabi/6.3.1/../../../../arm-atollic-eabi/lib/armv7-m\libc_nano.a(lib_a-strtok.o)
 .ARM.attributes
                0x000006bc       0x2d c:/program files (x86)/atollic/truestudio for stm32 9.0.0/armtools/bin/../lib/gcc/arm-atollic-eabi/6.3.1/../../../../arm-atollic-eabi/lib/armv7-m\libc_nano.a(lib_a-strtok_r.o)
 .ARM.attributes
                0x000006e9       0x2d c:/program files (x86)/atollic/truestudio for stm32 9.0.0/armtools/bin/../lib/gcc/arm-atollic-eabi/6.3.1/../../../../arm-atollic-eabi/lib/armv7-m\libc_nano.a(lib_a-strtol.o)
 .ARM.attributes
                0x00000716       0x2d c:/program files (x86)/atollic/truestudio for stm32 9.0.0/armtools/bin/../lib/gcc/arm-atollic-eabi/6.3.1/../../../../arm-atollic-eabi/lib/armv7-m\libc_nano.a(lib_a-ecvtbuf.o)
 .ARM.attributes
                0x00000743       0x2d c:/program files (x86)/atollic/truestudio for stm32 9.0.0/armtools/bin/../lib/gcc/arm-atollic-eabi/6.3.1/../../../../arm-atollic-eabi/lib/armv7-m\libc_nano.a(lib_a-gdtoa-gethex.o)
 .ARM.attributes
                0x00000770       0x2d c:/program files (x86)/atollic/truestudio for stm32 9.0.0/armtools/bin/../lib/gcc/arm-atollic-eabi/6.3.1/../../../../arm-atollic-eabi/lib/armv7-m\libc_nano.a(lib_a-gdtoa-hexnan.o)
 .ARM.attributes
                0x0000079d       0x2d c:/program files (x86)/atollic/truestudio for stm32 9.0.0/armtools/bin/../lib/gcc/arm-atollic-eabi/6.3.1/../../../../arm-atollic-eabi/lib/armv7-m\libc_nano.a(lib_a-locale.o)
 .ARM.attributes
                0x000007ca       0x2d c:/program files (x86)/atollic/truestudio for stm32 9.0.0/armtools/bin/../lib/gcc/arm-atollic-eabi/6.3.1/../../../../arm-atollic-eabi/lib/armv7-m\libc_nano.a(lib_a-localeconv.o)
 .ARM.attributes
                0x000007f7       0x2d c:/program files (x86)/atollic/truestudio for stm32 9.0.0/armtools/bin/../lib/gcc/arm-atollic-eabi/6.3.1/../../../../arm-atollic-eabi/lib/armv7-m\libc_nano.a(lib_a-malloc.o)
 .ARM.attributes
                0x00000824       0x2d c:/program files (x86)/atollic/truestudio for stm32 9.0.0/armtools/bin/../lib/gcc/arm-atollic-eabi/6.3.1/../../../../arm-atollic-eabi/lib/armv7-m\libc_nano.a(lib_a-mbtowc_r.o)
 .ARM.attributes
                0x00000851       0x2d c:/program files (x86)/atollic/truestudio for stm32 9.0.0/armtools/bin/../lib/gcc/arm-atollic-eabi/6.3.1/../../../../arm-atollic-eabi/lib/armv7-m\libc_nano.a(lib_a-memcpy-stub.o)
 .ARM.attributes
                0x0000087e       0x2d c:/program files (x86)/atollic/truestudio for stm32 9.0.0/armtools/bin/../lib/gcc/arm-atollic-eabi/6.3.1/../../../../arm-atollic-eabi/lib/armv7-m\libc_nano.a(lib_a-mprec.o)
 .ARM.attributes
                0x000008ab       0x2d c:/program files (x86)/atollic/truestudio for stm32 9.0.0/armtools/bin/../lib/gcc/arm-atollic-eabi/6.3.1/../../../../arm-atollic-eabi/lib/armv7-m\libc_nano.a(lib_a-nano-callocr.o)
 .ARM.attributes
                0x000008d8       0x2d c:/program files (x86)/atollic/truestudio for stm32 9.0.0/armtools/bin/../lib/gcc/arm-atollic-eabi/6.3.1/../../../../arm-atollic-eabi/lib/armv7-m\libc_nano.a(lib_a-nano-freer.o)
 .ARM.attributes
                0x00000905       0x2d c:/program files (x86)/atollic/truestudio for stm32 9.0.0/armtools/bin/../lib/gcc/arm-atollic-eabi/6.3.1/../../../../arm-atollic-eabi/lib/armv7-m\libc_nano.a(lib_a-nano-mallocr.o)
 .ARM.attributes
                0x00000932       0x2d c:/program files (x86)/atollic/truestudio for stm32 9.0.0/armtools/bin/../lib/gcc/arm-atollic-eabi/6.3.1/../../../../arm-atollic-eabi/lib/armv7-m\libc_nano.a(lib_a-nano-reallocr.o)
 .ARM.attributes
                0x0000095f       0x2d c:/program files (x86)/atollic/truestudio for stm32 9.0.0/armtools/bin/../lib/gcc/arm-atollic-eabi/6.3.1/../../../../arm-atollic-eabi/lib/armv7-m\libc_nano.a(lib_a-nano-svfprintf.o)
 .ARM.attributes
                0x0000098c       0x2d c:/program files (x86)/atollic/truestudio for stm32 9.0.0/armtools/bin/../lib/gcc/arm-atollic-eabi/6.3.1/../../../../arm-atollic-eabi/lib/armv7-m\libc_nano.a(lib_a-nano-vfprintf_i.o)
 .ARM.attributes
                0x000009b9       0x2d c:/program files (x86)/atollic/truestudio for stm32 9.0.0/armtools/bin/../lib/gcc/arm-atollic-eabi/6.3.1/../../../../arm-atollic-eabi/lib/armv7-m\libc_nano.a(lib_a-sbrkr.o)
 .ARM.attributes
                0x000009e6       0x17 c:/program files (x86)/atollic/truestudio for stm32 9.0.0/armtools/bin/../lib/gcc/arm-atollic-eabi/6.3.1/../../../../arm-atollic-eabi/lib/armv7-m\libc_nano.a(lib_a-strlen.o)
 .ARM.attributes
                0x000009fd       0x2d c:/program files (x86)/atollic/truestudio for stm32 9.0.0/armtools/bin/../lib/gcc/arm-atollic-eabi/6.3.1/../../../../arm-atollic-eabi/lib/armv7-m\libc_nano.a(lib_a-wctomb_r.o)
 .ARM.attributes
                0x00000a2a       0x2d c:/program files (x86)/atollic/truestudio for stm32 9.0.0/armtools/bin/../lib/gcc/arm-atollic-eabi/6.3.1/../../../../arm-atollic-eabi/lib/armv7-m\libc_nano.a(lib_a-ctype_.o)
 .ARM.attributes
                0x00000a57       0x2d c:/program files (x86)/atollic/truestudio for stm32 9.0.0/armtools/bin/../lib/gcc/arm-atollic-eabi/6.3.1/../../../../arm-atollic-eabi/lib/armv7-m\libc_nano.a(lib_a-dtoa.o)
 .ARM.attributes
                0x00000a84       0x2d c:/program files (x86)/atollic/truestudio for stm32 9.0.0/armtools/bin/../lib/gcc/arm-atollic-eabi/6.3.1/../../../../arm-atollic-eabi/lib/armv7-m\libc_nano.a(lib_a-memchr-stub.o)
 .ARM.attributes
                0x00000ab1       0x2d c:/program files (x86)/atollic/truestudio for stm32 9.0.0/armtools/bin/../lib/gcc/arm-atollic-eabi/6.3.1/../../../../arm-atollic-eabi/lib/armv7-m\libc_nano.a(lib_a-memmove.o)
 .ARM.attributes
                0x00000ade       0x2d c:/program files (x86)/atollic/truestudio for stm32 9.0.0/armtools/bin/../lib/gcc/arm-atollic-eabi/6.3.1/../../../../arm-atollic-eabi/lib/armv7-m\libc_nano.a(lib_a-mlock.o)
 .ARM.attributes
                0x00000b0b       0x2d c:/program files (x86)/atollic/truestudio for stm32 9.0.0/armtools/bin/../lib/gcc/arm-atollic-eabi/6.3.1/../../../../arm-atollic-eabi/lib/armv7-m\libc_nano.a(lib_a-nano-msizer.o)
 .ARM.attributes
                0x00000b38       0x2d c:/program files (x86)/atollic/truestudio for stm32 9.0.0/armtools/bin/../lib/gcc/arm-atollic-eabi/6.3.1/../../../../arm-atollic-eabi/lib/armv7-m\libc_nano.a(lib_a-reent.o)
 .ARM.attributes
                0x00000b65       0x1d c:/program files (x86)/atollic/truestudio for stm32 9.0.0/armtools/bin/../lib/gcc/arm-atollic-eabi/6.3.1/armv7-m\libgcc.a(_arm_addsubdf3.o)
 .ARM.attributes
                0x00000b82       0x1d c:/program files (x86)/atollic/truestudio for stm32 9.0.0/armtools/bin/../lib/gcc/arm-atollic-eabi/6.3.1/armv7-m\libgcc.a(_arm_muldivdf3.o)
 .ARM.attributes
                0x00000b9f       0x1d c:/program files (x86)/atollic/truestudio for stm32 9.0.0/armtools/bin/../lib/gcc/arm-atollic-eabi/6.3.1/armv7-m\libgcc.a(_arm_cmpdf2.o)
 .ARM.attributes
                0x00000bbc       0x1d c:/program files (x86)/atollic/truestudio for stm32 9.0.0/armtools/bin/../lib/gcc/arm-atollic-eabi/6.3.1/armv7-m\libgcc.a(_arm_fixdfsi.o)
 .ARM.attributes
                0x00000bd9       0x1d c:/program files (x86)/atollic/truestudio for stm32 9.0.0/armtools/bin/../lib/gcc/arm-atollic-eabi/6.3.1/armv7-m\libgcc.a(_arm_fixunsdfsi.o)
 .ARM.attributes
                0x00000bf6       0x1d c:/program files (x86)/atollic/truestudio for stm32 9.0.0/armtools/bin/../lib/gcc/arm-atollic-eabi/6.3.1/armv7-m\libgcc.a(_arm_truncdfsf2.o)
 .ARM.attributes
                0x00000c13       0x1d c:/program files (x86)/atollic/truestudio for stm32 9.0.0/armtools/bin/../lib/gcc/arm-atollic-eabi/6.3.1/armv7-m\libgcc.a(_arm_addsubsf3.o)
 .ARM.attributes
                0x00000c30       0x1d c:/program files (x86)/atollic/truestudio for stm32 9.0.0/armtools/bin/../lib/gcc/arm-atollic-eabi/6.3.1/armv7-m\libgcc.a(_arm_muldivsf3.o)
 .ARM.attributes
                0x00000c4d       0x1d c:/program files (x86)/atollic/truestudio for stm32 9.0.0/armtools/bin/../lib/gcc/arm-atollic-eabi/6.3.1/armv7-m\libgcc.a(_arm_cmpsf2.o)
 .ARM.attributes
                0x00000c6a       0x1d c:/program files (x86)/atollic/truestudio for stm32 9.0.0/armtools/bin/../lib/gcc/arm-atollic-eabi/6.3.1/armv7-m\libgcc.a(_arm_fixsfsi.o)
 .ARM.attributes
                0x00000c87       0x1d c:/program files (x86)/atollic/truestudio for stm32 9.0.0/armtools/bin/../lib/gcc/arm-atollic-eabi/6.3.1/armv7-m\libgcc.a(_arm_fixunssfsi.o)
 .ARM.attributes
                0x00000ca4       0x2d c:/program files (x86)/atollic/truestudio for stm32 9.0.0/armtools/bin/../lib/gcc/arm-atollic-eabi/6.3.1/../../../../arm-atollic-eabi/lib/armv7-m\libnosys.a(sbrk.o)
 .ARM.attributes
                0x00000cd1       0x1d c:/program files (x86)/atollic/truestudio for stm32 9.0.0/armtools/bin/../lib/gcc/arm-atollic-eabi/6.3.1/armv7-m/crtn.o
OUTPUT(SysTest.elf elf32-littlearm)

.debug_info     0x00000000    0x1f948
 .debug_info    0x00000000      0xeb7 Drivers\STM32L1xx_HAL_Driver\Src\stm32l1xx_hal.o
 .debug_info    0x00000eb7     0x16c5 Drivers\STM32L1xx_HAL_Driver\Src\stm32l1xx_hal_cortex.o
 .debug_info    0x0000257c      0xe9c Drivers\STM32L1xx_HAL_Driver\Src\stm32l1xx_hal_gpio.o
 .debug_info    0x00003418     0x35b9 Drivers\STM32L1xx_HAL_Driver\Src\stm32l1xx_hal_i2c.o
 .debug_info    0x000069d1     0x1e43 Drivers\STM32L1xx_HAL_Driver\Src\stm32l1xx_hal_rcc.o
 .debug_info    0x00008814     0x3a68 Drivers\STM32L1xx_HAL_Driver\Src\stm32l1xx_hal_tim.o
 .debug_info    0x0000c27c      0xe8a Drivers\STM32L1xx_HAL_Driver\Src\stm32l1xx_hal_tim_ex.o
 .debug_info    0x0000d106     0x19e3 Drivers\STM32L1xx_HAL_Driver\Src\stm32l1xx_hal_uart.o
 .debug_info    0x0000eae9     0x1bc1 Src\WW_CMD.o
 .debug_info    0x000106aa      0xacd Src\WW_Defs.o
 .debug_info    0x00011177     0x1e73 Src\WW_Loc.o
 .debug_info    0x00012fea     0x160a Src\WW_PP.o
 .debug_info    0x000145f4     0x1863 Src\WW_Sen.o
 .debug_info    0x00015e57      0xcf3 Src\gpio.o
 .debug_info    0x00016b4a     0x1120 Src\i2c.o
 .debug_info    0x00017c6a     0x1b71 Src\main.o
 .debug_info    0x000197db      0x573 Src\pid_controller.o
 .debug_info    0x00019d4e      0xd1f Src\stm32l1xx_hal_msp.o
 .debug_info    0x0001aa6d     0x10d4 Src\stm32l1xx_it.o
 .debug_info    0x0001bb41      0xc69 Src\system_stm32l1xx.o
 .debug_info    0x0001c7aa     0x1ebc Src\tim.o
 .debug_info    0x0001e666     0x1263 Src\usart.o
 .debug_info    0x0001f8c9       0x7f startup\startup_stm32l152xc.o

.debug_abbrev   0x00000000     0x3b67
 .debug_abbrev  0x00000000      0x2a4 Drivers\STM32L1xx_HAL_Driver\Src\stm32l1xx_hal.o
 .debug_abbrev  0x000002a4      0x386 Drivers\STM32L1xx_HAL_Driver\Src\stm32l1xx_hal_cortex.o
 .debug_abbrev  0x0000062a      0x268 Drivers\STM32L1xx_HAL_Driver\Src\stm32l1xx_hal_gpio.o
 .debug_abbrev  0x00000892      0x396 Drivers\STM32L1xx_HAL_Driver\Src\stm32l1xx_hal_i2c.o
 .debug_abbrev  0x00000c28      0x37e Drivers\STM32L1xx_HAL_Driver\Src\stm32l1xx_hal_rcc.o
 .debug_abbrev  0x00000fa6      0x394 Drivers\STM32L1xx_HAL_Driver\Src\stm32l1xx_hal_tim.o
 .debug_abbrev  0x0000133a      0x1bf Drivers\STM32L1xx_HAL_Driver\Src\stm32l1xx_hal_tim_ex.o
 .debug_abbrev  0x000014f9      0x36c Drivers\STM32L1xx_HAL_Driver\Src\stm32l1xx_hal_uart.o
 .debug_abbrev  0x00001865      0x2ef Src\WW_CMD.o
 .debug_abbrev  0x00001b54      0x280 Src\WW_Defs.o
 .debug_abbrev  0x00001dd4      0x45b Src\WW_Loc.o
 .debug_abbrev  0x0000222f      0x31a Src\WW_PP.o
 .debug_abbrev  0x00002549      0x307 Src\WW_Sen.o
 .debug_abbrev  0x00002850      0x1ec Src\gpio.o
 .debug_abbrev  0x00002a3c      0x229 Src\i2c.o
 .debug_abbrev  0x00002c65      0x2d3 Src\main.o
 .debug_abbrev  0x00002f38      0x18a Src\pid_controller.o
 .debug_abbrev  0x000030c2      0x200 Src\stm32l1xx_hal_msp.o
 .debug_abbrev  0x000032c2      0x1c9 Src\stm32l1xx_it.o
 .debug_abbrev  0x0000348b      0x1ca Src\system_stm32l1xx.o
 .debug_abbrev  0x00003655      0x2d0 Src\tim.o
 .debug_abbrev  0x00003925      0x230 Src\usart.o
 .debug_abbrev  0x00003b55       0x12 startup\startup_stm32l152xc.o

.debug_loc      0x00000000     0x8fd4
 .debug_loc     0x00000000       0x6a Drivers\STM32L1xx_HAL_Driver\Src\stm32l1xx_hal.o
 .debug_loc     0x0000006a      0x48c Drivers\STM32L1xx_HAL_Driver\Src\stm32l1xx_hal_cortex.o
 .debug_loc     0x000004f6      0x2df Drivers\STM32L1xx_HAL_Driver\Src\stm32l1xx_hal_gpio.o
 .debug_loc     0x000007d5     0x25b8 Drivers\STM32L1xx_HAL_Driver\Src\stm32l1xx_hal_i2c.o
 .debug_loc     0x00002d8d      0xaf6 Drivers\STM32L1xx_HAL_Driver\Src\stm32l1xx_hal_rcc.o
 .debug_loc     0x00003883     0x2fae Drivers\STM32L1xx_HAL_Driver\Src\stm32l1xx_hal_tim.o
 .debug_loc     0x00006831       0x63 Drivers\STM32L1xx_HAL_Driver\Src\stm32l1xx_hal_tim_ex.o
 .debug_loc     0x00006894      0xdb4 Drivers\STM32L1xx_HAL_Driver\Src\stm32l1xx_hal_uart.o
 .debug_loc     0x00007648      0x5e7 Src\WW_CMD.o
 .debug_loc     0x00007c2f       0x5a Src\WW_Defs.o
 .debug_loc     0x00007c89      0x6f1 Src\WW_Loc.o
 .debug_loc     0x0000837a       0x48 Src\WW_PP.o
 .debug_loc     0x000083c2      0x313 Src\WW_Sen.o
 .debug_loc     0x000086d5       0x4d Src\i2c.o
 .debug_loc     0x00008722      0x5e8 Src\pid_controller.o
 .debug_loc     0x00008d0a      0x135 Src\system_stm32l1xx.o
 .debug_loc     0x00008e3f      0x148 Src\tim.o
 .debug_loc     0x00008f87       0x4d Src\usart.o

.debug_aranges  0x00000000      0xb88
 .debug_aranges
                0x00000000       0xa8 Drivers\STM32L1xx_HAL_Driver\Src\stm32l1xx_hal.o
 .debug_aranges
                0x000000a8       0xa8 Drivers\STM32L1xx_HAL_Driver\Src\stm32l1xx_hal_cortex.o
 .debug_aranges
                0x00000150       0x58 Drivers\STM32L1xx_HAL_Driver\Src\stm32l1xx_hal_gpio.o
 .debug_aranges
                0x000001a8      0x190 Drivers\STM32L1xx_HAL_Driver\Src\stm32l1xx_hal_i2c.o
 .debug_aranges
                0x00000338       0x90 Drivers\STM32L1xx_HAL_Driver\Src\stm32l1xx_hal_rcc.o
 .debug_aranges
                0x000003c8      0x218 Drivers\STM32L1xx_HAL_Driver\Src\stm32l1xx_hal_tim.o
 .debug_aranges
                0x000005e0       0x28 Drivers\STM32L1xx_HAL_Driver\Src\stm32l1xx_hal_tim_ex.o
 .debug_aranges
                0x00000608      0x108 Drivers\STM32L1xx_HAL_Driver\Src\stm32l1xx_hal_uart.o
 .debug_aranges
                0x00000710       0x38 Src\WW_CMD.o
 .debug_aranges
                0x00000748       0x48 Src\WW_Defs.o
 .debug_aranges
                0x00000790       0x98 Src\WW_Loc.o
 .debug_aranges
                0x00000828       0x70 Src\WW_PP.o
 .debug_aranges
                0x00000898       0x90 Src\WW_Sen.o
 .debug_aranges
                0x00000928       0x20 Src\gpio.o
 .debug_aranges
                0x00000948       0x30 Src\i2c.o
 .debug_aranges
                0x00000978       0x48 Src\main.o
 .debug_aranges
                0x000009c0       0x68 Src\pid_controller.o
 .debug_aranges
                0x00000a28       0x20 Src\stm32l1xx_hal_msp.o
 .debug_aranges
                0x00000a48       0x48 Src\stm32l1xx_it.o
 .debug_aranges
                0x00000a90       0x28 Src\system_stm32l1xx.o
 .debug_aranges
                0x00000ab8       0x78 Src\tim.o
 .debug_aranges
                0x00000b30       0x30 Src\usart.o
 .debug_aranges
                0x00000b60       0x28 startup\startup_stm32l152xc.o

.debug_ranges   0x00000000     0x13b0
 .debug_ranges  0x00000000       0x98 Drivers\STM32L1xx_HAL_Driver\Src\stm32l1xx_hal.o
 .debug_ranges  0x00000098      0x140 Drivers\STM32L1xx_HAL_Driver\Src\stm32l1xx_hal_cortex.o
 .debug_ranges  0x000001d8       0x68 Drivers\STM32L1xx_HAL_Driver\Src\stm32l1xx_hal_gpio.o
 .debug_ranges  0x00000240      0x418 Drivers\STM32L1xx_HAL_Driver\Src\stm32l1xx_hal_i2c.o
 .debug_ranges  0x00000658      0x2a8 Drivers\STM32L1xx_HAL_Driver\Src\stm32l1xx_hal_rcc.o
 .debug_ranges  0x00000900      0x310 Drivers\STM32L1xx_HAL_Driver\Src\stm32l1xx_hal_tim.o
 .debug_ranges  0x00000c10       0x18 Drivers\STM32L1xx_HAL_Driver\Src\stm32l1xx_hal_tim_ex.o
 .debug_ranges  0x00000c28      0x140 Drivers\STM32L1xx_HAL_Driver\Src\stm32l1xx_hal_uart.o
 .debug_ranges  0x00000d68       0xc0 Src\WW_CMD.o
 .debug_ranges  0x00000e28       0x50 Src\WW_Defs.o
 .debug_ranges  0x00000e78      0x128 Src\WW_Loc.o
 .debug_ranges  0x00000fa0       0x90 Src\WW_PP.o
 .debug_ranges  0x00001030       0x80 Src\WW_Sen.o
 .debug_ranges  0x000010b0       0x78 Src\gpio.o
 .debug_ranges  0x00001128       0x20 Src\i2c.o
 .debug_ranges  0x00001148       0x38 Src\main.o
 .debug_ranges  0x00001180       0x58 Src\pid_controller.o
 .debug_ranges  0x000011d8       0x28 Src\stm32l1xx_hal_msp.o
 .debug_ranges  0x00001200       0x38 Src\stm32l1xx_it.o
 .debug_ranges  0x00001238       0x18 Src\system_stm32l1xx.o
 .debug_ranges  0x00001250      0x100 Src\tim.o
 .debug_ranges  0x00001350       0x40 Src\usart.o
 .debug_ranges  0x00001390       0x20 startup\startup_stm32l152xc.o

.debug_line     0x00000000     0x846c
 .debug_line    0x00000000      0x3ed Drivers\STM32L1xx_HAL_Driver\Src\stm32l1xx_hal.o
 .debug_line    0x000003ed      0x4e4 Drivers\STM32L1xx_HAL_Driver\Src\stm32l1xx_hal_cortex.o
 .debug_line    0x000008d1      0x473 Drivers\STM32L1xx_HAL_Driver\Src\stm32l1xx_hal_gpio.o
 .debug_line    0x00000d44     0x19b1 Drivers\STM32L1xx_HAL_Driver\Src\stm32l1xx_hal_i2c.o
 .debug_line    0x000026f5      0xa34 Drivers\STM32L1xx_HAL_Driver\Src\stm32l1xx_hal_rcc.o
 .debug_line    0x00003129     0x1038 Drivers\STM32L1xx_HAL_Driver\Src\stm32l1xx_hal_tim.o
 .debug_line    0x00004161      0x344 Drivers\STM32L1xx_HAL_Driver\Src\stm32l1xx_hal_tim_ex.o
 .debug_line    0x000044a5      0xa73 Drivers\STM32L1xx_HAL_Driver\Src\stm32l1xx_hal_uart.o
 .debug_line    0x00004f18      0x52c Src\WW_CMD.o
 .debug_line    0x00005444      0x2be Src\WW_Defs.o
 .debug_line    0x00005702      0x654 Src\WW_Loc.o
 .debug_line    0x00005d56      0x492 Src\WW_PP.o
 .debug_line    0x000061e8      0x4e5 Src\WW_Sen.o
 .debug_line    0x000066cd      0x2d4 Src\gpio.o
 .debug_line    0x000069a1      0x30b Src\i2c.o
 .debug_line    0x00006cac      0x4b5 Src\main.o
 .debug_line    0x00007161      0x1c6 Src\pid_controller.o
 .debug_line    0x00007327      0x28e Src\stm32l1xx_hal_msp.o
 .debug_line    0x000075b5      0x342 Src\stm32l1xx_it.o
 .debug_line    0x000078f7      0x282 Src\system_stm32l1xx.o
 .debug_line    0x00007b79      0x540 Src\tim.o
 .debug_line    0x000080b9      0x336 Src\usart.o
 .debug_line    0x000083ef       0x7d startup\startup_stm32l152xc.o

.debug_str      0x00000000     0x4093
 .debug_str     0x00000000      0xba2 Drivers\STM32L1xx_HAL_Driver\Src\stm32l1xx_hal.o
                                0xc38 (size before relaxing)
 .debug_str     0x00000ba2      0x3fc Drivers\STM32L1xx_HAL_Driver\Src\stm32l1xx_hal_cortex.o
                                0xeda (size before relaxing)
 .debug_str     0x00000f9e      0x1b9 Drivers\STM32L1xx_HAL_Driver\Src\stm32l1xx_hal_gpio.o
                                0x8a6 (size before relaxing)
 .debug_str     0x00001157      0xbec Drivers\STM32L1xx_HAL_Driver\Src\stm32l1xx_hal_i2c.o
                               0x12d9 (size before relaxing)
 .debug_str     0x00001d43      0x371 Drivers\STM32L1xx_HAL_Driver\Src\stm32l1xx_hal_rcc.o
                                0xb08 (size before relaxing)
 .debug_str     0x000020b4      0xeb9 Drivers\STM32L1xx_HAL_Driver\Src\stm32l1xx_hal_tim.o
                               0x1769 (size before relaxing)
 .debug_str     0x00002f6d       0xc7 Drivers\STM32L1xx_HAL_Driver\Src\stm32l1xx_hal_tim_ex.o
                                0xab8 (size before relaxing)
 .debug_str     0x00003034      0x50a Drivers\STM32L1xx_HAL_Driver\Src\stm32l1xx_hal_uart.o
                                0xe14 (size before relaxing)
 .debug_str     0x0000353e      0x268 Src\WW_CMD.o
                                0xe42 (size before relaxing)
 .debug_str     0x000037a6       0x6c Src\WW_Defs.o
                                0x63d (size before relaxing)
 .debug_str     0x00003812      0x350 Src\WW_Loc.o
                               0x1068 (size before relaxing)
 .debug_str     0x00003b62       0xc6 Src\WW_PP.o
                                0xd4c (size before relaxing)
 .debug_str     0x00003c28      0x11a Src\WW_Sen.o
                                0xeb8 (size before relaxing)
 .debug_str     0x00003d42       0x2b Src\gpio.o
                                0x759 (size before relaxing)
 .debug_str     0x00003d6d       0x39 Src\i2c.o
                                0xbff (size before relaxing)
 .debug_str     0x00003da6       0xa2 Src\main.o
                               0x1579 (size before relaxing)
 .debug_str     0x00003e48       0xd5 Src\pid_controller.o
                                0x321 (size before relaxing)
 .debug_str     0x00003f1d       0x28 Src\stm32l1xx_hal_msp.o
                                0xa2e (size before relaxing)
 .debug_str     0x00003f45       0x78 Src\stm32l1xx_it.o
                                0xc35 (size before relaxing)
 .debug_str     0x00003fbd       0x5c Src\system_stm32l1xx.o
                                0x734 (size before relaxing)
 .debug_str     0x00004019       0x60 Src\tim.o
                               0x122a (size before relaxing)
 .debug_str     0x00004079       0x1a Src\usart.o
                                0xe9d (size before relaxing)

.comment        0x00000000       0x7c
 .comment       0x00000000       0x7c Drivers\STM32L1xx_HAL_Driver\Src\stm32l1xx_hal.o
                                 0x7d (size before relaxing)
 .comment       0x0000007c       0x7d Drivers\STM32L1xx_HAL_Driver\Src\stm32l1xx_hal_cortex.o