Archive member included to satisfy reference by file (symbol)

c:/program files (x86)/atollic/truestudio for stm32 9.0.0/armtools/bin/../lib/gcc/arm-atollic-eabi/6.3.1/../../../../arm-atollic-eabi/lib/armv7-m\libc_nano.a(lib_a-atof.o)
                              Src\WW_CMD.o (atof)
c:/program files (x86)/atollic/truestudio for stm32 9.0.0/armtools/bin/../lib/gcc/arm-atollic-eabi/6.3.1/../../../../arm-atollic-eabi/lib/armv7-m\libc_nano.a(lib_a-atoi.o)
                              Src\WW_CMD.o (atoi)
c:/program files (x86)/atollic/truestudio for stm32 9.0.0/armtools/bin/../lib/gcc/arm-atollic-eabi/6.3.1/../../../../arm-atollic-eabi/lib/armv7-m\libc_nano.a(lib_a-init.o)
                              startup\startup_stm32l152xc.o (__libc_init_array)
c:/program files (x86)/atollic/truestudio for stm32 9.0.0/armtools/bin/../lib/gcc/arm-atollic-eabi/6.3.1/../../../../arm-atollic-eabi/lib/armv7-m\libc_nano.a(lib_a-malloc.o)
                              Src\WW_PP.o (malloc)
c:/program files (x86)/atollic/truestudio for stm32 9.0.0/armtools/bin/../lib/gcc/arm-atollic-eabi/6.3.1/../../../../arm-atollic-eabi/lib/armv7-m\libc_nano.a(lib_a-memset.o)
                              Src\WW_CMD.o (memset)
c:/program files (x86)/atollic/truestudio for stm32 9.0.0/armtools/bin/../lib/gcc/arm-atollic-eabi/6.3.1/../../../../arm-atollic-eabi/lib/armv7-m\libc_nano.a(lib_a-nano-freer.o)
                              c:/program files (x86)/atollic/truestudio for stm32 9.0.0/armtools/bin/../lib/gcc/arm-atollic-eabi/6.3.1/../../../../arm-atollic-eabi/lib/armv7-m\libc_nano.a(lib_a-malloc.o) (_free_r)
c:/program files (x86)/atollic/truestudio for stm32 9.0.0/armtools/bin/../lib/gcc/arm-atollic-eabi/6.3.1/../../../../arm-atollic-eabi/lib/armv7-m\libc_nano.a(lib_a-nano-mallocr.o)
                              c:/program files (x86)/atollic/truestudio for stm32 9.0.0/armtools/bin/../lib/gcc/arm-atollic-eabi/6.3.1/../../../../arm-atollic-eabi/lib/armv7-m\libc_nano.a(lib_a-malloc.o) (_malloc_r)
c:/program files (x86)/atollic/truestudio for stm32 9.0.0/armtools/bin/../lib/gcc/arm-atollic-eabi/6.3.1/../../../../arm-atollic-eabi/lib/armv7-m\libc_nano.a(lib_a-sbrkr.o)
                              c:/program files (x86)/atollic/truestudio for stm32 9.0.0/armtools/bin/../lib/gcc/arm-atollic-eabi/6.3.1/../../../../arm-atollic-eabi/lib/armv7-m\libc_nano.a(lib_a-nano-mallocr.o) (_sbrk_r)
c:/program files (x86)/atollic/truestudio for stm32 9.0.0/armtools/bin/../lib/gcc/arm-atollic-eabi/6.3.1/../../../../arm-atollic-eabi/lib/armv7-m\libc_nano.a(lib_a-snprintf.o)
                              Src\WW_PP.o (snprintf)
c:/program files (x86)/atollic/truestudio for stm32 9.0.0/armtools/bin/../lib/gcc/arm-atollic-eabi/6.3.1/../../../../arm-atollic-eabi/lib/armv7-m\libc_nano.a(lib_a-sprintf.o)
                              Src\WW_CMD.o (sprintf)
c:/program files (x86)/atollic/truestudio for stm32 9.0.0/armtools/bin/../lib/gcc/arm-atollic-eabi/6.3.1/../../../../arm-atollic-eabi/lib/armv7-m\libc_nano.a(lib_a-strcat.o)
                              Src\WW_PP.o (strcat)
c:/program files (x86)/atollic/truestudio for stm32 9.0.0/armtools/bin/../lib/gcc/arm-atollic-eabi/6.3.1/../../../../arm-atollic-eabi/lib/armv7-m\libc_nano.a(lib_a-strcpy.o)
                              Src\WW_CMD.o (strcpy)
c:/program files (x86)/atollic/truestudio for stm32 9.0.0/armtools/bin/../lib/gcc/arm-atollic-eabi/6.3.1/../../../../arm-atollic-eabi/lib/armv7-m\libc_nano.a(lib_a-strncmp.o)
                              Src\WW_CMD.o (strncmp)
c:/program files (x86)/atollic/truestudio for stm32 9.0.0/armtools/bin/../lib/gcc/arm-atollic-eabi/6.3.1/../../../../arm-atollic-eabi/lib/armv7-m\libc_nano.a(lib_a-strtod.o)
                              c:/program files (x86)/atollic/truestudio for stm32 9.0.0/armtools/bin/../lib/gcc/arm-atollic-eabi/6.3.1/../../../../arm-atollic-eabi/lib/armv7-m\libc_nano.a(lib_a-atof.o) (strtod)
c:/program files (x86)/atollic/truestudio for stm32 9.0.0/armtools/bin/../lib/gcc/arm-atollic-eabi/6.3.1/../../../../arm-atollic-eabi/lib/armv7-m\libc_nano.a(lib_a-strtok.o)
                              Src\WW_CMD.o (strtok)
c:/program files (x86)/atollic/truestudio for stm32 9.0.0/armtools/bin/../lib/gcc/arm-atollic-eabi/6.3.1/../../../../arm-atollic-eabi/lib/armv7-m\libc_nano.a(lib_a-strtok_r.o)
                              c:/program files (x86)/atollic/truestudio for stm32 9.0.0/armtools/bin/../lib/gcc/arm-atollic-eabi/6.3.1/../../../../arm-atollic-eabi/lib/armv7-m\libc_nano.a(lib_a-strtok.o) (__strtok_r)
c:/program files (x86)/atollic/truestudio for stm32 9.0.0/armtools/bin/../lib/gcc/arm-atollic-eabi/6.3.1/../../../../arm-atollic-eabi/lib/armv7-m\libc_nano.a(lib_a-strtol.o)
                              c:/program files (x86)/atollic/truestudio for stm32 9.0.0/armtools/bin/../lib/gcc/arm-atollic-eabi/6.3.1/../../../../arm-atollic-eabi/lib/armv7-m\libc_nano.a(lib_a-atoi.o) (_strtol_r)
[...]
Memory Configuration

Name             Origin             Length             Attributes
RAM              0x20000000         0x00008000         xrw
FLASH            0x08000000         0x00040000         xr
*default*        0x00000000         0xffffffff

Linker script and memory map

LOAD c:/program files (x86)/atollic/truestudio for stm32 9.0.0/armtools/bin/../lib/gcc/arm-atollic-eabi/6.3.1/armv7-m/crti.o
LOAD c:/program files (x86)/atollic/truestudio for stm32 9.0.0/armtools/bin/../lib/gcc/arm-atollic-eabi/6.3.1/armv7-m/crtbegin.o
LOAD Drivers\STM32L1xx_HAL_Driver\Src\stm32l1xx_hal.o
LOAD Drivers\STM32L1xx_HAL_Driver\Src\stm32l1xx_hal_cortex.o
LOAD Drivers\STM32L1xx_HAL_Driver\Src\stm32l1xx_hal_dma.o
LOAD Drivers\STM32L1xx_HAL_Driver\Src\stm32l1xx_hal_flash.o
LOAD Drivers\STM32L1xx_HAL_Driver\Src\stm32l1xx_hal_flash_ex.o
LOAD Drivers\STM32L1xx_HAL_Driver\Src\stm32l1xx_hal_flash_ramfunc.o
LOAD Drivers\STM32L1xx_HAL_Driver\Src\stm32l1xx_hal_gpio.o
LOAD Drivers\STM32L1xx_HAL_Driver\Src\stm32l1xx_hal_i2c.o
LOAD Drivers\STM32L1xx_HAL_Driver\Src\stm32l1xx_hal_pwr.o
LOAD Drivers\STM32L1xx_HAL_Driver\Src\stm32l1xx_hal_pwr_ex.o
LOAD Drivers\STM32L1xx_HAL_Driver\Src\stm32l1xx_hal_rcc.o
LOAD Drivers\STM32L1xx_HAL_Driver\Src\stm32l1xx_hal_rcc_ex.o
LOAD Drivers\STM32L1xx_HAL_Driver\Src\stm32l1xx_hal_tim.o
LOAD Drivers\STM32L1xx_HAL_Driver\Src\stm32l1xx_hal_tim_ex.o
LOAD Drivers\STM32L1xx_HAL_Driver\Src\stm32l1xx_hal_uart.o
LOAD Src\WW_CMD.o
LOAD Src\WW_Defs.o
LOAD Src\WW_Loc.o
LOAD Src\WW_PP.o
LOAD Src\WW_Sen.o
LOAD Src\gpio.o
LOAD Src\i2c.o
LOAD Src\main.o
LOAD Src\pid_controller.o
LOAD Src\stm32l1xx_hal_msp.o
LOAD Src\stm32l1xx_it.o
LOAD Src\system_stm32l1xx.o
LOAD Src\tim.o
LOAD Src\usart.o
LOAD startup\startup_stm32l152xc.o
                0x00000080                malloc_getpagesize_P = 0x80
START GROUP
LOAD c:/program files (x86)/atollic/truestudio for stm32 9.0.0/armtools/bin/../lib/gcc/arm-atollic-eabi/6.3.1/../../../../arm-atollic-eabi/lib/armv7-m\libc_nano.a
LOAD c:/program files (x86)/atollic/truestudio for stm32 9.0.0/armtools/bin/../lib/gcc/arm-atollic-eabi/6.3.1/../../../../arm-atollic-eabi/lib/armv7-m\libm.a
END GROUP
START GROUP
LOAD c:/program files (x86)/atollic/truestudio for stm32 9.0.0/armtools/bin/../lib/gcc/arm-atollic-eabi/6.3.1/armv7-m\libgcc.a
LOAD c:/program files (x86)/atollic/truestudio for stm32 9.0.0/armtools/bin/../lib/gcc/arm-atollic-eabi/6.3.1/../../../../arm-atollic-eabi/lib/armv7-m\libc_nano.a
END GROUP
START GROUP
LOAD c:/program files (x86)/atollic/truestudio for stm32 9.0.0/armtools/bin/../lib/gcc/arm-atollic-eabi/6.3.1/armv7-m\libgcc.a
LOAD c:/program files (x86)/atollic/truestudio for stm32 9.0.0/armtools/bin/../lib/gcc/arm-atollic-eabi/6.3.1/../../../../arm-atollic-eabi/lib/armv7-m\libc_nano.a
LOAD c:/program files (x86)/atollic/truestudio for stm32 9.0.0/armtools/bin/../lib/gcc/arm-atollic-eabi/6.3.1/../../../../arm-atollic-eabi/lib/armv7-m\libnosys.a
END GROUP
START GROUP
LOAD c:/program files (x86)/atollic/truestudio for stm32 9.0.0/armtools/bin/../lib/gcc/arm-atollic-eabi/6.3.1/armv7-m\libgcc.a
LOAD c:/program files (x86)/atollic/truestudio for stm32 9.0.0/armtools/bin/../lib/gcc/arm-atollic-eabi/6.3.1/../../../../arm-atollic-eabi/lib/armv7-m\libc_nano.a
LOAD c:/program files (x86)/atollic/truestudio for stm32 9.0.0/armtools/bin/../lib/gcc/arm-atollic-eabi/6.3.1/../../../../arm-atollic-eabi/lib/armv7-m\libnosys.a
END GROUP
LOAD c:/program files (x86)/atollic/truestudio for stm32 9.0.0/armtools/bin/../lib/gcc/arm-atollic-eabi/6.3.1/armv7-m/crtend.o
LOAD c:/program files (x86)/atollic/truestudio for stm32 9.0.0/armtools/bin/../lib/gcc/arm-atollic-eabi/6.3.1/armv7-m/crtn.o
                0x20008000                _estack = 0x20008000
                0x00000200                _Min_Heap_Size = 0x200
                0x00000400                _Min_Stack_Size = 0x400

.isr_vector     0x08000000      0x13c
                0x08000000                . = ALIGN (0x4)
 *(.isr_vector)
 .isr_vector    0x08000000      0x13c startup\startup_stm32l152xc.o
                0x08000000                g_pfnVectors
                0x0800013c                . = ALIGN (0x4)

.text           0x08000140     0x7694
                0x08000140                . = ALIGN (0x4)
 *(.text)
 .text          0x08000140       0x40 c:/program files (x86)/atollic/truestudio for stm32 9.0.0/armtools/bin/../lib/gcc/arm-atollic-eabi/6.3.1/armv7-m/crtbegin.o
 .text          0x08000180       0x10 c:/program files (x86)/atollic/truestudio for stm32 9.0.0/armtools/bin/../lib/gcc/arm-atollic-eabi/6.3.1/../../../../arm-atollic-eabi/lib/armv7-m\libc_nano.a(lib_a-strlen.o)
                0x08000180                strlen
 .text          0x08000190      0x370 c:/program files (x86)/atollic/truestudio for stm32 9.0.0/armtools/bin/../lib/gcc/arm-atollic-eabi/6.3.1/armv7-m\libgcc.a(_arm_addsubdf3.o)
                0x08000190                __aeabi_drsub
                0x08000198                __aeabi_dsub
                0x08000198                __subdf3
                0x0800019c                __aeabi_dadd
                0x0800019c                __adddf3
                0x08000414                __floatunsidf
                0x08000414                __aeabi_ui2d
                0x08000434                __floatsidf
                0x08000434                __aeabi_i2d
                0x08000458                __aeabi_f2d
                0x08000458                __extendsfdf2
                0x08000494                __floatundidf
                0x08000494                __aeabi_ul2d
                0x080004a4                __floatdidf
                0x080004a4                __aeabi_l2d
 .text          0x08000500      0x424 c:/program files (x86)/atollic/truestudio for stm32 9.0.0/armtools/bin/../lib/gcc/arm-atollic-eabi/6.3.1/armv7-m\libgcc.a(_arm_muldivdf3.o)
                0x08000500                __aeabi_dmul
                0x08000500                __muldf3
                0x08000754                __divdf3
                0x08000754                __aeabi_ddiv
 .text          0x08000924      0x110 c:/program files (x86)/atollic/truestudio for stm32 9.0.0/armtools/bin/../lib/gcc/arm-atollic-eabi/6.3.1/armv7-m\libgcc.a(_arm_cmpdf2.o)
                0x08000924                __gtdf2
                0x08000924                __gedf2
                0x0800092c                __ltdf2
                0x0800092c                __ledf2
                0x08000934                __nedf2
                0x08000934                __eqdf2
                0x08000934                __cmpdf2
                0x080009b0                __aeabi_cdrcmple
                0x080009c0                __aeabi_cdcmpeq
                0x080009c0                __aeabi_cdcmple
                0x080009d0                __aeabi_dcmpeq
                0x080009e4                __aeabi_dcmplt
                0x080009f8                __aeabi_dcmple
                0x08000a0c                __aeabi_dcmpge
                0x08000a20                __aeabi_dcmpgt
 .text          0x08000a34       0x50 c:/program files (x86)/atollic/truestudio for stm32 9.0.0/armtools/bin/../lib/gcc/arm-atollic-eabi/6.3.1/armv7-m\libgcc.a(_arm_fixdfsi.o)
                0x08000a34                __aeabi_d2iz
                0x08000a34                __fixdfsi
 .text          0x08000a84       0x40 c:/program files (x86)/atollic/truestudio for stm32 9.0.0/armtools/bin/../lib/gcc/arm-atollic-eabi/6.3.1/armv7-m\libgcc.a(_arm_fixunsdfsi.o)
                0x08000a84                __aeabi_d2uiz
                0x08000a84                __fixunsdfsi
 .text          0x08000ac4       0xa0 c:/program files (x86)/atollic/truestudio for stm32 9.0.0/armtools/bin/../lib/gcc/arm-atollic-eabi/6.3.1/armv7-m\libgcc.a(_arm_truncdfsf2.o)
                0x08000ac4                __truncdfsf2
                0x08000ac4                __aeabi_d2f
 .text          0x08000b64      0x21c c:/program files (x86)/atollic/truestudio for stm32 9.0.0/armtools/bin/../lib/gcc/arm-atollic-eabi/6.3.1/armv7-m\libgcc.a(_arm_addsubsf3.o)
                0x08000b64                __aeabi_frsub
                0x08000b6c                __subsf3
                0x08000b6c                __aeabi_fsub
                0x08000b70                __aeabi_fadd
                0x08000b70                __addsf3
                0x08000cd0                __aeabi_ui2f
                0x08000cd0                __floatunsisf
                0x08000cd8                __aeabi_i2f
                0x08000cd8                __floatsisf
                0x08000cf4                __aeabi_ul2f
                0x08000cf4                __floatundisf
                0x08000d04                __aeabi_l2f
                0x08000d04                __floatdisf
 .text          0x08000d80      0x2a0 c:/program files (x86)/atollic/truestudio for stm32 9.0.0/armtools/bin/../lib/gcc/arm-atollic-eabi/6.3.1/armv7-m\libgcc.a(_arm_muldivsf3.o)
                0x08000d80                __mulsf3
                0x08000d80                __aeabi_fmul
                0x08000ee8                __aeabi_fdiv
                0x08000ee8                __divsf3
 .text          0x08001020       0xec c:/program files (x86)/atollic/truestudio for stm32 9.0.0/armtools/bin/../lib/gcc/arm-atollic-eabi/6.3.1/armv7-m\libgcc.a(_arm_cmpsf2.o)
                0x08001020                __gesf2
                0x08001020                __gtsf2
                0x08001028                __lesf2
                0x08001028                __ltsf2
                0x08001030                __nesf2
                0x08001030                __eqsf2
                0x08001030                __cmpsf2
                0x08001090                __aeabi_cfrcmple
                0x08001098                __aeabi_cfcmpeq
                0x08001098                __aeabi_cfcmple
                0x080010a8                __aeabi_fcmpeq
                0x080010bc                __aeabi_fcmplt
                0x080010d0                __aeabi_fcmple
                0x080010e4                __aeabi_fcmpge
                0x080010f8                __aeabi_fcmpgt
 .text          0x0800110c       0x4c c:/program files (x86)/atollic/truestudio for stm32 9.0.0/armtools/bin/../lib/gcc/arm-atollic-eabi/6.3.1/armv7-m\libgcc.a(_arm_fixsfsi.o)
                0x0800110c                __aeabi_f2iz
                0x0800110c                __fixsfsi
 .text          0x08001158       0x40 c:/program files (x86)/atollic/truestudio for stm32 9.0.0/armtools/bin/../lib/gcc/arm-atollic-eabi/6.3.1/armv7-m\libgcc.a(_arm_fixunssfsi.o)
                0x08001158                __fixunssfsi
                0x08001158                __aeabi_f2uiz
 *(.text*)
 .text.HAL_InitTick
                0x08001198       0x28 Drivers\STM32L1xx_HAL_Driver\Src\stm32l1xx_hal.o
                0x08001198                HAL_InitTick
 .text.HAL_Init
                0x080011c0       0x16 Drivers\STM32L1xx_HAL_Driver\Src\stm32l1xx_hal.o
                0x080011c0                HAL_Init
 *fill*         0x080011d6        0x2 
 .text.HAL_IncTick
                0x080011d8       0x10 Drivers\STM32L1xx_HAL_Driver\Src\stm32l1xx_hal.o
                0x080011d8                HAL_IncTick
 .text.HAL_GetTick
                0x080011e8        0xc Drivers\STM32L1xx_HAL_Driver\Src\stm32l1xx_hal.o
                0x080011e8                HAL_GetTick
 .text.HAL_NVIC_SetPriorityGrouping
                0x080011f4       0x24 Drivers\STM32L1xx_HAL_Driver\Src\stm32l1xx_hal_cortex.o
                0x080011f4                HAL_NVIC_SetPriorityGrouping
 .text.HAL_NVIC_SetPriority
                0x08001218       0x68 Drivers\STM32L1xx_HAL_Driver\Src\stm32l1xx_hal_cortex.o
                0x08001218                HAL_NVIC_SetPriority
 .text.HAL_NVIC_EnableIRQ
                0x08001280       0x18 Drivers\STM32L1xx_HAL_Driver\Src\stm32l1xx_hal_cortex.o
                0x08001280                HAL_NVIC_EnableIRQ
 .text.HAL_SYSTICK_Config
                0x08001298       0x2c Drivers\STM32L1xx_HAL_Driver\Src\stm32l1xx_hal_cortex.o
                0x08001298                HAL_SYSTICK_Config
 .text.HAL_SYSTICK_CLKSourceConfig
                0x080012c4       0x18 Drivers\STM32L1xx_HAL_Driver\Src\stm32l1xx_hal_cortex.o
                0x080012c4                HAL_SYSTICK_CLKSourceConfig
 .text.HAL_SYSTICK_Callback
                0x080012dc        0x2 Drivers\STM32L1xx_HAL_Driver\Src\stm32l1xx_hal_cortex.o
                0x080012dc                HAL_SYSTICK_Callback
 .text.HAL_SYSTICK_IRQHandler
                0x080012de        0x8 Drivers\STM32L1xx_HAL_Driver\Src\stm32l1xx_hal_cortex.o
                0x080012de                HAL_SYSTICK_IRQHandler
 *fill*         0x080012e6        0x2 
 .text.HAL_GPIO_Init
                0x080012e8      0x19c Drivers\STM32L1xx_HAL_Driver\Src\stm32l1xx_hal_gpio.o
                0x080012e8                HAL_GPIO_Init
 .text.HAL_GPIO_WritePin
                0x08001484        0xa Drivers\STM32L1xx_HAL_Driver\Src\stm32l1xx_hal_gpio.o
                0x08001484                HAL_GPIO_WritePin
 .text.I2C_IsAcknowledgeFailed
                0x0800148e       0x2a Drivers\STM32L1xx_HAL_Driver\Src\stm32l1xx_hal_i2c.o
 .text.I2C_WaitOnMasterAddressFlagUntilTimeout
                0x080014b8       0x80 Drivers\STM32L1xx_HAL_Driver\Src\stm32l1xx_hal_i2c.o
 .text.I2C_WaitOnFlagUntilTimeout
                0x08001538       0x5c Drivers\STM32L1xx_HAL_Driver\Src\stm32l1xx_hal_i2c.o
 .text.I2C_WaitOnTXEFlagUntilTimeout
                0x08001594       0x4c Drivers\STM32L1xx_HAL_Driver\Src\stm32l1xx_hal_i2c.o
 .text.I2C_WaitOnRXNEFlagUntilTimeout
                0x080015e0       0x5a Drivers\STM32L1xx_HAL_Driver\Src\stm32l1xx_hal_i2c.o
 .text.I2C_WaitOnBTFFlagUntilTimeout
                0x0800163a       0x4c Drivers\STM32L1xx_HAL_Driver\Src\stm32l1xx_hal_i2c.o
 *fill*         0x08001686        0x2 
 .text.HAL_I2C_Init
                0x08001688      0x11c Drivers\STM32L1xx_HAL_Driver\Src\stm32l1xx_hal_i2c.o
                0x08001688                HAL_I2C_Init
 .text.HAL_I2C_Master_Transmit
                0x080017a4      0x1ac Drivers\STM32L1xx_HAL_Driver\Src\stm32l1xx_hal_i2c.o
                0x080017a4                HAL_I2C_Master_Transmit
 .text.HAL_I2C_Master_Receive
                0x08001950      0x2f0 Drivers\STM32L1xx_HAL_Driver\Src\stm32l1xx_hal_i2c.o
                0x08001950                HAL_I2C_Master_Receive
 .text.RCC_SetFlashLatencyFromMSIRange
                0x08001c40       0x80 Drivers\STM32L1xx_HAL_Driver\Src\stm32l1xx_hal_rcc.o
 .text.HAL_RCC_OscConfig
                0x08001cc0      0x6a8 Drivers\STM32L1xx_HAL_Driver\Src\stm32l1xx_hal_rcc.o
                0x08001cc0                HAL_RCC_OscConfig
 .text.HAL_RCC_GetSysClockFreq
                0x08002368       0x8c Drivers\STM32L1xx_HAL_Driver\Src\stm32l1xx_hal_rcc.o
                0x08002368                HAL_RCC_GetSysClockFreq
 .text.HAL_RCC_ClockConfig
                0x080023f4      0x1bc Drivers\STM32L1xx_HAL_Driver\Src\stm32l1xx_hal_rcc.o
                0x080023f4                HAL_RCC_ClockConfig
 .text.HAL_RCC_GetHCLKFreq
                0x080025b0        0xc Drivers\STM32L1xx_HAL_Driver\Src\stm32l1xx_hal_rcc.o
                0x080025b0                HAL_RCC_GetHCLKFreq
 .text.HAL_RCC_GetPCLK1Freq
                0x080025bc       0x30 Drivers\STM32L1xx_HAL_Driver\Src\stm32l1xx_hal_rcc.o
                0x080025bc                HAL_RCC_GetPCLK1Freq
 .text.HAL_RCC_GetPCLK2Freq
                0x080025ec       0x30 Drivers\STM32L1xx_HAL_Driver\Src\stm32l1xx_hal_rcc.o
                0x080025ec                HAL_RCC_GetPCLK2Freq
 .text.TIM_Base_SetConfig
                0x0800261c       0x84 Drivers\STM32L1xx_HAL_Driver\Src\stm32l1xx_hal_tim.o
 .text.TIM_OC1_SetConfig
                0x080026a0       0x2c Drivers\STM32L1xx_HAL_Driver\Src\stm32l1xx_hal_tim.o
 .text.TIM_OC2_SetConfig
                0x080026cc       0x30 Drivers\STM32L1xx_HAL_Driver\Src\stm32l1xx_hal_tim.o
 .text.TIM_TI1_SetConfig
                0x080026fc       0x5c Drivers\STM32L1xx_HAL_Driver\Src\stm32l1xx_hal_tim.o
 .text.TIM_CCxChannelCmd
                0x08002758       0x18 Drivers\STM32L1xx_HAL_Driver\Src\stm32l1xx_hal_tim.o
 .text.HAL_TIM_Base_Init
                0x08002770       0x34 Drivers\STM32L1xx_HAL_Driver\Src\stm32l1xx_hal_tim.o
                0x08002770                HAL_TIM_Base_Init
 .text.HAL_TIM_Base_Start_IT
                0x080027a4       0x16 Drivers\STM32L1xx_HAL_Driver\Src\stm32l1xx_hal_tim.o
                0x080027a4                HAL_TIM_Base_Start_IT
 .text.HAL_TIM_PWM_MspInit
                0x080027ba        0x2 Drivers\STM32L1xx_HAL_Driver\Src\stm32l1xx_hal_tim.o
                0x080027ba                HAL_TIM_PWM_MspInit
 .text.HAL_TIM_PWM_Init
                0x080027bc       0x34 Drivers\STM32L1xx_HAL_Driver\Src\stm32l1xx_hal_tim.o
                0x080027bc                HAL_TIM_PWM_Init
 .text.HAL_TIM_IC_MspInit
                0x080027f0        0x2 Drivers\STM32L1xx_HAL_Driver\Src\stm32l1xx_hal_tim.o
                0x080027f0                HAL_TIM_IC_MspInit
 .text.HAL_TIM_IC_Init
                0x080027f2       0x34 Drivers\STM32L1xx_HAL_Driver\Src\stm32l1xx_hal_tim.o
                0x080027f2                HAL_TIM_IC_Init
 .text.HAL_TIM_IC_Start
                0x08002826       0x1a Drivers\STM32L1xx_HAL_Driver\Src\stm32l1xx_hal_tim.o
                0x08002826                HAL_TIM_IC_Start
 .text.HAL_TIM_PWM_Start
                0x08002840        0x4 Drivers\STM32L1xx_HAL_Driver\Src\stm32l1xx_hal_tim.o
                0x08002840                HAL_TIM_PWM_Start
 .text.HAL_TIM_IC_Start_IT
                0x08002844       0x58 Drivers\STM32L1xx_HAL_Driver\Src\stm32l1xx_hal_tim.o
                0x08002844                HAL_TIM_IC_Start_IT
 .text.HAL_TIM_Encoder_Init
                0x0800289c       0x92 Drivers\STM32L1xx_HAL_Driver\Src\stm32l1xx_hal_tim.o
                0x0800289c                HAL_TIM_Encoder_Init
 .text.HAL_TIM_Encoder_Start
                0x0800292e       0x44 Drivers\STM32L1xx_HAL_Driver\Src\stm32l1xx_hal_tim.o
                0x0800292e                HAL_TIM_Encoder_Start
 .text.HAL_TIM_IC_ConfigChannel
                0x08002972      0x110 Drivers\STM32L1xx_HAL_Driver\Src\stm32l1xx_hal_tim.o
                0x08002972                HAL_TIM_IC_ConfigChannel
 .text.HAL_TIM_PWM_ConfigChannel
                0x08002a82      0x110 Drivers\STM32L1xx_HAL_Driver\Src\stm32l1xx_hal_tim.o
                0x08002a82                HAL_TIM_PWM_ConfigChannel
 .text.HAL_TIM_ConfigClockSource
                0x08002b92      0x172 Drivers\STM32L1xx_HAL_Driver\Src\stm32l1xx_hal_tim.o
                0x08002b92                HAL_TIM_ConfigClockSource
 .text.HAL_TIM_PeriodElapsedCallback
                0x08002d04        0x2 Drivers\STM32L1xx_HAL_Driver\Src\stm32l1xx_hal_tim.o
                0x08002d04                HAL_TIM_PeriodElapsedCallback
 .text.HAL_TIM_OC_DelayElapsedCallback
                0x08002d06        0x2 Drivers\STM32L1xx_HAL_Driver\Src\stm32l1xx_hal_tim.o
                0x08002d06                HAL_TIM_OC_DelayElapsedCallback
 .text.HAL_TIM_PWM_PulseFinishedCallback
                0x08002d08        0x2 Drivers\STM32L1xx_HAL_Driver\Src\stm32l1xx_hal_tim.o
                0x08002d08                HAL_TIM_PWM_PulseFinishedCallback
 .text.HAL_TIM_TriggerCallback
                0x08002d0a        0x2 Drivers\STM32L1xx_HAL_Driver\Src\stm32l1xx_hal_tim.o
                0x08002d0a                HAL_TIM_TriggerCallback
 .text.HAL_TIM_IRQHandler
                0x08002d0c      0x10c Drivers\STM32L1xx_HAL_Driver\Src\stm32l1xx_hal_tim.o
                0x08002d0c                HAL_TIM_IRQHandler
 .text.HAL_TIMEx_MasterConfigSynchronization
                0x08002e18       0x44 Drivers\STM32L1xx_HAL_Driver\Src\stm32l1xx_hal_tim_ex.o
                0x08002e18                HAL_TIMEx_MasterConfigSynchronization
 .text.UART_SetConfig
                0x08002e5c      0x244 Drivers\STM32L1xx_HAL_Driver\Src\stm32l1xx_hal_uart.o
 .text.UART_WaitOnFlagUntilTimeout.constprop.1
                0x080030a0       0x60 Drivers\STM32L1xx_HAL_Driver\Src\stm32l1xx_hal_uart.o
 .text.HAL_UART_Init
                0x08003100       0x58 Drivers\STM32L1xx_HAL_Driver\Src\stm32l1xx_hal_uart.o
                0x08003100                HAL_UART_Init
 .text.HAL_UART_Transmit
                0x08003158       0xb6 Drivers\STM32L1xx_HAL_Driver\Src\stm32l1xx_hal_uart.o
                0x08003158                HAL_UART_Transmit
 .text.HAL_UART_Receive_IT
                0x0800320e       0x64 Drivers\STM32L1xx_HAL_Driver\Src\stm32l1xx_hal_uart.o
                0x0800320e                HAL_UART_Receive_IT
 .text.HAL_UART_TxCpltCallback
                0x08003272        0x2 Drivers\STM32L1xx_HAL_Driver\Src\stm32l1xx_hal_uart.o
                0x08003272                HAL_UART_TxCpltCallback
 .text.HAL_UART_ErrorCallback
                0x08003274        0x2 Drivers\STM32L1xx_HAL_Driver\Src\stm32l1xx_hal_uart.o
                0x08003274                HAL_UART_ErrorCallback
 .text.HAL_UART_IRQHandler
                0x08003276      0x188 Drivers\STM32L1xx_HAL_Driver\Src\stm32l1xx_hal_uart.o
                0x08003276                HAL_UART_IRQHandler
 *fill*         0x080033fe        0x2 
 .text.EXE_CMD  0x08003400      0x290 Src\WW_CMD.o
                0x08003400                EXE_CMD
 .text.HAL_UART_RxCpltCallback
                0x08003690       0x5c Src\WW_CMD.o
                0x08003690                HAL_UART_RxCpltCallback
 .text.UART_ReadStart
                0x080036ec        0xc Src\WW_CMD.o
                0x080036ec                UART_ReadStart
 .text.Parse_CMD
                0x080036f8       0x80 Src\WW_CMD.o
                0x080036f8                Parse_CMD
 .text.initCOM  0x08003778       0x34 Src\WW_Defs.o
                0x08003778                initCOM
 .text.isFull   0x080037ac       0x14 Src\WW_Defs.o
                0x080037ac                isFull
 .text.isEmpty  0x080037c0       0x10 Src\WW_Defs.o
                0x080037c0                isEmpty
 .text.deq      0x080037d0       0x54 Src\WW_Defs.o
                0x080037d0                deq
 .text.enq      0x08003824       0x54 Src\WW_Defs.o
                0x08003824                enq
 .text.initMot  0x08003878       0xbc Src\WW_Loc.o
                0x08003878                initMot
 *fill*         0x08003934        0x4 
 .text.setArc   0x08003938      0x194 Src\WW_Loc.o
                0x08003938                setArc
 *fill*         0x08003acc        0x4 
 .text.setLin   0x08003ad0       0x6c Src\WW_Loc.o
                0x08003ad0                setLin
 .text.Get_EncoderPos
                0x08003b3c       0x3e Src\WW_Loc.o
                0x08003b3c                Get_EncoderPos
 *fill*         0x08003b7a        0x2 
 .text.Get_LeftEncoderPos
                0x08003b7c        0xc Src\WW_Loc.o
                0x08003b7c                Get_LeftEncoderPos
 .text.Get_RightEncoderPos
                0x08003b88        0xc Src\WW_Loc.o
                0x08003b88                Get_RightEncoderPos
 .text.Set_MotorDir
                0x08003b94       0x7c Src\WW_Loc.o
                0x08003b94                Set_MotorDir
 .text.Set_PIDOut
                0x08003c10       0xac Src\WW_Loc.o
                0x08003c10                Set_PIDOut
 *fill*         0x08003cbc        0x4 
 .text.Run_PID  0x08003cc0      0x21c Src\WW_Loc.o
                0x08003cc0                Run_PID
 .text.Run_MotorPWM
                0x08003edc       0x78 Src\WW_Loc.o
                0x08003edc                Run_MotorPWM
 .text.Stop_Motors
                0x08003f54       0x6c Src\WW_Loc.o
                0x08003f54                Stop_Motors
 .text.map      0x08003fc0       0x18 Src\WW_Loc.o
                0x08003fc0                map
 .text.startPP  0x08003fd8       0x10 Src\WW_PP.o
                0x08003fd8                startPP
 .text.RunMotionPlanning
                0x08003fe8      0x2dc Src\WW_PP.o
                0x08003fe8                RunMotionPlanning
 .text.HAL_TIM_IC_CaptureCallback
                0x080042c4       0x70 Src\WW_Sen.o
                0x080042c4                HAL_TIM_IC_CaptureCallback
 *fill*         0x08004334        0x4 
 .text.Get_Ultrasonic_Reading
                0x08004338       0x64 Src\WW_Sen.o
                0x08004338                Get_Ultrasonic_Reading
 .text.initUltrasonics
                0x0800439c       0x38 Src\WW_Sen.o
                0x0800439c                initUltrasonics
 .text.initIMU  0x080043d4       0x10 Src\WW_Sen.o
                0x080043d4                initIMU
 .text.read8    0x080043e4       0x40 Src\WW_Sen.o
                0x080043e4                read8
 .text.readLen  0x08004424       0x30 Src\WW_Sen.o
                0x08004424                readLen
 .text.write8   0x08004454       0x38 Src\WW_Sen.o
                0x08004454                write8
 .text.checkIMUID
                0x0800448c        0x6 Src\WW_Sen.o
                0x0800448c                checkIMUID
 .text.getEuler
                0x08004492       0x6a Src\WW_Sen.o
                0x08004492                getEuler
 .text.MX_GPIO_Init
                0x080044fc      0x134 Src\gpio.o
                0x080044fc                MX_GPIO_Init
 .text.MX_I2C2_Init
                0x08004630       0x48 Src\i2c.o
                0x08004630                MX_I2C2_Init
 .text.HAL_I2C_MspInit
                0x08004678       0x50 Src\i2c.o
                0x08004678                HAL_I2C_MspInit
 .text.SystemClock_Config
                0x080046c8       0x80 Src\main.o
                0x080046c8                SystemClock_Config
 .text.setup    0x08004748       0xb8 Src\main.o
                0x08004748                setup
 .text.startup.main
                0x08004800       0x60 Src\main.o
                0x08004800                main
 .text._Error_Handler
                0x08004860        0x2 Src\main.o
                0x08004860                _Error_Handler
 .text.PIDCompute
                0x08004862       0x92 Src\pid_controller.o
                0x08004862                PIDCompute
 .text.PIDOutputLimitsSet
                0x080048f4       0x5e Src\pid_controller.o
                0x080048f4                PIDOutputLimitsSet
 .text.PIDTuningsSet
                0x08004952       0x6a Src\pid_controller.o
                0x08004952                PIDTuningsSet
 .text.PIDInit  0x080049bc       0x5e Src\pid_controller.o
                0x080049bc                PIDInit
 *fill*         0x08004a1a        0x2 
 .text.HAL_MspInit
                0x08004a1c       0xac Src\stm32l1xx_hal_msp.o
                0x08004a1c                HAL_MspInit
 .text.SysTick_Handler
                0x08004ac8        0xe Src\stm32l1xx_it.o
                0x08004ac8                SysTick_Handler
 *fill*         0x08004ad6        0x2 
 .text.USART1_IRQHandler
                0x08004ad8        0xc Src\stm32l1xx_it.o
                0x08004ad8                USART1_IRQHandler
 .text.TIM6_IRQHandler
                0x08004ae4        0xc Src\stm32l1xx_it.o
                0x08004ae4                TIM6_IRQHandler
 .text.SystemInit
                0x08004af0       0x48 Src\system_stm32l1xx.o
                0x08004af0                SystemInit
 .text.MX_TIM2_Init
                0x08004b38       0x64 Src\tim.o
                0x08004b38                MX_TIM2_Init
 .text.MX_TIM3_Init
                0x08004b9c       0x64 Src\tim.o
                0x08004b9c                MX_TIM3_Init
 .text.MX_TIM5_Init
                0x08004c00       0xb4 Src\tim.o
                0x08004c00                MX_TIM5_Init
 .text.MX_TIM6_Init
                0x08004cb4       0x4c Src\tim.o
                0x08004cb4                MX_TIM6_Init
 .text.HAL_TIM_Encoder_MspInit
                0x08004d00       0x84 Src\tim.o
                0x08004d00                HAL_TIM_Encoder_MspInit
 .text.HAL_TIM_Base_MspInit
                0x08004d84       0xdc Src\tim.o
                0x08004d84                HAL_TIM_Base_MspInit
 .text.HAL_TIM_MspPostInit
                0x08004e60       0x54 Src\tim.o
                0x08004e60                HAL_TIM_MspPostInit
 .text.MX_TIM9_Init
                0x08004eb4       0xb4 Src\tim.o
                0x08004eb4                MX_TIM9_Init
 .text.MX_TIM10_Init
                0x08004f68       0x90 Src\tim.o
                0x08004f68                MX_TIM10_Init
 .text.MX_TIM11_Init
                0x08004ff8       0x90 Src\tim.o
                0x08004ff8                MX_TIM11_Init
 .text.MX_USART1_UART_Init
                0x08005088       0x40 Src\usart.o
                0x08005088                MX_USART1_UART_Init
 .text.HAL_UART_MspInit
                0x080050c8       0x5c Src\usart.o
                0x080050c8                HAL_UART_MspInit
 .text.Reset_Handler
                0x08005124       0x48 startup\startup_stm32l152xc.o
                0x08005124                Reset_Handler
 .text.Default_Handler
                0x0800516c        0x2 startup\startup_stm32l152xc.o
                0x0800516c                RTC_Alarm_IRQHandler
                0x0800516c                EXTI2_IRQHandler
                0x0800516c                COMP_ACQ_IRQHandler
                0x0800516c                DebugMon_Handler
                0x0800516c                HardFault_Handler
                0x0800516c                TIM10_IRQHandler
                0x0800516c                USB_HP_IRQHandler
                0x0800516c                PVD_IRQHandler
                0x0800516c                PendSV_Handler
                0x0800516c                NMI_Handler
                0x0800516c                EXTI3_IRQHandler
                0x0800516c                EXTI0_IRQHandler
                0x0800516c                I2C2_EV_IRQHandler
                0x0800516c                UsageFault_Handler
                0x0800516c                SPI1_IRQHandler
                0x0800516c                USB_FS_WKUP_IRQHandler
                0x0800516c                DMA2_Channel2_IRQHandler
                0x0800516c                DMA1_Channel4_IRQHandler
                0x0800516c                ADC1_IRQHandler
                0x0800516c                USART3_IRQHandler
                0x0800516c                DMA1_Channel7_IRQHandler
                0x0800516c                LCD_IRQHandler
                0x0800516c                TIM4_IRQHandler
                0x0800516c                DMA2_Channel1_IRQHandler
                0x0800516c                I2C1_EV_IRQHandler
                0x0800516c                DMA1_Channel6_IRQHandler
                0x0800516c                DMA2_Channel4_IRQHandler
                0x0800516c                TIM3_IRQHandler
                0x0800516c                RCC_IRQHandler
                0x0800516c                DMA1_Channel1_IRQHandler
                0x0800516c                Default_Handler
                0x0800516c                EXTI15_10_IRQHandler
                0x0800516c                TIM7_IRQHandler
                0x0800516c                TIM5_IRQHandler
                0x0800516c                EXTI9_5_IRQHandler
                0x0800516c                TIM9_IRQHandler
                0x0800516c                TAMPER_STAMP_IRQHandler
                0x0800516c                RTC_WKUP_IRQHandler
                0x0800516c                SPI2_IRQHandler
                0x0800516c                MemManage_Handler
                0x0800516c                SVC_Handler
                0x0800516c                DMA2_Channel5_IRQHandler
                0x0800516c                DMA1_Channel5_IRQHandler
                0x0800516c                USB_LP_IRQHandler
                0x0800516c                EXTI4_IRQHandler
                0x0800516c                DMA1_Channel3_IRQHandler
                0x0800516c                COMP_IRQHandler
                0x0800516c                WWDG_IRQHandler
                0x0800516c                TIM2_IRQHandler
                0x0800516c                DAC_IRQHandler
                0x0800516c                EXTI1_IRQHandler
                0x0800516c                TIM11_IRQHandler
                0x0800516c                USART2_IRQHandler
                0x0800516c                I2C2_ER_IRQHandler
                0x0800516c                DMA1_Channel2_IRQHandler
                0x0800516c                FLASH_IRQHandler
                0x0800516c                BusFault_Handler
                0x0800516c                SPI3_IRQHandler
                0x0800516c                I2C1_ER_IRQHandler
                0x0800516c                DMA2_Channel3_IRQHandler
 .text.atof     0x0800516e        0x6 c:/program files (x86)/atollic/truestudio for stm32 9.0.0/armtools/bin/../lib/gcc/arm-atollic-eabi/6.3.1/../../../../arm-atollic-eabi/lib/armv7-m\libc_nano.a(lib_a-atof.o)
                0x0800516e                atof
 .text.atoi     0x08005174        0x8 c:/program files (x86)/atollic/truestudio for stm32 9.0.0/armtools/bin/../lib/gcc/arm-atollic-eabi/6.3.1/../../../../arm-atollic-eabi/lib/armv7-m\libc_nano.a(lib_a-atoi.o)
                0x08005174                atoi
 .text.__libc_init_array
                0x0800517c       0x48 c:/program files (x86)/atollic/truestudio for stm32 9.0.0/armtools/bin/../lib/gcc/arm-atollic-eabi/6.3.1/../../../../arm-atollic-eabi/lib/armv7-m\libc_nano.a(lib_a-init.o)
                0x0800517c                __libc_init_array
 .text.malloc   0x080051c4       0x10 c:/program files (x86)/atollic/truestudio for stm32 9.0.0/armtools/bin/../lib/gcc/arm-atollic-eabi/6.3.1/../../../../arm-atollic-eabi/lib/armv7-m\libc_nano.a(lib_a-malloc.o)
                0x080051c4                malloc
 .text.free     0x080051d4       0x10 c:/program files (x86)/atollic/truestudio for stm32 9.0.0/armtools/bin/../lib/gcc/arm-atollic-eabi/6.3.1/../../../../arm-atollic-eabi/lib/armv7-m\libc_nano.a(lib_a-malloc.o)
                0x080051d4                free
 .text.memset   0x080051e4       0x10 c:/program files (x86)/atollic/truestudio for stm32 9.0.0/armtools/bin/../lib/gcc/arm-atollic-eabi/6.3.1/../../../../arm-atollic-eabi/lib/armv7-m\libc_nano.a(lib_a-memset.o)
                0x080051e4                memset
 .text._free_r  0x080051f4       0x98 c:/program files (x86)/atollic/truestudio for stm32 9.0.0/armtools/bin/../lib/gcc/arm-atollic-eabi/6.3.1/../../../../arm-atollic-eabi/lib/armv7-m\libc_nano.a(lib_a-nano-freer.o)
                0x080051f4                _free_r
 .text._malloc_r
                0x0800528c       0xbc c:/program files (x86)/atollic/truestudio for stm32 9.0.0/armtools/bin/../lib/gcc/arm-atollic-eabi/6.3.1/../../../../arm-atollic-eabi/lib/armv7-m\libc_nano.a(lib_a-nano-mallocr.o)
                0x0800528c                _malloc_r
 .text._sbrk_r  0x08005348       0x20 c:/program files (x86)/atollic/truestudio for stm32 9.0.0/armtools/bin/../lib/gcc/arm-atollic-eabi/6.3.1/../../../../arm-atollic-eabi/lib/armv7-m\libc_nano.a(lib_a-sbrkr.o)
                0x08005348                _sbrk_r
 .text.snprintf
                0x08005368       0x68 c:/program files (x86)/atollic/truestudio for stm32 9.0.0/armtools/bin/../lib/gcc/arm-atollic-eabi/6.3.1/../../../../arm-atollic-eabi/lib/armv7-m\libc_nano.a(lib_a-snprintf.o)
                0x08005368                sniprintf
                0x08005368                snprintf
 .text.sprintf  0x080053d0       0x48 c:/program files (x86)/atollic/truestudio for stm32 9.0.0/armtools/bin/../lib/gcc/arm-atollic-eabi/6.3.1/../../../../arm-atollic-eabi/lib/armv7-m\libc_nano.a(lib_a-sprintf.o)
                0x080053d0                siprintf
                0x080053d0                sprintf
 .text.strcat   0x08005418       0x1e c:/program files (x86)/atollic/truestudio for stm32 9.0.0/armtools/bin/../lib/gcc/arm-atollic-eabi/6.3.1/../../../../arm-atollic-eabi/lib/armv7-m\libc_nano.a(lib_a-strcat.o)
                0x08005418                strcat
 .text.strcpy   0x08005436       0x10 c:/program files (x86)/atollic/truestudio for stm32 9.0.0/armtools/bin/../lib/gcc/arm-atollic-eabi/6.3.1/../../../../arm-atollic-eabi/lib/armv7-m\libc_nano.a(lib_a-strcpy.o)
                0x08005436                strcpy
 .text.strncmp  0x08005446       0x24 c:/program files (x86)/atollic/truestudio for stm32 9.0.0/armtools/bin/../lib/gcc/arm-atollic-eabi/6.3.1/../../../../arm-atollic-eabi/lib/armv7-m\libc_nano.a(lib_a-strncmp.o)
                0x08005446                strncmp
 .text.unlikely.sulp
                0x0800546a       0x42 c:/program files (x86)/atollic/truestudio for stm32 9.0.0/armtools/bin/../lib/gcc/arm-atollic-eabi/6.3.1/../../../../arm-atollic-eabi/lib/armv7-m\libc_nano.a(lib_a-strtod.o)
 *fill*         0x080054ac        0x4 
 .text._strtod_l
                0x080054b0      0xbf0 c:/program files (x86)/atollic/truestudio for stm32 9.0.0/armtools/bin/../lib/gcc/arm-atollic-eabi/6.3.1/../../../../arm-atollic-eabi/lib/armv7-m\libc_nano.a(lib_a-strtod.o)
                0x080054b0                _strtod_l
 .text.strtod   0x080060a0       0x24 c:/program files (x86)/atollic/truestudio for stm32 9.0.0/armtools/bin/../lib/gcc/arm-atollic-eabi/6.3.1/../../../../arm-atollic-eabi/lib/armv7-m\libc_nano.a(lib_a-strtod.o)
                0x080060a0                strtod
 .text.strtok   0x080060c4       0x54 c:/program files (x86)/atollic/truestudio for stm32 9.0.0/armtools/bin/../lib/gcc/arm-atollic-eabi/6.3.1/../../../../arm-atollic-eabi/lib/armv7-m\libc_nano.a(lib_a-strtok.o)
                0x080060c4                strtok
 .text.__strtok_r
                0x08006118       0x52 c:/program files (x86)/atollic/truestudio for stm32 9.0.0/armtools/bin/../lib/gcc/arm-atollic-eabi/6.3.1/../../../../arm-atollic-eabi/lib/armv7-m\libc_nano.a(lib_a-strtok_r.o)
                0x08006118                __strtok_r
 .text._strtol_l.isra.0
                0x0800616a      0x100 c:/program files (x86)/atollic/truestudio for stm32 9.0.0/armtools/bin/../lib/gcc/arm-atollic-eabi/6.3.1/../../../../arm-atollic-eabi/lib/armv7-m\libc_nano.a(lib_a-strtol.o)
 *fill*         0x0800626a        0x2 
 .text.strtol   0x0800626c       0x2c c:/program files (x86)/atollic/truestudio for stm32 9.0.0/armtools/bin/../lib/gcc/arm-atollic-eabi/6.3.1/../../../../arm-atollic-eabi/lib/armv7-m\libc_nano.a(lib_a-strtol.o)
                0x0800626c                strtol
 .text.rshift   0x08006298       0x6a c:/program files (x86)/atollic/truestudio for stm32 9.0.0/armtools/bin/../lib/gcc/arm-atollic-eabi/6.3.1/../../../../arm-atollic-eabi/lib/armv7-m\libc_nano.a(lib_a-gdtoa-gethex.o)
 .text.__hexdig_fun
                0x08006302       0x2a c:/program files (x86)/atollic/truestudio for stm32 9.0.0/armtools/bin/../lib/gcc/arm-atollic-eabi/6.3.1/../../../../arm-atollic-eabi/lib/armv7-m\libc_nano.a(lib_a-gdtoa-gethex.o)
                0x08006302                __hexdig_fun
 .text.__gethex
                0x0800632c      0x43e c:/program files (x86)/atollic/truestudio for stm32 9.0.0/armtools/bin/../lib/gcc/arm-atollic-eabi/6.3.1/../../../../arm-atollic-eabi/lib/armv7-m\libc_nano.a(lib_a-gdtoa-gethex.o)
                0x0800632c                __gethex
 .text.L_shift  0x0800676a       0x24 c:/program files (x86)/atollic/truestudio for stm32 9.0.0/armtools/bin/../lib/gcc/arm-atollic-eabi/6.3.1/../../../../arm-atollic-eabi/lib/armv7-m\libc_nano.a(lib_a-gdtoa-hexnan.o)
 .text.__match  0x0800678e       0x26 c:/program files (x86)/atollic/truestudio for stm32 9.0.0/armtools/bin/../lib/gcc/arm-atollic-eabi/6.3.1/../../../../arm-atollic-eabi/lib/armv7-m\libc_nano.a(lib_a-gdtoa-hexnan.o)
                0x0800678e                __match
 .text.__hexnan
                0x080067b4      0x120 c:/program files (x86)/atollic/truestudio for stm32 9.0.0/armtools/bin/../lib/gcc/arm-atollic-eabi/6.3.1/../../../../arm-atollic-eabi/lib/armv7-m\libc_nano.a(lib_a-gdtoa-hexnan.o)
                0x080067b4                __hexnan
 .text.__locale_ctype_ptr_l
                0x080068d4        0x6 c:/program files (x86)/atollic/truestudio for stm32 9.0.0/armtools/bin/../lib/gcc/arm-atollic-eabi/6.3.1/../../../../arm-atollic-eabi/lib/armv7-m\libc_nano.a(lib_a-locale.o)
                0x080068d4                __locale_ctype_ptr_l
 .text.__localeconv_l
                0x080068da        0x4 c:/program files (x86)/atollic/truestudio for stm32 9.0.0/armtools/bin/../lib/gcc/arm-atollic-eabi/6.3.1/../../../../arm-atollic-eabi/lib/armv7-m\libc_nano.a(lib_a-localeconv.o)
                0x080068da                __localeconv_l
 .text.__ascii_mbtowc
                0x080068de       0x24 c:/program files (x86)/atollic/truestudio for stm32 9.0.0/armtools/bin/../lib/gcc/arm-atollic-eabi/6.3.1/../../../../arm-atollic-eabi/lib/armv7-m\libc_nano.a(lib_a-mbtowc_r.o)
                0x080068de                __ascii_mbtowc
 .text.memcpy   0x08006902       0x16 c:/program files (x86)/atollic/truestudio for stm32 9.0.0/armtools/bin/../lib/gcc/arm-atollic-eabi/6.3.1/../../../../arm-atollic-eabi/lib/armv7-m\libc_nano.a(lib_a-memcpy-stub.o)
                0x08006902                memcpy
 .text.__malloc_lock
                0x08006918        0x2 c:/program files (x86)/atollic/truestudio for stm32 9.0.0/armtools/bin/../lib/gcc/arm-atollic-eabi/6.3.1/../../../../arm-atollic-eabi/lib/armv7-m\libc_nano.a(lib_a-mlock.o)
                0x08006918                __malloc_lock
 .text.__malloc_unlock
                0x0800691a        0x2 c:/program files (x86)/atollic/truestudio for stm32 9.0.0/armtools/bin/../lib/gcc/arm-atollic-eabi/6.3.1/../../../../arm-atollic-eabi/lib/armv7-m\libc_nano.a(lib_a-mlock.o)
                0x0800691a                __malloc_unlock
 .text._Balloc  0x0800691c       0x68 c:/program files (x86)/atollic/truestudio for stm32 9.0.0/armtools/bin/../lib/gcc/arm-atollic-eabi/6.3.1/../../../../arm-atollic-eabi/lib/armv7-m\libc_nano.a(lib_a-mprec.o)
                0x0800691c                _Balloc
 .text._Bfree   0x08006984       0x2e c:/program files (x86)/atollic/truestudio for stm32 9.0.0/armtools/bin/../lib/gcc/arm-atollic-eabi/6.3.1/../../../../arm-atollic-eabi/lib/armv7-m\libc_nano.a(lib_a-mprec.o)
                0x08006984                _Bfree
 .text.__multadd
                0x080069b2       0x76 c:/program files (x86)/atollic/truestudio for stm32 9.0.0/armtools/bin/../lib/gcc/arm-atollic-eabi/6.3.1/../../../../arm-atollic-eabi/lib/armv7-m\libc_nano.a(lib_a-mprec.o)
                0x080069b2                __multadd
 .text.__s2b    0x08006a28       0x7c c:/program files (x86)/atollic/truestudio for stm32 9.0.0/armtools/bin/../lib/gcc/arm-atollic-eabi/6.3.1/../../../../arm-atollic-eabi/lib/armv7-m\libc_nano.a(lib_a-mprec.o)
                0x08006a28                __s2b
 .text.__hi0bits
                0x08006aa4       0x3e c:/program files (x86)/atollic/truestudio for stm32 9.0.0/armtools/bin/../lib/gcc/arm-atollic-eabi/6.3.1/../../../../arm-atollic-eabi/lib/armv7-m\libc_nano.a(lib_a-mprec.o)
                0x08006aa4                __hi0bits
 .text.__lo0bits
                0x08006ae2       0x5e c:/program files (x86)/atollic/truestudio for stm32 9.0.0/armtools/bin/../lib/gcc/arm-atollic-eabi/6.3.1/../../../../arm-atollic-eabi/lib/armv7-m\libc_nano.a(lib_a-mprec.o)
                0x08006ae2                __lo0bits
 .text.__i2b    0x08006b40       0x12 c:/program files (x86)/atollic/truestudio for stm32 9.0.0/armtools/bin/../lib/gcc/arm-atollic-eabi/6.3.1/../../../../arm-atollic-eabi/lib/armv7-m\libc_nano.a(lib_a-mprec.o)
                0x08006b40                __i2b
 .text.__multiply
                0x08006b52      0x118 c:/program files (x86)/atollic/truestudio for stm32 9.0.0/armtools/bin/../lib/gcc/arm-atollic-eabi/6.3.1/../../../../arm-atollic-eabi/lib/armv7-m\libc_nano.a(lib_a-mprec.o)
                0x08006b52                __multiply
 *fill*         0x08006c6a        0x2 
 .text.__pow5mult
                0x08006c6c       0x9c c:/program files (x86)/atollic/truestudio for stm32 9.0.0/armtools/bin/../lib/gcc/arm-atollic-eabi/6.3.1/../../../../arm-atollic-eabi/lib/armv7-m\libc_nano.a(lib_a-mprec.o)
                0x08006c6c                __pow5mult
 .text.__lshift
                0x08006d08       0xa2 c:/program files (x86)/atollic/truestudio for stm32 9.0.0/armtools/bin/../lib/gcc/arm-atollic-eabi/6.3.1/../../../../arm-atollic-eabi/lib/armv7-m\libc_nano.a(lib_a-mprec.o)
                0x08006d08                __lshift
 .text.__mcmp   0x08006daa       0x34 c:/program files (x86)/atollic/truestudio for stm32 9.0.0/armtools/bin/../lib/gcc/arm-atollic-eabi/6.3.1/../../../../arm-atollic-eabi/lib/armv7-m\libc_nano.a(lib_a-mprec.o)
                0x08006daa                __mcmp
 .text.__mdiff  0x08006dde       0xbe c:/program files (x86)/atollic/truestudio for stm32 9.0.0/armtools/bin/../lib/gcc/arm-atollic-eabi/6.3.1/../../../../arm-atollic-eabi/lib/armv7-m\libc_nano.a(lib_a-mprec.o)
                0x08006dde                __mdiff
 .text.__ulp    0x08006e9c       0x48 c:/program files (x86)/atollic/truestudio for stm32 9.0.0/armtools/bin/../lib/gcc/arm-atollic-eabi/6.3.1/../../../../arm-atollic-eabi/lib/armv7-m\libc_nano.a(lib_a-mprec.o)
                0x08006e9c                __ulp
 .text.__b2d    0x08006ee4       0xa4 c:/program files (x86)/atollic/truestudio for stm32 9.0.0/armtools/bin/../lib/gcc/arm-atollic-eabi/6.3.1/../../../../arm-atollic-eabi/lib/armv7-m\libc_nano.a(lib_a-mprec.o)
                0x08006ee4                __b2d
 .text.__d2b    0x08006f88       0x9e c:/program files (x86)/atollic/truestudio for stm32 9.0.0/armtools/bin/../lib/gcc/arm-atollic-eabi/6.3.1/../../../../arm-atollic-eabi/lib/armv7-m\libc_nano.a(lib_a-mprec.o)
                0x08006f88                __d2b
 .text.__ratio  0x08007026       0x50 c:/program files (x86)/atollic/truestudio for stm32 9.0.0/armtools/bin/../lib/gcc/arm-atollic-eabi/6.3.1/../../../../arm-atollic-eabi/lib/armv7-m\libc_nano.a(lib_a-mprec.o)
                0x08007026                __ratio
 .text.__copybits
                0x08007076       0x34 c:/program files (x86)/atollic/truestudio for stm32 9.0.0/armtools/bin/../lib/gcc/arm-atollic-eabi/6.3.1/../../../../arm-atollic-eabi/lib/armv7-m\libc_nano.a(lib_a-mprec.o)
                0x08007076                __copybits
 .text.__any_on
                0x080070aa       0x42 c:/program files (x86)/atollic/truestudio for stm32 9.0.0/armtools/bin/../lib/gcc/arm-atollic-eabi/6.3.1/../../../../arm-atollic-eabi/lib/armv7-m\libc_nano.a(lib_a-mprec.o)
                0x080070aa                __any_on
 .text._calloc_r
                0x080070ec       0x1c c:/program files (x86)/atollic/truestudio for stm32 9.0.0/armtools/bin/../lib/gcc/arm-atollic-eabi/6.3.1/../../../../arm-atollic-eabi/lib/armv7-m\libc_nano.a(lib_a-nano-callocr.o)
                0x080070ec                _calloc_r
 .text.__ssputs_r
                0x08007108       0xb6 c:/program files (x86)/atollic/truestudio for stm32 9.0.0/armtools/bin/../lib/gcc/arm-atollic-eabi/6.3.1/../../../../arm-atollic-eabi/lib/armv7-m\libc_nano.a(lib_a-nano-svfprintf.o)
                0x08007108                __ssputs_r
 *fill*         0x080071be        0x2 
 .text._svfprintf_r
                0x080071c0      0x1e8 c:/program files (x86)/atollic/truestudio for stm32 9.0.0/armtools/bin/../lib/gcc/arm-atollic-eabi/6.3.1/../../../../arm-atollic-eabi/lib/armv7-m\libc_nano.a(lib_a-nano-svfprintf.o)
                0x080071c0                _svfiprintf_r
                0x080071c0                _svfprintf_r
 .text._printf_common
                0x080073a8       0xee c:/program files (x86)/atollic/truestudio for stm32 9.0.0/armtools/bin/../lib/gcc/arm-atollic-eabi/6.3.1/../../../../arm-atollic-eabi/lib/armv7-m\libc_nano.a(lib_a-nano-vfprintf_i.o)
                0x080073a8                _printf_common
 *fill*         0x08007496        0x2 
 .text._printf_i
                0x08007498      0x240 c:/program files (x86)/atollic/truestudio for stm32 9.0.0/armtools/bin/../lib/gcc/arm-atollic-eabi/6.3.1/../../../../arm-atollic-eabi/lib/armv7-m\libc_nano.a(lib_a-nano-vfprintf_i.o)
                0x08007498                _printf_i
 .text.__ascii_wctomb
                0x080076d8       0x1a c:/program files (x86)/atollic/truestudio for stm32 9.0.0/armtools/bin/../lib/gcc/arm-atollic-eabi/6.3.1/../../../../arm-atollic-eabi/lib/armv7-m\libc_nano.a(lib_a-wctomb_r.o)
                0x080076d8                __ascii_wctomb
 .text.memchr   0x080076f2       0x1c c:/program files (x86)/atollic/truestudio for stm32 9.0.0/armtools/bin/../lib/gcc/arm-atollic-eabi/6.3.1/../../../../arm-atollic-eabi/lib/armv7-m\libc_nano.a(lib_a-memchr-stub.o)
                0x080076f2                memchr
 .text.memmove  0x0800770e       0x34 c:/program files (x86)/atollic/truestudio for stm32 9.0.0/armtools/bin/../lib/gcc/arm-atollic-eabi/6.3.1/../../../../arm-atollic-eabi/lib/armv7-m\libc_nano.a(lib_a-memmove.o)
                0x0800770e                memmove
 .text._realloc_r
                0x08007742       0x4c c:/program files (x86)/atollic/truestudio for stm32 9.0.0/armtools/bin/../lib/gcc/arm-atollic-eabi/6.3.1/../../../../arm-atollic-eabi/lib/armv7-m\libc_nano.a(lib_a-nano-reallocr.o)
                0x08007742                _realloc_r
 .text._malloc_usable_size_r
                0x0800778e       0x12 c:/program files (x86)/atollic/truestudio for stm32 9.0.0/armtools/bin/../lib/gcc/arm-atollic-eabi/6.3.1/../../../../arm-atollic-eabi/lib/armv7-m\libc_nano.a(lib_a-nano-msizer.o)
                0x0800778e                _malloc_usable_size_r
 .text._sbrk    0x080077a0       0x1c c:/program files (x86)/atollic/truestudio for stm32 9.0.0/armtools/bin/../lib/gcc/arm-atollic-eabi/6.3.1/../../../../arm-atollic-eabi/lib/armv7-m\libnosys.a(sbrk.o)
                0x080077a0                _sbrk
 *(.glue_7)
 .glue_7        0x080077bc        0x0 linker stubs
 *(.glue_7t)
 .glue_7t       0x080077bc        0x0 linker stubs
 *(.eh_frame)
 .eh_frame      0x080077bc        0x0 c:/program files (x86)/atollic/truestudio for stm32 9.0.0/armtools/bin/../lib/gcc/arm-atollic-eabi/6.3.1/armv7-m/crtbegin.o
 *(.init)
 .init          0x080077bc        0x4 c:/program files (x86)/atollic/truestudio for stm32 9.0.0/armtools/bin/../lib/gcc/arm-atollic-eabi/6.3.1/armv7-m/crti.o
                0x080077bc                _init
 .init          0x080077c0        0x8 c:/program files (x86)/atollic/truestudio for stm32 9.0.0/armtools/bin/../lib/gcc/arm-atollic-eabi/6.3.1/armv7-m/crtn.o
 *(.fini)
 .fini          0x080077c8        0x4 c:/program files (x86)/atollic/truestudio for stm32 9.0.0/armtools/bin/../lib/gcc/arm-atollic-eabi/6.3.1/armv7-m/crti.o
                0x080077c8                _fini
 .fini          0x080077cc        0x8 c:/program files (x86)/atollic/truestudio for stm32 9.0.0/armtools/bin/../lib/gcc/arm-atollic-eabi/6.3.1/armv7-m/crtn.o
                0x080077d4                . = ALIGN (0x4)
                0x080077d4                _etext = .

.vfp11_veneer   0x080077d4        0x0
 .vfp11_veneer  0x080077d4        0x0 linker stubs

.v4_bx          0x080077d4        0x0
 .v4_bx         0x080077d4        0x0 linker stubs

.iplt           0x080077d4        0x0
 .iplt          0x080077d4        0x0 c:/program files (x86)/atollic/truestudio for stm32 9.0.0/armtools/bin/../lib/gcc/arm-atollic-eabi/6.3.1/armv7-m/crtbegin.o

.rodata         0x080077d8      0x3a8
                0x080077d8                . = ALIGN (0x4)
 *(.rodata)
 *(.rodata*)
 .rodata.EXE_CMD.str1.1
                0x080077d8       0x90 Src\WW_CMD.o
                                 0x97 (size before relaxing)
 .rodata.Parse_CMD.str1.1
                0x08007868        0xc Src\WW_CMD.o
 .rodata.deq.str1.1
                0x08007874        0xc Src\WW_Defs.o
                                  0x1 (size before relaxing)
 .rodata.RunMotionPlanning.str1.1
                0x08007874       0x1e Src\WW_PP.o
                                 0x1f (size before relaxing)
 .rodata.MX_I2C2_Init.str1.1
                0x08007892        0xd Src\i2c.o
 .rodata.setup.str1.1
                0x0800789f        0x7 Src\main.o
 .rodata.AHBPrescTable
                0x080078a6       0x10 Src\system_stm32l1xx.o
                0x080078a6                AHBPrescTable
 .rodata.APBPrescTable
                0x080078b6        0x8 Src\system_stm32l1xx.o
                0x080078b6                APBPrescTable
 .rodata.PLLMulTable
                0x080078be        0x9 Src\system_stm32l1xx.o
                0x080078be                PLLMulTable
 .rodata.MX_TIM2_Init.str1.1
                0x080078c7        0xd Src\tim.o
 .rodata.MX_USART1_UART_Init.str1.1
                0x080078d4        0xf Src\usart.o
 .rodata._strtod_l.str1.1
                0x080078e3        0xc c:/program files (x86)/atollic/truestudio for stm32 9.0.0/armtools/bin/../lib/gcc/arm-atollic-eabi/6.3.1/../../../../arm-atollic-eabi/lib/armv7-m\libc_nano.a(lib_a-strtod.o)
 *fill*         0x080078ef        0x1 
 .rodata.fpi.6134
                0x080078f0       0x14 c:/program files (x86)/atollic/truestudio for stm32 9.0.0/armtools/bin/../lib/gcc/arm-atollic-eabi/6.3.1/../../../../arm-atollic-eabi/lib/armv7-m\libc_nano.a(lib_a-strtod.o)
 .rodata.fpinan.6170
                0x08007904       0x14 c:/program files (x86)/atollic/truestudio for stm32 9.0.0/armtools/bin/../lib/gcc/arm-atollic-eabi/6.3.1/../../../../arm-atollic-eabi/lib/armv7-m\libc_nano.a(lib_a-strtod.o)
 .rodata.tinytens
                0x08007918       0x28 c:/program files (x86)/atollic/truestudio for stm32 9.0.0/armtools/bin/../lib/gcc/arm-atollic-eabi/6.3.1/../../../../arm-atollic-eabi/lib/armv7-m\libc_nano.a(lib_a-strtod.o)
 .rodata._setlocale_r.str1.1
                0x08007940        0x8 c:/program files (x86)/atollic/truestudio for stm32 9.0.0/armtools/bin/../lib/gcc/arm-atollic-eabi/6.3.1/../../../../arm-atollic-eabi/lib/armv7-m\libc_nano.a(lib_a-locale.o)
                                  0x9 (size before relaxing)
 .rodata.str1.1
                0x08007948        0x2 c:/program files (x86)/atollic/truestudio for stm32 9.0.0/armtools/bin/../lib/gcc/arm-atollic-eabi/6.3.1/../../../../arm-atollic-eabi/lib/armv7-m\libc_nano.a(lib_a-locale.o)
 *fill*         0x0800794a        0x6 
 .rodata.__mprec_bigtens
                0x08007950       0x28 c:/program files (x86)/atollic/truestudio for stm32 9.0.0/armtools/bin/../lib/gcc/arm-atollic-eabi/6.3.1/../../../../arm-atollic-eabi/lib/armv7-m\libc_nano.a(lib_a-mprec.o)
                0x08007950                __mprec_bigtens
 .rodata.__mprec_tens
                0x08007978       0xc8 c:/program files (x86)/atollic/truestudio for stm32 9.0.0/armtools/bin/../lib/gcc/arm-atollic-eabi/6.3.1/../../../../arm-atollic-eabi/lib/armv7-m\libc_nano.a(lib_a-mprec.o)
                0x08007978                __mprec_tens
 .rodata.p05.6052
                0x08007a40        0xc c:/program files (x86)/atollic/truestudio for stm32 9.0.0/armtools/bin/../lib/gcc/arm-atollic-eabi/6.3.1/../../../../arm-atollic-eabi/lib/armv7-m\libc_nano.a(lib_a-mprec.o)
 .rodata._svfprintf_r.str1.1
                0x08007a4c       0x11 c:/program files (x86)/atollic/truestudio for stm32 9.0.0/armtools/bin/../lib/gcc/arm-atollic-eabi/6.3.1/../../../../arm-atollic-eabi/lib/armv7-m\libc_nano.a(lib_a-nano-svfprintf.o)
 .rodata._printf_i.str1.1
                0x08007a5d       0x22 c:/program files (x86)/atollic/truestudio for stm32 9.0.0/armtools/bin/../lib/gcc/arm-atollic-eabi/6.3.1/../../../../arm-atollic-eabi/lib/armv7-m\libc_nano.a(lib_a-nano-vfprintf_i.o)
 .rodata._ctype_
                0x08007a7f      0x101 c:/program files (x86)/atollic/truestudio for stm32 9.0.0/armtools/bin/../lib/gcc/arm-atollic-eabi/6.3.1/../../../../arm-atollic-eabi/lib/armv7-m\libc_nano.a(lib_a-ctype_.o)
                0x08007a7f                _ctype_
                0x08007b80                . = ALIGN (0x4)

.rel.dyn        0x08007b80        0x0
 .rel.iplt      0x08007b80        0x0 c:/program files (x86)/atollic/truestudio for stm32 9.0.0/armtools/bin/../lib/gcc/arm-atollic-eabi/6.3.1/armv7-m/crtbegin.o

.ARM.extab
 *(.ARM.extab* .gnu.linkonce.armextab.*)

.ARM            0x08007b80        0x0
                0x08007b80                __exidx_start = .
 *(.ARM.exidx*)
                0x08007b80                __exidx_end = .

.preinit_array  0x08007b80        0x0
                0x08007b80                PROVIDE (__preinit_array_start, .)
 *(.preinit_array*)
                0x08007b80                PROVIDE (__preinit_array_end, .)

.init_array     0x08007b80        0x4
                0x08007b80                PROVIDE (__init_array_start, .)
 *(SORT(.init_array.*))
 *(.init_array*)
 .init_array    0x08007b80        0x4 c:/program files (x86)/atollic/truestudio for stm32 9.0.0/armtools/bin/../lib/gcc/arm-atollic-eabi/6.3.1/armv7-m/crtbegin.o
                0x08007b84                PROVIDE (__init_array_end, .)

.fini_array     0x08007b84        0x4
                [!provide]                PROVIDE (__fini_array_start, .)
 *(SORT(.fini_array.*))
 *(.fini_array*)
 .fini_array    0x08007b84        0x4 c:/program files (x86)/atollic/truestudio for stm32 9.0.0/armtools/bin/../lib/gcc/arm-atollic-eabi/6.3.1/armv7-m/crtbegin.o
                [!provide]                PROVIDE (__fini_array_end, .)
                0x08007b88                _sidata = LOADADDR (.data)

.data           0x20000000      0x1d8 load address 0x08007b88
                0x20000000                . = ALIGN (0x4)
                0x20000000                _sdata = .
 *(.data)
 *(.data*)
 .data.theta    0x20000000        0x4 Src\WW_PP.o
                0x20000000                theta
 .data.SystemCoreClock
                0x20000004        0x4 Src\system_stm32l1xx.o
                0x20000004                SystemCoreClock
 .data._impure_ptr
                0x20000008        0x4 c:/program files (x86)/atollic/truestudio for stm32 9.0.0/armtools/bin/../lib/gcc/arm-atollic-eabi/6.3.1/../../../../arm-atollic-eabi/lib/armv7-m\libc_nano.a(lib_a-impure.o)
                0x20000008                _impure_ptr
 .data.impure_data
                0x2000000c       0x60 c:/program files (x86)/atollic/truestudio for stm32 9.0.0/armtools/bin/../lib/gcc/arm-atollic-eabi/6.3.1/../../../../arm-atollic-eabi/lib/armv7-m\libc_nano.a(lib_a-impure.o)
 .data.__global_locale
                0x2000006c      0x16c c:/program files (x86)/atollic/truestudio for stm32 9.0.0/armtools/bin/../lib/gcc/arm-atollic-eabi/6.3.1/../../../../arm-atollic-eabi/lib/armv7-m\libc_nano.a(lib_a-locale.o)
                0x2000006c                __global_locale
                0x200001d8                . = ALIGN (0x4)
                0x200001d8                _edata = .

.igot.plt       0x200001d8        0x0 load address 0x08007d60
 .igot.plt      0x200001d8        0x0 c:/program files (x86)/atollic/truestudio for stm32 9.0.0/armtools/bin/../lib/gcc/arm-atollic-eabi/6.3.1/armv7-m/crtbegin.o
                0x200001d8                . = ALIGN (0x4)

.bss            0x200001d8      0xe28 load address 0x08007d60
                0x200001d8                _sbss = .
                0x200001d8                __bss_start__ = _sbss
 *(.bss)
 .bss           0x200001d8       0x1c c:/program files (x86)/atollic/truestudio for stm32 9.0.0/armtools/bin/../lib/gcc/arm-atollic-eabi/6.3.1/armv7-m/crtbegin.o
 *(.bss*)
 *fill*         0x200001f4        0x4 
 .bss.prevtim.7941
                0x200001f8        0x8 Src\WW_Loc.o
 .bss.BarrierCrossed
                0x20000200        0x1 Src\WW_PP.o
                0x20000200                BarrierCrossed
 .bss.running   0x20000201        0x1 Src\WW_PP.o
                0x20000201                running
 *fill*         0x20000202        0x2 
 .bss.__malloc_free_list
                0x20000204        0x4 c:/program files (x86)/atollic/truestudio for stm32 9.0.0/armtools/bin/../lib/gcc/arm-atollic-eabi/6.3.1/../../../../arm-atollic-eabi/lib/armv7-m\libc_nano.a(lib_a-nano-mallocr.o)
                0x20000204                __malloc_free_list
 .bss.__malloc_sbrk_start
                0x20000208        0x4 c:/program files (x86)/atollic/truestudio for stm32 9.0.0/armtools/bin/../lib/gcc/arm-atollic-eabi/6.3.1/../../../../arm-atollic-eabi/lib/armv7-m\libc_nano.a(lib_a-nano-mallocr.o)
                0x20000208                __malloc_sbrk_start
 .bss.heap_end.4116
                0x2000020c        0x4 c:/program files (x86)/atollic/truestudio for stm32 9.0.0/armtools/bin/../lib/gcc/arm-atollic-eabi/6.3.1/../../../../arm-atollic-eabi/lib/armv7-m\libnosys.a(sbrk.o)
 *(COMMON)
 COMMON         0x20000210        0x4 Drivers\STM32L1xx_HAL_Driver\Src\stm32l1xx_hal.o
                0x20000210                uwTick
 COMMON         0x20000214       0x68 Src\WW_CMD.o
                0x20000214                Transfer_cplt
                0x20000215                Rx_indx
                0x20000216                Rx_data
                0x20000218                Rx_Buffer
 COMMON         0x2000027c      0xa5e Src\WW_Defs.o
                0x2000027c                buildqueue
                0x200002ae                COM
                0x20000c76                deqtemp
 *fill*         0x20000cda        0x2 
 COMMON         0x20000cdc       0xb0 Src\WW_Loc.o
                0x20000cdc                right
                0x20000d34                left
 COMMON         0x20000d8c       0x4c Src\WW_PP.o
                0x20000d8c                rot
                0x20000d90                x
                0x20000dac                lin_dis
                0x20000db0                lenr
                0x20000db4                y
                0x20000dd0                dis
                0x20000dd4                len
 COMMON         0x20000dd8        0x8 Src\WW_Sen.o
                0x20000dd8                accel
 COMMON         0x20000de0       0x54 Src\i2c.o
                0x20000de0                hi2c2
 COMMON         0x20000e34      0x188 Src\tim.o
                0x20000e34                htim10
                0x20000e6c                htim5
                0x20000ea4                htim3
                0x20000edc                htim11
                0x20000f14                htim6
                0x20000f4c                htim9
                0x20000f84                htim2
 COMMON         0x20000fbc       0x40 Src\usart.o
                0x20000fbc                huart1
 COMMON         0x20000ffc        0x4 c:/program files (x86)/atollic/truestudio for stm32 9.0.0/armtools/bin/../lib/gcc/arm-atollic-eabi/6.3.1/../../../../arm-atollic-eabi/lib/armv7-m\libc_nano.a(lib_a-reent.o)
                0x20000ffc                errno
                0x20001000                . = ALIGN (0x4)
                0x20001000                _ebss = .
                0x20001000                __bss_end__ = _ebss

._user_heap_stack
                0x20001000      0x600 load address 0x08007d60
                0x20001000                . = ALIGN (0x4)
                0x20001000                PROVIDE (end, .)
                [!provide]                PROVIDE (_end, .)
                0x20001200                . = (. + _Min_Heap_Size)
 *fill*         0x20001000      0x200 
                0x20001600                . = (. + _Min_Stack_Size)
 *fill*         0x20001200      0x400 
                0x20001600                . = ALIGN (0x4)

/DISCARD/
 libc.a(*)
 libm.a(*)
 libgcc.a(*)

.ARM.attributes
                0x00000000       0x29
 *(.ARM.attributes)
 .ARM.attributes
                0x00000000       0x1d c:/program files (x86)/atollic/truestudio for stm32 9.0.0/armtools/bin/../lib/gcc/arm-atollic-eabi/6.3.1/armv7-m/crti.o
 .ARM.attributes
                0x0000001d       0x2d c:/program files (x86)/atollic/truestudio for stm32 9.0.0/armtools/bin/../lib/gcc/arm-atollic-eabi/6.3.1/armv7-m/crtbegin.o
 .ARM.attributes
                0x0000004a       0x33 Drivers\STM32L1xx_HAL_Driver\Src\stm32l1xx_hal.o
 .ARM.attributes
                0x0000007d       0x33 Drivers\STM32L1xx_HAL_Driver\Src\stm32l1xx_hal_cortex.o
 .ARM.attributes
                0x000000b0       0x33 Drivers\STM32L1xx_HAL_Driver\Src\stm32l1xx_hal_gpio.o
 .ARM.attributes
                0x000000e3       0x33 Drivers\STM32L1xx_HAL_Driver\Src\stm32l1xx_hal_i2c.o
 .ARM.attributes
                0x00000116       0x33 Drivers\STM32L1xx_HAL_Driver\Src\stm32l1xx_hal_rcc.o
 .ARM.attributes
                0x00000149       0x33 Drivers\STM32L1xx_HAL_Driver\Src\stm32l1xx_hal_tim.o
 .ARM.attributes
                0x0000017c       0x33 Drivers\STM32L1xx_HAL_Driver\Src\stm32l1xx_hal_tim_ex.o
 .ARM.attributes
                0x000001af       0x33 Drivers\STM32L1xx_HAL_Driver\Src\stm32l1xx_hal_uart.o
 .ARM.attributes
                0x000001e2       0x33 Src\WW_CMD.o
 .ARM.attributes
                0x00000215       0x33 Src\WW_Defs.o
 .ARM.attributes
                0x00000248       0x33 Src\WW_Loc.o
 .ARM.attributes
                0x0000027b       0x33 Src\WW_PP.o
 .ARM.attributes
                0x000002ae       0x33 Src\WW_Sen.o
 .ARM.attributes
                0x000002e1       0x33 Src\gpio.o
 .ARM.attributes
                0x00000314       0x33 Src\i2c.o
 .ARM.attributes
                0x00000347       0x33 Src\main.o
 .ARM.attributes
                0x0000037a       0x33 Src\pid_controller.o
 .ARM.attributes
                0x000003ad       0x33 Src\stm32l1xx_hal_msp.o
 .ARM.attributes
                0x000003e0       0x33 Src\stm32l1xx_it.o
 .ARM.attributes
                0x00000413       0x33 Src\system_stm32l1xx.o
 .ARM.attributes
                0x00000446       0x33 Src\tim.o
 .ARM.attributes
                0x00000479       0x33 Src\usart.o
 .ARM.attributes
                0x000004ac       0x21 startup\startup_stm32l152xc.o
 .ARM.attributes
                0x000004cd       0x2d c:/program files (x86)/atollic/truestudio for stm32 9.0.0/armtools/bin/../lib/gcc/arm-atollic-eabi/6.3.1/../../../../arm-atollic-eabi/lib/armv7-m\libc_nano.a(lib_a-atof.o)
 .ARM.attributes
                0x000004fa       0x2d c:/program files (x86)/atollic/truestudio for stm32 9.0.0/armtools/bin/../lib/gcc/arm-atollic-eabi/6.3.1/../../../../arm-atollic-eabi/lib/armv7-m\libc_nano.a(lib_a-atoi.o)
 .ARM.attributes
                0x00000527       0x2d c:/program files (x86)/atollic/truestudio for stm32 9.0.0/armtools/bin/../lib/gcc/arm-atollic-eabi/6.3.1/../../../../arm-atollic-eabi/lib/armv7-m\libc_nano.a(lib_a-init.o)
 .ARM.attributes
                0x00000554       0x2d c:/program files (x86)/atollic/truestudio for stm32 9.0.0/armtools/bin/../lib/gcc/arm-atollic-eabi/6.3.1/../../../../arm-atollic-eabi/lib/armv7-m\libc_nano.a(lib_a-malloc.o)
 .ARM.attributes
                0x00000581       0x2d c:/program files (x86)/atollic/truestudio for stm32 9.0.0/armtools/bin/../lib/gcc/arm-atollic-eabi/6.3.1/../../../../arm-atollic-eabi/lib/armv7-m\libc_nano.a(lib_a-memset.o)
 .ARM.attributes
                0x000005ae       0x2d c:/program files (x86)/atollic/truestudio for stm32 9.0.0/armtools/bin/../lib/gcc/arm-atollic-eabi/6.3.1/../../../../arm-atollic-eabi/lib/armv7-m\libc_nano.a(lib_a-nano-freer.o)
 .ARM.attributes
                0x000005db       0x2d c:/program files (x86)/atollic/truestudio for stm32 9.0.0/armtools/bin/../lib/gcc/arm-atollic-eabi/6.3.1/../../../../arm-atollic-eabi/lib/armv7-m\libc_nano.a(lib_a-nano-mallocr.o)
 .ARM.attributes
                0x00000608       0x2d c:/program files (x86)/atollic/truestudio for stm32 9.0.0/armtools/bin/../lib/gcc/arm-atollic-eabi/6.3.1/../../../../arm-atollic-eabi/lib/armv7-m\libc_nano.a(lib_a-sbrkr.o)
 .ARM.attributes
                0x00000635       0x2d c:/program files (x86)/atollic/truestudio for stm32 9.0.0/armtools/bin/../lib/gcc/arm-atollic-eabi/6.3.1/../../../../arm-atollic-eabi/lib/armv7-m\libc_nano.a(lib_a-snprintf.o)
 .ARM.attributes
                0x00000662       0x2d c:/program files (x86)/atollic/truestudio for stm32 9.0.0/armtools/bin/../lib/gcc/arm-atollic-eabi/6.3.1/../../../../arm-atollic-eabi/lib/armv7-m\libc_nano.a(lib_a-sprintf.o)
 .ARM.attributes
                0x0000068f       0x2d c:/program files (x86)/atollic/truestudio for stm32 9.0.0/armtools/bin/../lib/gcc/arm-atollic-eabi/6.3.1/../../../../arm-atollic-eabi/lib/armv7-m\libc_nano.a(lib_a-strcat.o)
 .ARM.attributes
                0x000006bc       0x2d c:/program files (x86)/atollic/truestudio for stm32 9.0.0/armtools/bin/../lib/gcc/arm-atollic-eabi/6.3.1/../../../../arm-atollic-eabi/lib/armv7-m\libc_nano.a(lib_a-strcpy.o)
 .ARM.attributes
                0x000006e9       0x2d c:/program files (x86)/atollic/truestudio for stm32 9.0.0/armtools/bin/../lib/gcc/arm-atollic-eabi/6.3.1/../../../../arm-atollic-eabi/lib/armv7-m\libc_nano.a(lib_a-strncmp.o)
 .ARM.attributes
                0x00000716       0x2d c:/program files (x86)/atollic/truestudio for stm32 9.0.0/armtools/bin/../lib/gcc/arm-atollic-eabi/6.3.1/../../../../arm-atollic-eabi/lib/armv7-m\libc_nano.a(lib_a-strtod.o)
 .ARM.attributes
                0x00000743       0x2d c:/program files (x86)/atollic/truestudio for stm32 9.0.0/armtools/bin/../lib/gcc/arm-atollic-eabi/6.3.1/../../../../arm-atollic-eabi/lib/armv7-m\libc_nano.a(lib_a-strtok.o)
 .ARM.attributes
                0x00000770       0x2d c:/program files (x86)/atollic/truestudio for stm32 9.0.0/armtools/bin/../lib/gcc/arm-atollic-eabi/6.3.1/../../../../arm-atollic-eabi/lib/armv7-m\libc_nano.a(lib_a-strtok_r.o)
 .ARM.attributes
                0x0000079d       0x2d c:/program files (x86)/atollic/truestudio for stm32 9.0.0/armtools/bin/../lib/gcc/arm-atollic-eabi/6.3.1/../../../../arm-atollic-eabi/lib/armv7-m\libc_nano.a(lib_a-strtol.o)
 .ARM.attributes
                0x000007ca       0x2d c:/program files (x86)/atollic/truestudio for stm32 9.0.0/armtools/bin/../lib/gcc/arm-atollic-eabi/6.3.1/../../../../arm-atollic-eabi/lib/armv7-m\libc_nano.a(lib_a-gdtoa-gethex.o)
 .ARM.attributes
                0x000007f7       0x2d c:/program files (x86)/atollic/truestudio for stm32 9.0.0/armtools/bin/../lib/gcc/arm-atollic-eabi/6.3.1/../../../../arm-atollic-eabi/lib/armv7-m\libc_nano.a(lib_a-gdtoa-hexnan.o)
 .ARM.attributes
                0x00000824       0x2d c:/program files (x86)/atollic/truestudio for stm32 9.0.0/armtools/bin/../lib/gcc/arm-atollic-eabi/6.3.1/../../../../arm-atollic-eabi/lib/armv7-m\libc_nano.a(lib_a-impure.o)
 .ARM.attributes
                0x00000851       0x2d c:/program files (x86)/atollic/truestudio for stm32 9.0.0/armtools/bin/../lib/gcc/arm-atollic-eabi/6.3.1/../../../../arm-atollic-eabi/lib/armv7-m\libc_nano.a(lib_a-locale.o)
 .ARM.attributes
                0x0000087e       0x2d c:/program files (x86)/atollic/truestudio for stm32 9.0.0/armtools/bin/../lib/gcc/arm-atollic-eabi/6.3.1/../../../../arm-atollic-eabi/lib/armv7-m\libc_nano.a(lib_a-localeconv.o)
 .ARM.attributes
                0x000008ab       0x2d c:/program files (x86)/atollic/truestudio for stm32 9.0.0/armtools/bin/../lib/gcc/arm-atollic-eabi/6.3.1/../../../../arm-atollic-eabi/lib/armv7-m\libc_nano.a(lib_a-mbtowc_r.o)
 .ARM.attributes
                0x000008d8       0x2d c:/program files (x86)/atollic/truestudio for stm32 9.0.0/armtools/bin/../lib/gcc/arm-atollic-eabi/6.3.1/../../../../arm-atollic-eabi/lib/armv7-m\libc_nano.a(lib_a-memcpy-stub.o)
 .ARM.attributes
                0x00000905       0x2d c:/program files (x86)/atollic/truestudio for stm32 9.0.0/armtools/bin/../lib/gcc/arm-atollic-eabi/6.3.1/../../../../arm-atollic-eabi/lib/armv7-m\libc_nano.a(lib_a-mlock.o)
 .ARM.attributes
                0x00000932       0x2d c:/program files (x86)/atollic/truestudio for stm32 9.0.0/armtools/bin/../lib/gcc/arm-atollic-eabi/6.3.1/../../../../arm-atollic-eabi/lib/armv7-m\libc_nano.a(lib_a-mprec.o)
 .ARM.attributes
                0x0000095f       0x2d c:/program files (x86)/atollic/truestudio for stm32 9.0.0/armtools/bin/../lib/gcc/arm-atollic-eabi/6.3.1/../../../../arm-atollic-eabi/lib/armv7-m\libc_nano.a(lib_a-nano-callocr.o)
 .ARM.attributes
                0x0000098c       0x2d c:/program files (x86)/atollic/truestudio for stm32 9.0.0/armtools/bin/../lib/gcc/arm-atollic-eabi/6.3.1/../../../../arm-atollic-eabi/lib/armv7-m\libc_nano.a(lib_a-nano-svfprintf.o)
 .ARM.attributes
                0x000009b9       0x2d c:/program files (x86)/atollic/truestudio for stm32 9.0.0/armtools/bin/../lib/gcc/arm-atollic-eabi/6.3.1/../../../../arm-atollic-eabi/lib/armv7-m\libc_nano.a(lib_a-nano-vfprintf_i.o)
 .ARM.attributes
                0x000009e6       0x2d c:/program files (x86)/atollic/truestudio for stm32 9.0.0/armtools/bin/../lib/gcc/arm-atollic-eabi/6.3.1/../../../../arm-atollic-eabi/lib/armv7-m\libc_nano.a(lib_a-reent.o)
 .ARM.attributes
                0x00000a13       0x17 c:/program files (x86)/atollic/truestudio for stm32 9.0.0/armtools/bin/../lib/gcc/arm-atollic-eabi/6.3.1/../../../../arm-atollic-eabi/lib/armv7-m\libc_nano.a(lib_a-strlen.o)
 .ARM.attributes
                0x00000a2a       0x2d c:/program files (x86)/atollic/truestudio for stm32 9.0.0/armtools/bin/../lib/gcc/arm-atollic-eabi/6.3.1/../../../../arm-atollic-eabi/lib/armv7-m\libc_nano.a(lib_a-wctomb_r.o)
 .ARM.attributes
                0x00000a57       0x2d c:/program files (x86)/atollic/truestudio for stm32 9.0.0/armtools/bin/../lib/gcc/arm-atollic-eabi/6.3.1/../../../../arm-atollic-eabi/lib/armv7-m\libc_nano.a(lib_a-ctype_.o)
 .ARM.attributes
                0x00000a84       0x2d c:/program files (x86)/atollic/truestudio for stm32 9.0.0/armtools/bin/../lib/gcc/arm-atollic-eabi/6.3.1/../../../../arm-atollic-eabi/lib/armv7-m\libc_nano.a(lib_a-memchr-stub.o)
 .ARM.attributes
                0x00000ab1       0x2d c:/program files (x86)/atollic/truestudio for stm32 9.0.0/armtools/bin/../lib/gcc/arm-atollic-eabi/6.3.1/../../../../arm-atollic-eabi/lib/armv7-m\libc_nano.a(lib_a-memmove.o)
 .ARM.attributes
                0x00000ade       0x2d c:/program files (x86)/atollic/truestudio for stm32 9.0.0/armtools/bin/../lib/gcc/arm-atollic-eabi/6.3.1/../../../../arm-atollic-eabi/lib/armv7-m\libc_nano.a(lib_a-nano-reallocr.o)
 .ARM.attributes
                0x00000b0b       0x2d c:/program files (x86)/atollic/truestudio for stm32 9.0.0/armtools/bin/../lib/gcc/arm-atollic-eabi/6.3.1/../../../../arm-atollic-eabi/lib/armv7-m\libc_nano.a(lib_a-nano-msizer.o)
 .ARM.attributes
                0x00000b38       0x1d c:/program files (x86)/atollic/truestudio for stm32 9.0.0/armtools/bin/../lib/gcc/arm-atollic-eabi/6.3.1/armv7-m\libgcc.a(_arm_addsubdf3.o)
 .ARM.attributes
                0x00000b55       0x1d c:/program files (x86)/atollic/truestudio for stm32 9.0.0/armtools/bin/../lib/gcc/arm-atollic-eabi/6.3.1/armv7-m\libgcc.a(_arm_muldivdf3.o)
 .ARM.attributes
                0x00000b72       0x1d c:/program files (x86)/atollic/truestudio for stm32 9.0.0/armtools/bin/../lib/gcc/arm-atollic-eabi/6.3.1/armv7-m\libgcc.a(_arm_cmpdf2.o)
 .ARM.attributes
                0x00000b8f       0x1d c:/program files (x86)/atollic/truestudio for stm32 9.0.0/armtools/bin/../lib/gcc/arm-atollic-eabi/6.3.1/armv7-m\libgcc.a(_arm_fixdfsi.o)
 .ARM.attributes
                0x00000bac       0x1d c:/program files (x86)/atollic/truestudio for stm32 9.0.0/armtools/bin/../lib/gcc/arm-atollic-eabi/6.3.1/armv7-m\libgcc.a(_arm_fixunsdfsi.o)
 .ARM.attributes
                0x00000bc9       0x1d c:/program files (x86)/atollic/truestudio for stm32 9.0.0/armtools/bin/../lib/gcc/arm-atollic-eabi/6.3.1/armv7-m\libgcc.a(_arm_truncdfsf2.o)
 .ARM.attributes
                0x00000be6       0x1d c:/program files (x86)/atollic/truestudio for stm32 9.0.0/armtools/bin/../lib/gcc/arm-atollic-eabi/6.3.1/armv7-m\libgcc.a(_arm_addsubsf3.o)
 .ARM.attributes
                0x00000c03       0x1d c:/program files (x86)/atollic/truestudio for stm32 9.0.0/armtools/bin/../lib/gcc/arm-atollic-eabi/6.3.1/armv7-m\libgcc.a(_arm_muldivsf3.o)
 .ARM.attributes
                0x00000c20       0x1d c:/program files (x86)/atollic/truestudio for stm32 9.0.0/armtools/bin/../lib/gcc/arm-atollic-eabi/6.3.1/armv7-m\libgcc.a(_arm_cmpsf2.o)
 .ARM.attributes
                0x00000c3d       0x1d c:/program files (x86)/atollic/truestudio for stm32 9.0.0/armtools/bin/../lib/gcc/arm-atollic-eabi/6.3.1/armv7-m\libgcc.a(_arm_fixsfsi.o)
 .ARM.attributes
                0x00000c5a       0x1d c:/program files (x86)/atollic/truestudio for stm32 9.0.0/armtools/bin/../lib/gcc/arm-atollic-eabi/6.3.1/armv7-m\libgcc.a(_arm_fixunssfsi.o)
 .ARM.attributes
                0x00000c77       0x2d c:/program files (x86)/atollic/truestudio for stm32 9.0.0/armtools/bin/../lib/gcc/arm-atollic-eabi/6.3.1/../../../../arm-atollic-eabi/lib/armv7-m\libnosys.a(sbrk.o)
 .ARM.attributes
                0x00000ca4       0x1d c:/program files (x86)/atollic/truestudio for stm32 9.0.0/armtools/bin/../lib/gcc/arm-atollic-eabi/6.3.1/armv7-m/crtn.o
OUTPUT(SysTest.elf elf32-littlearm)

.debug_info     0x00000000    0x1f06e
 .debug_info    0x00000000      0xeb7 Drivers\STM32L1xx_HAL_Driver\Src\stm32l1xx_hal.o
 .debug_info    0x00000eb7     0x16c5 Drivers\STM32L1xx_HAL_Driver\Src\stm32l1xx_hal_cortex.o
 .debug_info    0x0000257c      0xe9c Drivers\STM32L1xx_HAL_Driver\Src\stm32l1xx_hal_gpio.o
 .debug_info    0x00003418     0x35b9 Drivers\STM32L1xx_HAL_Driver\Src\stm32l1xx_hal_i2c.o
 .debug_info    0x000069d1     0x1e43 Drivers\STM32L1xx_HAL_Driver\Src\stm32l1xx_hal_rcc.o
 .debug_info    0x00008814     0x3a68 Drivers\STM32L1xx_HAL_Driver\Src\stm32l1xx_hal_tim.o
 .debug_info    0x0000c27c      0xe8a Drivers\STM32L1xx_HAL_Driver\Src\stm32l1xx_hal_tim_ex.o
 .debug_info    0x0000d106     0x19e3 Drivers\STM32L1xx_HAL_Driver\Src\stm32l1xx_hal_uart.o
 .debug_info    0x0000eae9     0x19f0 Src\WW_CMD.o
 .debug_info    0x000104d9      0xad0 Src\WW_Defs.o
 .debug_info    0x00010fa9     0x1b69 Src\WW_Loc.o
 .debug_info    0x00012b12     0x171c Src\WW_PP.o
 .debug_info    0x0001422e     0x1593 Src\WW_Sen.o
 .debug_info    0x000157c1      0xcf3 Src\gpio.o
 .debug_info    0x000164b4     0x1120 Src\i2c.o
 .debug_info    0x000175d4     0x1a63 Src\main.o
 .debug_info    0x00019037      0x573 Src\pid_controller.o
 .debug_info    0x000195aa      0xd1f Src\stm32l1xx_hal_msp.o
 .debug_info    0x0001a2c9     0x1056 Src\stm32l1xx_it.o
 .debug_info    0x0001b31f      0xc69 Src\system_stm32l1xx.o
 .debug_info    0x0001bf88     0x1e04 Src\tim.o
 .debug_info    0x0001dd8c     0x1263 Src\usart.o
 .debug_info    0x0001efef       0x7f startup\startup_stm32l152xc.o

.debug_abbrev   0x00000000     0x399c
 .debug_abbrev  0x00000000      0x2a4 Drivers\STM32L1xx_HAL_Driver\Src\stm32l1xx_hal.o
 .debug_abbrev  0x000002a4      0x386 Drivers\STM32L1xx_HAL_Driver\Src\stm32l1xx_hal_cortex.o
 .debug_abbrev  0x0000062a      0x268 Drivers\STM32L1xx_HAL_Driver\Src\stm32l1xx_hal_gpio.o
 .debug_abbrev  0x00000892      0x396 Drivers\STM32L1xx_HAL_Driver\Src\stm32l1xx_hal_i2c.o
 .debug_abbrev  0x00000c28      0x37e Drivers\STM32L1xx_HAL_Driver\Src\stm32l1xx_hal_rcc.o
 .debug_abbrev  0x00000fa6      0x394 Drivers\STM32L1xx_HAL_Driver\Src\stm32l1xx_hal_tim.o
 .debug_abbrev  0x0000133a      0x1bf Drivers\STM32L1xx_HAL_Driver\Src\stm32l1xx_hal_tim_ex.o
 .debug_abbrev  0x000014f9      0x36c Drivers\STM32L1xx_HAL_Driver\Src\stm32l1xx_hal_uart.o
 .debug_abbrev  0x00001865      0x2d5 Src\WW_CMD.o
 .debug_abbrev  0x00001b3a      0x27e Src\WW_Defs.o
 .debug_abbrev  0x00001db8      0x385 Src\WW_Loc.o
 .debug_abbrev  0x0000213d      0x27c Src\WW_PP.o
 .debug_abbrev  0x000023b9      0x2d9 Src\WW_Sen.o
 .debug_abbrev  0x00002692      0x1ec Src\gpio.o
 .debug_abbrev  0x0000287e      0x229 Src\i2c.o
 .debug_abbrev  0x00002aa7      0x2a8 Src\main.o
 .debug_abbrev  0x00002d4f      0x18a Src\pid_controller.o
 .debug_abbrev  0x00002ed9      0x200 Src\stm32l1xx_hal_msp.o
 .debug_abbrev  0x000030d9      0x1c9 Src\stm32l1xx_it.o
 .debug_abbrev  0x000032a2      0x1ca Src\system_stm32l1xx.o
 .debug_abbrev  0x0000346c      0x2ee Src\tim.o
 .debug_abbrev  0x0000375a      0x230 Src\usart.o
 .debug_abbrev  0x0000398a       0x12 startup\startup_stm32l152xc.o

.debug_loc      0x00000000     0x8c4c
 .debug_loc     0x00000000       0x6a Drivers\STM32L1xx_HAL_Driver\Src\stm32l1xx_hal.o
 .debug_loc     0x0000006a      0x48c Drivers\STM32L1xx_HAL_Driver\Src\stm32l1xx_hal_cortex.o
 .debug_loc     0x000004f6      0x2df Drivers\STM32L1xx_HAL_Driver\Src\stm32l1xx_hal_gpio.o
 .debug_loc     0x000007d5     0x25b8 Drivers\STM32L1xx_HAL_Driver\Src\stm32l1xx_hal_i2c.o
 .debug_loc     0x00002d8d      0xaf6 Drivers\STM32L1xx_HAL_Driver\Src\stm32l1xx_hal_rcc.o
 .debug_loc     0x00003883     0x2fae Drivers\STM32L1xx_HAL_Driver\Src\stm32l1xx_hal_tim.o
 .debug_loc     0x00006831       0x63 Drivers\STM32L1xx_HAL_Driver\Src\stm32l1xx_hal_tim_ex.o
 .debug_loc     0x00006894      0xdb4 Drivers\STM32L1xx_HAL_Driver\Src\stm32l1xx_hal_uart.o
 .debug_loc     0x00007648      0x486 Src\WW_CMD.o
 .debug_loc     0x00007ace       0x79 Src\WW_Defs.o
 .debug_loc     0x00007b47      0x534 Src\WW_Loc.o
 .debug_loc     0x0000807b       0x4b Src\WW_PP.o
 .debug_loc     0x000080c6      0x287 Src\WW_Sen.o
 .debug_loc     0x0000834d       0x4d Src\i2c.o
 .debug_loc     0x0000839a      0x5e8 Src\pid_controller.o
 .debug_loc     0x00008982      0x135 Src\system_stm32l1xx.o
 .debug_loc     0x00008ab7      0x148 Src\tim.o
 .debug_loc     0x00008bff       0x4d Src\usart.o

.debug_aranges  0x00000000      0xac8
 .debug_aranges
                0x00000000       0xa8 Drivers\STM32L1xx_HAL_Driver\Src\stm32l1xx_hal.o
 .debug_aranges
                0x000000a8       0xa8 Drivers\STM32L1xx_HAL_Driver\Src\stm32l1xx_hal_cortex.o
 .debug_aranges
                0x00000150       0x58 Drivers\STM32L1xx_HAL_Driver\Src\stm32l1xx_hal_gpio.o
 .debug_aranges
                0x000001a8      0x190 Drivers\STM32L1xx_HAL_Driver\Src\stm32l1xx_hal_i2c.o
 .debug_aranges
                0x00000338       0x90 Drivers\STM32L1xx_HAL_Driver\Src\stm32l1xx_hal_rcc.o
 .debug_aranges
                0x000003c8      0x218 Drivers\STM32L1xx_HAL_Driver\Src\stm32l1xx_hal_tim.o
 .debug_aranges
                0x000005e0       0x28 Drivers\STM32L1xx_HAL_Driver\Src\stm32l1xx_hal_tim_ex.o
 .debug_aranges
                0x00000608      0x108 Drivers\STM32L1xx_HAL_Driver\Src\stm32l1xx_hal_uart.o
 .debug_aranges
                0x00000710       0x38 Src\WW_CMD.o
 .debug_aranges
                0x00000748       0x40 Src\WW_Defs.o
 .debug_aranges
                0x00000788       0x78 Src\WW_Loc.o
 .debug_aranges
                0x00000800       0x28 Src\WW_PP.o
 .debug_aranges
                0x00000828       0x68 Src\WW_Sen.o
 .debug_aranges
                0x00000890       0x20 Src\gpio.o
 .debug_aranges
                0x000008b0       0x30 Src\i2c.o
 .debug_aranges
                0x000008e0       0x38 Src\main.o
 .debug_aranges
                0x00000918       0x68 Src\pid_controller.o
 .debug_aranges
                0x00000980       0x20 Src\stm32l1xx_hal_msp.o
 .debug_aranges
                0x000009a0       0x30 Src\stm32l1xx_it.o
 .debug_aranges
                0x000009d0       0x28 Src\system_stm32l1xx.o
 .debug_aranges
                0x000009f8       0x78 Src\tim.o
 .debug_aranges
                0x00000a70       0x30 Src\usart.o
 .debug_aranges
                0x00000aa0       0x28 startup\startup_stm32l152xc.o

.debug_ranges   0x00000000     0x12d8
 .debug_ranges  0x00000000       0x98 Drivers\STM32L1xx_HAL_Driver\Src\stm32l1xx_hal.o
 .debug_ranges  0x00000098      0x140 Drivers\STM32L1xx_HAL_Driver\Src\stm32l1xx_hal_cortex.o
 .debug_ranges  0x000001d8       0x68 Drivers\STM32L1xx_HAL_Driver\Src\stm32l1xx_hal_gpio.o
 .debug_ranges  0x00000240      0x418 Drivers\STM32L1xx_HAL_Driver\Src\stm32l1xx_hal_i2c.o
 .debug_ranges  0x00000658      0x2a8 Drivers\STM32L1xx_HAL_Driver\Src\stm32l1xx_hal_rcc.o
 .debug_ranges  0x00000900      0x310 Drivers\STM32L1xx_HAL_Driver\Src\stm32l1xx_hal_tim.o
 .debug_ranges  0x00000c10       0x18 Drivers\STM32L1xx_HAL_Driver\Src\stm32l1xx_hal_tim_ex.o
 .debug_ranges  0x00000c28      0x140 Drivers\STM32L1xx_HAL_Driver\Src\stm32l1xx_hal_uart.o
 .debug_ranges  0x00000d68       0xa0 Src\WW_CMD.o
 .debug_ranges  0x00000e08       0x60 Src\WW_Defs.o
 .debug_ranges  0x00000e68      0x108 Src\WW_Loc.o
 .debug_ranges  0x00000f70       0x38 Src\WW_PP.o
 .debug_ranges  0x00000fa8       0x58 Src\WW_Sen.o
 .debug_ranges  0x00001000       0x78 Src\gpio.o
 .debug_ranges  0x00001078       0x20 Src\i2c.o
 .debug_ranges  0x00001098       0x28 Src\main.o
 .debug_ranges  0x000010c0       0x58 Src\pid_controller.o
 .debug_ranges  0x00001118       0x28 Src\stm32l1xx_hal_msp.o
 .debug_ranges  0x00001140       0x20 Src\stm32l1xx_it.o
 .debug_ranges  0x00001160       0x18 Src\system_stm32l1xx.o
 .debug_ranges  0x00001178      0x100 Src\tim.o
 .debug_ranges  0x00001278       0x40 Src\usart.o
 .debug_ranges  0x000012b8       0x20 startup\startup_stm32l152xc.o

.debug_line     0x00000000     0x81a7
 .debug_line    0x00000000      0x3ed Drivers\STM32L1xx_HAL_Driver\Src\stm32l1xx_hal.o
 .debug_line    0x000003ed      0x4e4 Drivers\STM32L1xx_HAL_Driver\Src\stm32l1xx_hal_cortex.o
 .debug_line    0x000008d1      0x473 Drivers\STM32L1xx_HAL_Driver\Src\stm32l1xx_hal_gpio.o
 .debug_line    0x00000d44     0x19b1 Drivers\STM32L1xx_HAL_Driver\Src\stm32l1xx_hal_i2c.o
 .debug_line    0x000026f5      0xa34 Drivers\STM32L1xx_HAL_Driver\Src\stm32l1xx_hal_rcc.o
 .debug_line    0x00003129     0x1038 Drivers\STM32L1xx_HAL_Driver\Src\stm32l1xx_hal_tim.o
 .debug_line    0x00004161      0x344 Drivers\STM32L1xx_HAL_Driver\Src\stm32l1xx_hal_tim_ex.o
 .debug_line    0x000044a5      0xa73 Drivers\STM32L1xx_HAL_Driver\Src\stm32l1xx_hal_uart.o
 .debug_line    0x00004f18      0x4be Src\WW_CMD.o
 .debug_line    0x000053d6      0x2ce Src\WW_Defs.o
 .debug_line    0x000056a4      0x5b4 Src\WW_Loc.o
 .debug_line    0x00005c58      0x3df Src\WW_PP.o
 .debug_line    0x00006037      0x452 Src\WW_Sen.o
 .debug_line    0x00006489      0x2d4 Src\gpio.o
 .debug_line    0x0000675d      0x30b Src\i2c.o
 .debug_line    0x00006a68      0x47d Src\main.o
 .debug_line    0x00006ee5      0x1c6 Src\pid_controller.o
 .debug_line    0x000070ab      0x28e Src\stm32l1xx_hal_msp.o
 .debug_line    0x00007339      0x30f Src\stm32l1xx_it.o
 .debug_line    0x00007648      0x282 Src\system_stm32l1xx.o
 .debug_line    0x000078ca      0x52a Src\tim.o
 .debug_line    0x00007df4      0x336 Src\usart.o
 .debug_line    0x0000812a       0x7d startup\startup_stm32l152xc.o

.debug_str      0x00000000     0x3e2d
 .debug_str     0x00000000      0xba2 Drivers\STM32L1xx_HAL_Driver\Src\stm32l1xx_hal.o
                                0xc38 (size before relaxing)
 .debug_str     0x00000ba2      0x3fc Drivers\STM32L1xx_HAL_Driver\Src\stm32l1xx_hal_cortex.o
                                0xeda (size before relaxing)
 .debug_str     0x00000f9e      0x1b9 Drivers\STM32L1xx_HAL_Driver\Src\stm32l1xx_hal_gpio.o
                                0x8a6 (size before relaxing)
 .debug_str     0x00001157      0xbec Drivers\STM32L1xx_HAL_Driver\Src\stm32l1xx_hal_i2c.o
                               0x12d9 (size before relaxing)
 .debug_str     0x00001d43      0x371 Drivers\STM32L1xx_HAL_Driver\Src\stm32l1xx_hal_rcc.o
                                0xb08 (size before relaxing)
 .debug_str     0x000020b4      0xeb9 Drivers\STM32L1xx_HAL_Driver\Src\stm32l1xx_hal_tim.o
                               0x1769 (size before relaxing)
 .debug_str     0x00002f6d       0xc7 Drivers\STM32L1xx_HAL_Driver\Src\stm32l1xx_hal_tim_ex.o
                                0xab8 (size before relaxing)
 .debug_str     0x00003034      0x50a Drivers\STM32L1xx_HAL_Driver\Src\stm32l1xx_hal_uart.o
                                0xe14 (size before relaxing)
 .debug_str     0x0000353e      0x1b3 Src\WW_CMD.o
                                0xd7b (size before relaxing)
 .debug_str     0x000036f1       0x5d Src\WW_Defs.o
                                0x62e (size before relaxing)
 .debug_str     0x0000374e      0x265 Src\WW_Loc.o
                                0xf02 (size before relaxing)
 .debug_str     0x000039b3      0x104 Src\WW_PP.o
                                0xd0a (size before relaxing)
 .debug_str     0x00003ab7       0x55 Src\WW_Sen.o
                                0xe54 (size before relaxing)
 .debug_str     0x00003b0c       0x2b Src\gpio.o
                                0x759 (size before relaxing)
 .debug_str     0x00003b37       0x39 Src\i2c.o
                                0xbff (size before relaxing)
 .debug_str     0x00003b70       0xa2 Src\main.o
                               0x150d (size before relaxing)
 .debug_str     0x00003c12       0xd5 Src\pid_controller.o
                                0x321 (size before relaxing)
 .debug_str     0x00003ce7       0x28 Src\stm32l1xx_hal_msp.o
                                0xa2e (size before relaxing)
 .debug_str     0x00003d0f       0x48 Src\stm32l1xx_it.o
                                0xbf3 (size before relaxing)
 .debug_str     0x00003d57       0x5c Src\system_stm32l1xx.o
                                0x734 (size before relaxing)
 .debug_str     0x00003db3       0x60 Src\tim.o
                               0x122a (size before relaxing)
 .debug_str     0x00003e13       0x1a Src\usart.o
                                0xe9d (size before relaxing)

.comment        0x00000000       0x7c
 .comment       0x00000000       0x7c Drivers\STM32L1xx_HAL_Driver\Src\stm32l1xx_hal.o
                                 0x7d (size before relaxing)
 .comment       0x0000007c       0x7d Drivers\STM32L1xx_HAL_Driver\Src\stm32l1xx_hal_cortex.o
 .comment       0x0000007c       0x7d Drivers\STM32L1xx_HAL_Driver\Src\stm32l1xx_hal_gpio.o
 .comment       0x0000007c       0x7d Drivers\STM32L1xx_HAL_Driver\Src\stm32l1xx_hal_i2c.o
 .comment       0x0000007c       0x7d Drivers\STM32L1xx_HAL_Driver\Src\stm32l1xx_hal_rcc.o
 .comment       0x0000007c       0x7d Drivers\STM32L1xx_HAL_Driver\Src\stm32l1xx_hal_tim.o
 .comment       0x0000007c       0x7d Drivers\STM32L1xx_HAL_Driver\Src\stm32l1xx_hal_tim_ex.o
 .comment       0x0000007c       0x7d Drivers\STM32L1xx_HAL_Driver\Src\stm32l1xx_hal_uart.o
 .comment       0x0000007c       0x7d Src\WW_CMD.o
 .comment       0x0000007c       0x7d Src\WW_Defs.o
 .comment       0x0000007c       0x7d Src\WW_Loc.o
 .comment       0x0000007c       0x7d Src\WW_PP.o
 .comment       0x0000007c       0x7d Src\WW_Sen.o
 .comment       0x0000007c       0x7d Src\gpio.o
 .comment       0x0000007c       0x7d Src\i2c.o
 .comment       0x0000007c       0x7d Src\main.o
 .comment       0x0000007c       0x7d Src\pid_controller.o
 .comment       0x0000007c       0x7d Src\stm32l1xx_hal_msp.o
 .comment       0x0000007c       0x7d Src\stm32l1xx_it.o
 .comment       0x0000007c       0x7d Src\system_stm32l1xx.o
 .comment       0x0000007c       0x7d Src\tim.o
 .comment       0x0000007c       0x7d Src\usart.o

.debug_frame    0x00000000     0x2eec
 .debug_frame   0x00000000      0x164 Drivers\STM32L1xx_HAL_Driver\Src\stm32l1xx_hal.o
 .debug_frame   0x00000164      0x158 Drivers\STM32L1xx_HAL_Driver\Src\stm32l1xx_hal_cortex.o
 .debug_frame   0x000002bc       0xd8 Drivers\STM32L1xx_HAL_Driver\Src\stm32l1xx_hal_gpio.o
 .debug_frame   0x00000394      0x678 Drivers\STM32L1xx_HAL_Driver\Src\stm32l1xx_hal_i2c.o
 .debug_frame   0x00000a0c      0x160 Drivers\STM32L1xx_HAL_Driver\Src\stm32l1xx_hal_rcc.o
 .debug_frame   0x00000b6c      0x7ec Drivers\STM32L1xx_HAL_Driver\Src\stm32l1xx_hal_tim.o
 .debug_frame   0x00001358       0x38 Drivers\STM32L1xx_HAL_Driver\Src\stm32l1xx_hal_tim_ex.o
 .debug_frame   0x00001390      0x320 Drivers\STM32L1xx_HAL_Driver\Src\stm32l1xx_hal_uart.o
 .debug_frame   0x000016b0       0x98 Src\WW_CMD.o
 .debug_frame   0x00001748       0x90 Src\WW_Defs.o
 .debug_frame   0x000017d8      0x184 Src\WW_Loc.o
 .debug_frame   0x0000195c       0x50 Src\WW_PP.o
 .debug_frame   0x000019ac      0x114 Src\WW_Sen.o
 .debug_frame   0x00001ac0       0x3c Src\gpio.o
 .debug_frame   0x00001afc       0x58 Src\i2c.o
 .debug_frame   0x00001b54       0x84 Src\main.o
 .debug_frame   0x00001bd8      0x13c Src\pid_controller.o
 .debug_frame   0x00001d14       0x2c Src\stm32l1xx_hal_msp.o
 .debug_frame   0x00001d40       0x4c Src\stm32l1xx_it.o
 .debug_frame   0x00001d8c       0x38 Src\system_stm32l1xx.o
 .debug_frame   0x00001dc4      0x158 Src\tim.o
 .debug_frame   0x00001f1c       0x68 Src\usart.o
 .debug_frame   0x00001f84       0x20 c:/program files (x86)/atollic/truestudio for stm32 9.0.0/armtools/bin/../lib/gcc/arm-atollic-eabi/6.3.1/../../../../arm-atollic-eabi/lib/armv7-m\libc_nano.a(lib_a-atof.o)
 .debug_frame   0x00001fa4       0x30 c:/program files (x86)/atollic/truestudio for stm32 9.0.0/armtools/bin/../lib/gcc/arm-atollic-eabi/6.3.1/../../../../arm-atollic-eabi/lib/armv7-m\libc_nano.a(lib_a-atoi.o)
 .debug_frame   0x00001fd4       0x2c c:/program files (x86)/atollic/truestudio for stm32 9.0.0/armtools/bin/../lib/gcc/arm-atollic-eabi/6.3.1/../../../../arm-atollic-eabi/lib/armv7-m\libc_nano.a(lib_a-init.o)
 .debug_frame   0x00002000       0x30 c:/program files (x86)/atollic/truestudio for stm32 9.0.0/armtools/bin/../lib/gcc/arm-atollic-eabi/6.3.1/../../../../arm-atollic-eabi/lib/armv7-m\libc_nano.a(lib_a-malloc.o)
 .debug_frame   0x00002030       0x20 c:/program files (x86)/atollic/truestudio for stm32 9.0.0/armtools/bin/../lib/gcc/arm-atollic-eabi/6.3.1/../../../../arm-atollic-eabi/lib/armv7-m\libc_nano.a(lib_a-memset.o)
 .debug_frame   0x00002050       0x38 c:/program files (x86)/atollic/truestudio for stm32 9.0.0/armtools/bin/../lib/gcc/arm-atollic-eabi/6.3.1/../../../../arm-atollic-eabi/lib/armv7-m\libc_nano.a(lib_a-nano-freer.o)
 .debug_frame   0x00002088       0x2c c:/program files (x86)/atollic/truestudio for stm32 9.0.0/armtools/bin/../lib/gcc/arm-atollic-eabi/6.3.1/../../../../arm-atollic-eabi/lib/armv7-m\libc_nano.a(lib_a-nano-mallocr.o)
 .debug_frame   0x000020b4       0x2c c:/program files (x86)/atollic/truestudio for stm32 9.0.0/armtools/bin/../lib/gcc/arm-atollic-eabi/6.3.1/../../../../arm-atollic-eabi/lib/armv7-m\libc_nano.a(lib_a-sbrkr.o)
 .debug_frame   0x000020e0       0x7c c:/program files (x86)/atollic/truestudio for stm32 9.0.0/armtools/bin/../lib/gcc/arm-atollic-eabi/6.3.1/../../../../arm-atollic-eabi/lib/armv7-m\libc_nano.a(lib_a-snprintf.o)
 .debug_frame   0x0000215c       0x70 c:/program files (x86)/atollic/truestudio for stm32 9.0.0/armtools/bin/../lib/gcc/arm-atollic-eabi/6.3.1/../../../../arm-atollic-eabi/lib/armv7-m\libc_nano.a(lib_a-sprintf.o)
 .debug_frame   0x000021cc       0x28 c:/program files (x86)/atollic/truestudio for stm32 9.0.0/armtools/bin/../lib/gcc/arm-atollic-eabi/6.3.1/../../../../arm-atollic-eabi/lib/armv7-m\libc_nano.a(lib_a-strcat.o)