WW_Loc.c:13:6:togglePosPID	0	static
WW_Loc.c:17:6:startPosPID	0	static
WW_Loc.c:21:6:stopPosPID	0	static
WW_Loc.c:25:6:toggleServo	0	static
WW_Loc.c:36:6:initMot	64	static
WW_Loc.c:66:6:setArc	56	static
WW_Loc.c:131:6:setLin	24	static
WW_Loc.c:232:10:Get_EncoderPos	0	static
WW_Loc.c:255:10:Get_LeftEncoderPos	0	static
WW_Loc.c:259:10:Get_RightEncoderPos	0	static
WW_Loc.c:263:6:Set_MotorDir	8	static
WW_Loc.c:280:6:Set_PIDOut	32	static
WW_Loc.c:157:6:Run_PID	72	static
WW_Loc.c:342:6:Run_MotorPWM	8	static
WW_Loc.c:358:6:Stop_Motors	8	static
WW_Loc.c:378:10:map	8	static
