WW_Loc.c:12:6:togglePosPID	0	static
WW_Loc.c:16:6:startPosPID	0	static
WW_Loc.c:20:6:stopPosPID	0	static
WW_Loc.c:25:6:initMot	64	static
WW_Loc.c:55:6:setArc	56	static
WW_Loc.c:107:6:setLin	24	static
WW_Loc.c:208:10:Get_EncoderPos	0	static
WW_Loc.c:231:10:Get_LeftEncoderPos	0	static
WW_Loc.c:235:10:Get_RightEncoderPos	0	static
WW_Loc.c:239:6:Set_MotorDir	8	static
WW_Loc.c:256:6:Set_PIDOut	32	static
WW_Loc.c:133:6:Run_PID	72	static
WW_Loc.c:318:6:Run_MotorPWM	8	static
WW_Loc.c:334:6:Stop_Motors	8	static
WW_Loc.c:354:10:map	8	static
