WW_Sen.c:14:6:Ping_Ultrasonic	16	static
WW_Sen.c:21:8:Get_Ultrasonic_Reading	8	static
WW_Sen.c:27:6:initUltrasonics	16	static
WW_Sen.c:49:6:HAL_TIM_IC_CaptureCallback	8	static
WW_Sen.c:142:9:read8	40	static
WW_Sen.c:148:6:readLen	40	static
WW_Sen.c:153:6:write8	32	static
WW_Sen.c:158:9:checkIMUID	0	static
WW_Sen.c:161:6:getEuler	24	static
WW_Sen.c:173:8:GetUltrasonicY	8	static
WW_Sen.c:194:8:GetUltrasonicX	8	static
WW_Sen.c:198:6:setMode	8	static
WW_Sen.c:107:6:initIMU	8	static
WW_Sen.c:203:6:getEncB_Left_Val	0	static
WW_Sen.c:206:6:getEncB_Right_Val	0	static
